Jul  6 06:47:47 ubuntu kernel: [ 2113.735995] Under-voltage detected! (0x00050005)
Jul  6 06:47:51 ubuntu kernel: [ 2117.768003] Voltage normalised (0x00000000)
Jul  6 07:13:02 ubuntu kernel: [    0.000000] Booting Linux on physical CPU 0x0
Jul  6 07:13:02 ubuntu kernel: [    0.000000] Linux version 5.3.0-1027-raspi2 (buildd@bos02-arm64-051) (gcc version 7.5.0 (Ubuntu/Linaro 7.5.0-3ubuntu1~18.04)) #29~18.04.1-Ubuntu SMP Wed May 27 16:06:23 UTC 2020 (Ubuntu 5.3.0-1027.29~18.04.1-raspi2 5.3.18)
Jul  6 07:13:02 ubuntu kernel: [    0.000000] CPU: ARMv7 Processor [410fd034] revision 4 (ARMv7), cr=30c5383d
Jul  6 07:13:02 ubuntu kernel: [    0.000000] CPU: div instructions available: patching division code
Jul  6 07:13:02 ubuntu kernel: [    0.000000] CPU: PIPT / VIPT nonaliasing data cache, VIPT aliasing instruction cache
Jul  6 07:13:02 ubuntu kernel: [    0.000000] OF: fdt: Machine model: Raspberry Pi 3 Model B Plus Rev 1.3
Jul  6 07:13:02 ubuntu kernel: [    0.000000] Memory policy: Data cache writealloc
Jul  6 07:13:02 ubuntu kernel: [    0.000000] efi: Getting EFI parameters from FDT:
Jul  6 07:13:02 ubuntu kernel: [    0.000000] efi: UEFI not found.
Jul  6 07:13:02 ubuntu kernel: [    0.000000] cma: Reserved 8 MiB at 0x000000003ac00000
Jul  6 07:13:02 ubuntu kernel: [    0.000000] On node 0 totalpages: 242688
Jul  6 07:13:02 ubuntu kernel: [    0.000000]   DMA zone: 2304 pages used for memmap
Jul  6 07:13:02 ubuntu kernel: [    0.000000]   DMA zone: 0 pages reserved
Jul  6 07:13:02 ubuntu kernel: [    0.000000]   DMA zone: 196608 pages, LIFO batch:63
Jul  6 07:13:02 ubuntu kernel: [    0.000000]   HighMem zone: 46080 pages, LIFO batch:15
Jul  6 07:13:02 ubuntu kernel: [    0.000000] percpu: Embedded 21 pages/cpu s53900 r8192 d23924 u86016
Jul  6 07:13:02 ubuntu kernel: [    0.000000] pcpu-alloc: s53900 r8192 d23924 u86016 alloc=21*4096
Jul  6 07:13:02 ubuntu kernel: [    0.000000] pcpu-alloc: [0] 0 [0] 1 [0] 2 [0] 3 
Jul  6 07:13:02 ubuntu kernel: [    0.000000] Built 1 zonelists, mobility grouping on.  Total pages: 240384
Jul  6 07:13:02 ubuntu kernel: [    0.000000] Kernel command line: coherent_pool=1M 8250.nr_uarts=1 bcm2708_fb.fbwidth=656 bcm2708_fb.fbheight=416 bcm2708_fb.fbswap=1 vc_mem.mem_base=0x3ec00000 vc_mem.mem_size=0x40000000  net.ifnames=0 dwc_otg.lpm_enable=0 console=ttyS0,115200 console=tty1 root=LABEL=writable rootfstype=ext4 elevator=deadline rootwait fixrtc
Jul  6 07:13:02 ubuntu kernel: [    0.000000] Dentry cache hash table entries: 131072 (order: 7, 524288 bytes, linear)
Jul  6 07:13:02 ubuntu kernel: [    0.000000] Inode-cache hash table entries: 65536 (order: 6, 262144 bytes, linear)
Jul  6 07:13:02 ubuntu kernel: [    0.000000] allocated 970752 bytes of page_ext
Jul  6 07:13:02 ubuntu kernel: [    0.000000] mem auto-init: stack:off, heap alloc:off, heap free:off
Jul  6 07:13:02 ubuntu kernel: [    0.000000] software IO TLB: mapped [mem 0x2b2c8000-0x2f2c8000] (64MB)
Jul  6 07:13:02 ubuntu kernel: [    0.000000] Memory: 843300K/970752K available (12288K kernel code, 727K rwdata, 3708K rodata, 2048K init, 778K bss, 119260K reserved, 8192K cma-reserved, 176128K highmem)
Jul  6 07:13:02 ubuntu kernel: [    0.000000] random: get_random_u32 called from __kmem_cache_create+0x44/0x50c with crng_init=0
Jul  6 07:13:02 ubuntu kernel: [    0.000000] SLUB: HWalign=64, Order=0-3, MinObjects=0, CPUs=4, Nodes=1
Jul  6 07:13:02 ubuntu kernel: [    0.000000] ftrace: allocating 37314 entries in 73 pages
Jul  6 07:13:02 ubuntu kernel: [    0.000000] rcu: Hierarchical RCU implementation.
Jul  6 07:13:02 ubuntu kernel: [    0.000000] 	Tasks RCU enabled.
Jul  6 07:13:02 ubuntu kernel: [    0.000000] rcu: RCU calculated value of scheduler-enlistment delay is 25 jiffies.
Jul  6 07:13:02 ubuntu kernel: [    0.000000] NR_IRQS: 16, nr_irqs: 16, preallocated irqs: 16
Jul  6 07:13:02 ubuntu kernel: [    0.000000] arch_timer: cp15 timer(s) running at 19.20MHz (phys).
Jul  6 07:13:02 ubuntu kernel: [    0.000000] clocksource: arch_sys_counter: mask: 0xffffffffffffff max_cycles: 0x46d987e47, max_idle_ns: 440795202767 ns
Jul  6 07:13:02 ubuntu kernel: [    0.000007] sched_clock: 56 bits at 19MHz, resolution 52ns, wraps every 4398046511078ns
Jul  6 07:13:02 ubuntu kernel: [    0.000022] Switching to timer-based delay loop, resolution 52ns
Jul  6 07:13:02 ubuntu kernel: [    0.000314] Console: colour dummy device 80x30
Jul  6 07:13:02 ubuntu kernel: [    0.000967] printk: console [tty1] enabled
Jul  6 07:13:02 ubuntu kernel: [    0.001048] Calibrating delay loop (skipped), value calculated using timer frequency.. 38.40 BogoMIPS (lpj=76800)
Jul  6 07:13:02 ubuntu kernel: [    0.001097] pid_max: default: 32768 minimum: 301
Jul  6 07:13:02 ubuntu kernel: [    0.001430] LSM: Security Framework initializing
Jul  6 07:13:02 ubuntu kernel: [    0.001525] Yama: becoming mindful.
Jul  6 07:13:02 ubuntu kernel: [    0.001711] AppArmor: AppArmor initialized
Jul  6 07:13:02 ubuntu kernel: [    0.001977] Mount-cache hash table entries: 2048 (order: 1, 8192 bytes, linear)
Jul  6 07:13:02 ubuntu kernel: [    0.002026] Mountpoint-cache hash table entries: 2048 (order: 1, 8192 bytes, linear)
Jul  6 07:13:02 ubuntu kernel: [    0.003059] *** VALIDATE proc ***
Jul  6 07:13:02 ubuntu kernel: [    0.003631] Disabling memory control group subsystem
Jul  6 07:13:02 ubuntu kernel: [    0.003737] *** VALIDATE cgroup1 ***
Jul  6 07:13:02 ubuntu kernel: [    0.003767] *** VALIDATE cgroup2 ***
Jul  6 07:13:02 ubuntu kernel: [    0.003931] CPU: Testing write buffer coherency: ok
Jul  6 07:13:02 ubuntu kernel: [    0.004552] CPU0: thread -1, cpu 0, socket 0, mpidr 80000000
Jul  6 07:13:02 ubuntu kernel: [    0.005595] Setting up static identity map for 0x200000 - 0x200060
Jul  6 07:13:02 ubuntu kernel: [    0.005841] rcu: Hierarchical SRCU implementation.
Jul  6 07:13:02 ubuntu kernel: [    0.010073] EFI services will not be available.
Jul  6 07:13:02 ubuntu kernel: [    0.011037] smp: Bringing up secondary CPUs ...
Jul  6 07:13:02 ubuntu kernel: [    0.012585] CPU1: thread -1, cpu 1, socket 0, mpidr 80000001
Jul  6 07:13:02 ubuntu kernel: [    0.014544] CPU2: thread -1, cpu 2, socket 0, mpidr 80000002
Jul  6 07:13:02 ubuntu kernel: [    0.016500] CPU3: thread -1, cpu 3, socket 0, mpidr 80000003
Jul  6 07:13:02 ubuntu kernel: [    0.017023] smp: Brought up 1 node, 4 CPUs
Jul  6 07:13:02 ubuntu kernel: [    0.017119] SMP: Total of 4 processors activated (153.60 BogoMIPS).
Jul  6 07:13:02 ubuntu kernel: [    0.017148] CPU: All CPU(s) started in HYP mode.
Jul  6 07:13:02 ubuntu kernel: [    0.017173] CPU: Virtualization extensions available.
Jul  6 07:13:02 ubuntu kernel: [    0.018624] devtmpfs: initialized
Jul  6 07:13:02 ubuntu kernel: [    0.034821] VFP support v0.3: implementor 41 architecture 3 part 40 variant 3 rev 4
Jul  6 07:13:02 ubuntu kernel: [    0.035425] clocksource: jiffies: mask: 0xffffffff max_cycles: 0xffffffff, max_idle_ns: 7645041785100000 ns
Jul  6 07:13:02 ubuntu kernel: [    0.035483] futex hash table entries: 1024 (order: 4, 65536 bytes, linear)
Jul  6 07:13:02 ubuntu kernel: [    0.036501] pinctrl core: initialized pinctrl subsystem
Jul  6 07:13:02 ubuntu kernel: [    0.037300] DMI not present or invalid.
Jul  6 07:13:02 ubuntu kernel: [    0.038188] NET: Registered protocol family 16
Jul  6 07:13:02 ubuntu kernel: [    0.042595] DMA: preallocated 1024 KiB pool for atomic coherent allocations
Jul  6 07:13:02 ubuntu kernel: [    0.047538] audit: initializing netlink subsys (disabled)
Jul  6 07:13:02 ubuntu kernel: [    0.047901] audit: type=2000 audit(0.044:1): state=initialized audit_enabled=0 res=1
Jul  6 07:13:02 ubuntu kernel: [    0.048748] cpuidle: using governor ladder
Jul  6 07:13:02 ubuntu kernel: [    0.048818] cpuidle: using governor menu
Jul  6 07:13:02 ubuntu kernel: [    0.049511] No ATAGs?
Jul  6 07:13:02 ubuntu kernel: [    0.049725] hw-breakpoint: found 5 (+1 reserved) breakpoint and 4 watchpoint registers.
Jul  6 07:13:02 ubuntu kernel: [    0.049777] hw-breakpoint: maximum watchpoint size is 8 bytes.
Jul  6 07:13:02 ubuntu kernel: [    0.050195] Serial: AMBA PL011 UART driver
Jul  6 07:13:02 ubuntu kernel: [    0.055372] bcm2835-mbox 3f00b880.mailbox: mailbox enabled
Jul  6 07:13:02 ubuntu kernel: [    0.125422] bcm2835-dma 3f007000.dma: DMA legacy API manager, dmachans=0x1
Jul  6 07:13:02 ubuntu kernel: [    0.129767] SCSI subsystem initialized
Jul  6 07:13:02 ubuntu kernel: [    0.130111] libata version 3.00 loaded.
Jul  6 07:13:02 ubuntu kernel: [    0.130387] usbcore: registered new interface driver usbfs
Jul  6 07:13:02 ubuntu kernel: [    0.130488] usbcore: registered new interface driver hub
Jul  6 07:13:02 ubuntu kernel: [    0.130652] usbcore: registered new device driver usb
Jul  6 07:13:02 ubuntu kernel: [    0.131111] pps_core: LinuxPPS API ver. 1 registered
Jul  6 07:13:02 ubuntu kernel: [    0.131141] pps_core: Software ver. 5.3.6 - Copyright 2005-2007 Rodolfo Giometti <giometti@linux.it>
Jul  6 07:13:02 ubuntu kernel: [    0.131197] PTP clock support registered
Jul  6 07:13:02 ubuntu kernel: [    0.131562] EDAC MC: Ver: 3.0.0
Jul  6 07:13:02 ubuntu kernel: [    0.137014] raspberrypi-firmware soc:firmware: Attached to firmware from 2019-08-15 12:06, variant start
Jul  6 07:13:02 ubuntu kernel: [    0.140908] raspberrypi-firmware soc:firmware: Firmware hash is 0e6daa5106dd4164474616408e0dc24f997ffcf3
Jul  6 07:13:02 ubuntu kernel: [    0.146573] NetLabel: Initializing
Jul  6 07:13:02 ubuntu kernel: [    0.146603] NetLabel:  domain hash size = 128
Jul  6 07:13:02 ubuntu kernel: [    0.146628] NetLabel:  protocols = UNLABELED CIPSOv4 CALIPSO
Jul  6 07:13:02 ubuntu kernel: [    0.146747] NetLabel:  unlabeled traffic allowed by default
Jul  6 07:13:02 ubuntu kernel: [    0.148057] clocksource: Switched to clocksource arch_sys_counter
Jul  6 07:13:02 ubuntu kernel: [    0.272277] VFS: Disk quotas dquot_6.6.0
Jul  6 07:13:02 ubuntu kernel: [    0.272439] VFS: Dquot-cache hash table entries: 1024 (order 0, 4096 bytes)
Jul  6 07:13:02 ubuntu kernel: [    0.273416] AppArmor: AppArmor Filesystem Enabled
Jul  6 07:13:02 ubuntu kernel: [    0.273693] simple-framebuffer 3eaf0000.framebuffer: framebuffer at 0x3eaf0000, 0x10a800 bytes, mapped to 0x(ptrval)
Jul  6 07:13:02 ubuntu kernel: [    0.273743] simple-framebuffer 3eaf0000.framebuffer: format=a8r8g8b8, mode=656x416x32, linelength=2624
Jul  6 07:13:02 ubuntu kernel: [    0.278160] Console: switching to colour frame buffer device 82x26
Jul  6 07:13:02 ubuntu kernel: [    0.284014] simple-framebuffer 3eaf0000.framebuffer: fb0: simplefb registered!
Jul  6 07:13:02 ubuntu kernel: [    0.299753] thermal_sys: Registered thermal governor 'fair_share'
Jul  6 07:13:02 ubuntu kernel: [    0.299760] thermal_sys: Registered thermal governor 'bang_bang'
Jul  6 07:13:02 ubuntu kernel: [    0.302202] thermal_sys: Registered thermal governor 'step_wise'
Jul  6 07:13:02 ubuntu kernel: [    0.304590] thermal_sys: Registered thermal governor 'user_space'
Jul  6 07:13:02 ubuntu kernel: [    0.306863] thermal_sys: Registered thermal governor 'power_allocator'
Jul  6 07:13:02 ubuntu kernel: [    0.309775] NET: Registered protocol family 2
Jul  6 07:13:02 ubuntu kernel: [    0.315122] tcp_listen_portaddr_hash hash table entries: 512 (order: 0, 6144 bytes, linear)
Jul  6 07:13:02 ubuntu kernel: [    0.319426] TCP established hash table entries: 8192 (order: 3, 32768 bytes, linear)
Jul  6 07:13:02 ubuntu kernel: [    0.324059] TCP bind hash table entries: 8192 (order: 4, 65536 bytes, linear)
Jul  6 07:13:02 ubuntu kernel: [    0.326628] TCP: Hash tables configured (established 8192 bind 8192)
Jul  6 07:13:02 ubuntu kernel: [    0.329222] UDP hash table entries: 512 (order: 2, 16384 bytes, linear)
Jul  6 07:13:02 ubuntu kernel: [    0.331663] UDP-Lite hash table entries: 512 (order: 2, 16384 bytes, linear)
Jul  6 07:13:02 ubuntu kernel: [    0.334575] NET: Registered protocol family 1
Jul  6 07:13:02 ubuntu kernel: [    0.336995] NET: Registered protocol family 44
Jul  6 07:13:02 ubuntu kernel: [    0.339231] PCI: CLS 0 bytes, default 64
Jul  6 07:13:02 ubuntu kernel: [    0.341709] Trying to unpack rootfs image as initramfs...
Jul  6 07:13:02 ubuntu kernel: [    2.136913] Freeing initrd memory: 19816K
Jul  6 07:13:02 ubuntu kernel: [    2.139692] kvm [1]: Error, CPU 0 not supported!
Jul  6 07:13:02 ubuntu kernel: [    2.142662] hw perfevents: enabled with armv7_cortex_a7 PMU driver, 7 counters available
Jul  6 07:13:02 ubuntu kernel: [    2.151008] Initialise system trusted keyrings
Jul  6 07:13:02 ubuntu kernel: [    2.153306] Key type blacklist registered
Jul  6 07:13:02 ubuntu kernel: [    2.155839] workingset: timestamp_bits=14 max_order=18 bucket_order=4
Jul  6 07:13:02 ubuntu kernel: [    2.169770] zbud: loaded
Jul  6 07:13:02 ubuntu kernel: [    2.174810] squashfs: version 4.0 (2009/01/31) Phillip Lougher
Jul  6 07:13:02 ubuntu kernel: [    2.178681] fuse: init (API version 7.31)
Jul  6 07:13:02 ubuntu kernel: [    2.240578] Key type asymmetric registered
Jul  6 07:13:02 ubuntu kernel: [    2.242761] Asymmetric key parser 'x509' registered
Jul  6 07:13:02 ubuntu kernel: [    2.245101] bounce: pool size: 64 pages
Jul  6 07:13:02 ubuntu kernel: [    2.247209] Block layer SCSI generic (bsg) driver version 0.4 loaded (major 243)
Jul  6 07:13:02 ubuntu kernel: [    2.251585] io scheduler mq-deadline registered
Jul  6 07:13:02 ubuntu kernel: [    2.259590] bcm2708_fb soc:fb: FB found 1 display(s)
Jul  6 07:13:02 ubuntu kernel: [    2.266464] bcm2708_fb soc:fb: Registered framebuffer for display 0, size 656x416
Jul  6 07:13:02 ubuntu kernel: [    2.355379] Serial: 8250/16550 driver, 1 ports, IRQ sharing enabled
Jul  6 07:13:02 ubuntu kernel: [    2.360277] bcm2835-rng 3f104000.rng: hwrng registered
Jul  6 07:13:02 ubuntu kernel: [    2.363185] vc-mem: phys_addr:0x00000000 mem_base=0x3ec00000 mem_size:0x40000000(1024 MiB)
Jul  6 07:13:02 ubuntu kernel: [    2.368464] vc-sm: Videocore shared memory driver
Jul  6 07:13:02 ubuntu kernel: [    2.371239] gpiomem-bcm2835 3f200000.gpiomem: Initialised: Registers at 0x3f200000
Jul  6 07:13:02 ubuntu kernel: [    2.829411] loop: module loaded
Jul  6 07:13:02 ubuntu kernel: [    2.835140] spi-bcm2835 3f204000.spi: could not get clk: -517
Jul  6 07:13:02 ubuntu kernel: [    2.838387] libphy: Fixed MDIO Bus: probed
Jul  6 07:13:02 ubuntu kernel: [    2.840694] tun: Universal TUN/TAP device driver, 1.6
Jul  6 07:13:02 ubuntu kernel: [    2.843177] PPP generic driver version 2.4.2
Jul  6 07:13:02 ubuntu kernel: [    2.845731] usbcore: registered new interface driver lan78xx
Jul  6 07:13:02 ubuntu kernel: [    2.848125] usbcore: registered new interface driver smsc95xx
Jul  6 07:13:02 ubuntu kernel: [    2.850397] ehci_hcd: USB 2.0 'Enhanced' Host Controller (EHCI) Driver
Jul  6 07:13:02 ubuntu kernel: [    2.852682] ehci-pci: EHCI PCI platform driver
Jul  6 07:13:02 ubuntu kernel: [    2.854914] ohci_hcd: USB 1.1 'Open' Host Controller (OHCI) Driver
Jul  6 07:13:02 ubuntu kernel: [    2.857291] ohci-pci: OHCI PCI platform driver
Jul  6 07:13:02 ubuntu kernel: [    2.859534] uhci_hcd: USB Universal Host Controller Interface driver
Jul  6 07:13:02 ubuntu kernel: [    2.861950] dwc_otg: version 3.00a 10-AUG-2012 (platform bus)
Jul  6 07:13:02 ubuntu kernel: [    3.064806] Core Release: 2.80a
Jul  6 07:13:02 ubuntu kernel: [    3.066943] Setting default values for core params
Jul  6 07:13:02 ubuntu kernel: [    3.069124] Finished setting default values for core params
Jul  6 07:13:02 ubuntu kernel: [    3.271600] Using Buffer DMA mode
Jul  6 07:13:02 ubuntu kernel: [    3.273647] Periodic Transfer Interrupt Enhancement - disabled
Jul  6 07:13:02 ubuntu kernel: [    3.275725] Multiprocessor Interrupt Enhancement - disabled
Jul  6 07:13:02 ubuntu kernel: [    3.277791] OTG VER PARAM: 0, OTG VER FLAG: 0
Jul  6 07:13:02 ubuntu kernel: [    3.279766] Dedicated Tx FIFOs mode
Jul  6 07:13:02 ubuntu kernel: [    3.282216] WARN::dwc_otg_hcd_init:1045: FIQ DMA bounce buffers: virt = f095a000 dma = 0x00000000fad14000 len=9024
Jul  6 07:13:02 ubuntu kernel: [    3.286338] FIQ FSM acceleration enabled for :
Jul  6 07:13:02 ubuntu kernel: [    3.286338] Non-periodic Split Transactions
Jul  6 07:13:02 ubuntu kernel: [    3.286338] Periodic Split Transactions
Jul  6 07:13:02 ubuntu kernel: [    3.286338] High-Speed Isochronous Endpoints
Jul  6 07:13:02 ubuntu kernel: [    3.286338] Interrupt/Control Split Transaction hack enabled
Jul  6 07:13:02 ubuntu kernel: [    3.296416] dwc_otg: Microframe scheduler enabled
Jul  6 07:13:02 ubuntu kernel: [    3.296496] WARN::hcd_init_fiq:457: FIQ on core 1
Jul  6 07:13:02 ubuntu kernel: [    3.298515] WARN::hcd_init_fiq:458: FIQ ASM at c094f9e8 length 36
Jul  6 07:13:02 ubuntu kernel: [    3.300511] WARN::hcd_init_fiq:497: MPHI regs_base at f0810000
Jul  6 07:13:02 ubuntu kernel: [    3.302510] dwc_otg 3f980000.usb: DWC OTG Controller
Jul  6 07:13:02 ubuntu kernel: [    3.304505] dwc_otg 3f980000.usb: new USB bus registered, assigned bus number 1
Jul  6 07:13:02 ubuntu kernel: [    3.306527] dwc_otg 3f980000.usb: irq 56, io mem 0x00000000
Jul  6 07:13:02 ubuntu kernel: [    3.308514] Init: Port Power? op_state=1
Jul  6 07:13:02 ubuntu kernel: [    3.310412] Init: Power Port (0)
Jul  6 07:13:02 ubuntu kernel: [    3.312651] usb usb1: New USB device found, idVendor=1d6b, idProduct=0002, bcdDevice= 5.03
Jul  6 07:13:02 ubuntu kernel: [    3.316492] usb usb1: New USB device strings: Mfr=3, Product=2, SerialNumber=1
Jul  6 07:13:02 ubuntu kernel: [    3.318539] usb usb1: Product: DWC OTG Controller
Jul  6 07:13:02 ubuntu kernel: [    3.320569] usb usb1: Manufacturer: Linux 5.3.0-1027-raspi2 dwc_otg_hcd
Jul  6 07:13:02 ubuntu kernel: [    3.322642] usb usb1: SerialNumber: 3f980000.usb
Jul  6 07:13:02 ubuntu kernel: [    3.325487] hub 1-0:1.0: USB hub found
Jul  6 07:13:02 ubuntu kernel: [    3.327460] hub 1-0:1.0: 1 port detected
Jul  6 07:13:02 ubuntu kernel: [    3.330208] dwc_otg: FIQ enabled
Jul  6 07:13:02 ubuntu kernel: [    3.330218] dwc_otg: NAK holdoff enabled
Jul  6 07:13:02 ubuntu kernel: [    3.330227] dwc_otg: FIQ split-transaction FSM enabled
Jul  6 07:13:02 ubuntu kernel: [    3.330242] Module dwc_common_port init
Jul  6 07:13:02 ubuntu kernel: [    3.330916] mousedev: PS/2 mouse device common for all mice
Jul  6 07:13:02 ubuntu kernel: [    3.333691] i2c /dev entries driver
Jul  6 07:13:02 ubuntu kernel: [    3.339351] bcm2835-wdt bcm2835-wdt: Broadcom BCM2835 watchdog timer
Jul  6 07:13:02 ubuntu kernel: [    3.341690] device-mapper: uevent: version 1.0.3
Jul  6 07:13:02 ubuntu kernel: [    3.344151] device-mapper: ioctl: 4.40.0-ioctl (2019-01-18) initialised: dm-devel@redhat.com
Jul  6 07:13:02 ubuntu kernel: [    3.348485] bcm2835-cpufreq: min=600000 max=1400000
Jul  6 07:13:02 ubuntu kernel: [    3.353384] sdhci: Secure Digital Host Controller Interface driver
Jul  6 07:13:02 ubuntu kernel: [    3.354335] sdhci: Copyright(c) Pierre Ossman
Jul  6 07:13:02 ubuntu kernel: [    3.355585] mmc-bcm2835 3f300000.mmcnr: could not get clk, deferring probe
Jul  6 07:13:02 ubuntu kernel: [    3.356866] sdhost-bcm2835 3f202000.mmc: could not get clk, deferring probe
Jul  6 07:13:02 ubuntu kernel: [    3.357945] sdhci-pltfm: SDHCI platform and OF driver helper
Jul  6 07:13:02 ubuntu kernel: [    3.360430] ledtrig-cpu: registered to indicate activity on CPUs
Jul  6 07:13:02 ubuntu kernel: [    3.361517] hidraw: raw HID events driver (C) Jiri Kosina
Jul  6 07:13:02 ubuntu kernel: [    3.363140] vchiq: vchiq_init_state: slot_zero = (ptrval)
Jul  6 07:13:02 ubuntu kernel: [    3.365440] [vc_sm_connected_init]: start
Jul  6 07:13:02 ubuntu kernel: [    3.373858] [vc_sm_connected_init]: end - returning 0
Jul  6 07:13:02 ubuntu kernel: [    3.376266] NET: Registered protocol family 10
Jul  6 07:13:02 ubuntu kernel: [    3.397659] Segment Routing with IPv6
Jul  6 07:13:02 ubuntu kernel: [    3.398673] NET: Registered protocol family 17
Jul  6 07:13:02 ubuntu kernel: [    3.399761] Key type dns_resolver registered
Jul  6 07:13:02 ubuntu kernel: [    3.400995] Registering SWP/SWPB emulation handler
Jul  6 07:13:02 ubuntu kernel: [    3.402434] registered taskstats version 1
Jul  6 07:13:02 ubuntu kernel: [    3.403357] Loading compiled-in X.509 certificates
Jul  6 07:13:02 ubuntu kernel: [    3.411650] Loaded X.509 cert 'Build time autogenerated kernel key: 34a7d7c4e7459f348529e719408c74d628edf40f'
Jul  6 07:13:02 ubuntu kernel: [    3.413598] zswap: loaded using pool lzo/zbud
Jul  6 07:13:02 ubuntu kernel: [    3.429571] cryptd: max_cpu_qlen set to 1000
Jul  6 07:13:02 ubuntu kernel: [    3.488454] Key type big_key registered
Jul  6 07:13:02 ubuntu kernel: [    3.513336] Key type encrypted registered
Jul  6 07:13:02 ubuntu kernel: [    3.514213] AppArmor: AppArmor sha1 policy hashing enabled
Jul  6 07:13:02 ubuntu kernel: [    3.515059] ima: No TPM chip found, activating TPM-bypass!
Jul  6 07:13:02 ubuntu kernel: [    3.515894] ima: Allocated hash algorithm: sha1
Jul  6 07:13:02 ubuntu kernel: [    3.516763] No architecture policies found
Jul  6 07:13:02 ubuntu kernel: [    3.517580] evm: Initialising EVM extended attributes:
Jul  6 07:13:02 ubuntu kernel: [    3.518365] evm: security.selinux
Jul  6 07:13:02 ubuntu kernel: [    3.519127] evm: security.SMACK64
Jul  6 07:13:02 ubuntu kernel: [    3.519884] evm: security.SMACK64EXEC
Jul  6 07:13:02 ubuntu kernel: [    3.520625] evm: security.SMACK64TRANSMUTE
Jul  6 07:13:02 ubuntu kernel: [    3.521337] evm: security.SMACK64MMAP
Jul  6 07:13:02 ubuntu kernel: [    3.522028] evm: security.apparmor
Jul  6 07:13:02 ubuntu kernel: [    3.522704] evm: security.ima
Jul  6 07:13:02 ubuntu kernel: [    3.523348] evm: security.capability
Jul  6 07:13:02 ubuntu kernel: [    3.523984] evm: HMAC attrs: 0x1
Jul  6 07:13:02 ubuntu kernel: [    3.529442] uart-pl011 3f201000.serial: cts_event_workaround enabled
Jul  6 07:13:02 ubuntu kernel: [    3.530176] 3f201000.serial: ttyAMA0 at MMIO 0x3f201000 (irq = 81, base_baud = 0) is a PL011 rev2
Jul  6 07:13:02 ubuntu kernel: [    3.533596] printk: console [ttyS0] disabled
Jul  6 07:13:02 ubuntu kernel: [    3.534300] 3f215040.serial: ttyS0 at MMIO 0x0 (irq = 53, base_baud = 31250000) is a 16550
Jul  6 07:13:02 ubuntu kernel: [    3.540232] Indeed it is in host mode hprt0 = 00021501
Jul  6 07:13:02 ubuntu kernel: [    3.560187] printk: console [ttyS0] enabled
Jul  6 07:13:02 ubuntu kernel: [    3.655007] random: fast init done
Jul  6 07:13:02 ubuntu kernel: [    3.656845] bcm2835-power bcm2835-power: Broadcom BCM2835 power domains driver
Jul  6 07:13:02 ubuntu kernel: [    3.752059] usb 1-1: new high-speed USB device number 2 using dwc_otg
Jul  6 07:13:02 ubuntu kernel: [    3.758764] mmc-bcm2835 3f300000.mmcnr: mmc_debug:0 mmc_debug2:0
Jul  6 07:13:02 ubuntu kernel: [    3.764323] Indeed it is in host mode hprt0 = 00001101
Jul  6 07:13:02 ubuntu kernel: [    3.770332] mmc-bcm2835 3f300000.mmcnr: DMA channel allocated
Jul  6 07:13:02 ubuntu kernel: [    3.813692] mmc1: queuing unknown CIS tuple 0x80 (2 bytes)
Jul  6 07:13:02 ubuntu kernel: [    4.020236] usb 1-1: New USB device found, idVendor=0424, idProduct=2514, bcdDevice= b.b3
Jul  6 07:13:02 ubuntu kernel: [    4.023952] sdhost: log_buf @ (ptrval) (fad13000)
Jul  6 07:13:02 ubuntu kernel: [    4.028985] usb 1-1: New USB device strings: Mfr=0, Product=0, SerialNumber=0
Jul  6 07:13:02 ubuntu kernel: [    4.055268] mmc1: queuing unknown CIS tuple 0x80 (3 bytes)
Jul  6 07:13:02 ubuntu kernel: [    4.060489] hub 1-1:1.0: USB hub found
Jul  6 07:13:02 ubuntu kernel: [    4.071215] mmc1: queuing unknown CIS tuple 0x80 (3 bytes)
Jul  6 07:13:02 ubuntu kernel: [    4.073186] hub 1-1:1.0: 4 ports detected
Jul  6 07:13:02 ubuntu kernel: [    4.080302] mmc1: queuing unknown CIS tuple 0x80 (7 bytes)
Jul  6 07:13:02 ubuntu kernel: [    4.368055] usb 1-1.1: new high-speed USB device number 3 using dwc_otg
Jul  6 07:13:02 ubuntu kernel: [    4.384042] mmc0: sdhost-bcm2835 loaded - DMA enabled (>1)
Jul  6 07:13:02 ubuntu kernel: [    4.484215] usb 1-1.1: New USB device found, idVendor=0424, idProduct=2514, bcdDevice= b.b3
Jul  6 07:13:02 ubuntu kernel: [    4.496608] hctosys: unable to open rtc device (rtc0)
Jul  6 07:13:02 ubuntu kernel: [    4.500042] usb 1-1.1: New USB device strings: Mfr=0, Product=0, SerialNumber=0
Jul  6 07:13:02 ubuntu kernel: [    4.506642] of_cfs_init
Jul  6 07:13:02 ubuntu kernel: [    4.512573] hub 1-1.1:1.0: USB hub found
Jul  6 07:13:02 ubuntu kernel: [    4.517271] of_cfs_init: OK
Jul  6 07:13:02 ubuntu kernel: [    4.524648] hub 1-1.1:1.0: 3 ports detected
Jul  6 07:13:02 ubuntu kernel: [    4.559282] mmc1: new high speed SDIO card at address 0001
Jul  6 07:13:02 ubuntu kernel: [    4.989530] Freeing unused kernel memory: 2048K
Jul  6 07:13:02 ubuntu kernel: [    4.995624] Checked W+X mappings: passed, no W+X pages found
Jul  6 07:13:02 ubuntu kernel: [    5.002339] Run /init as init process
Jul  6 07:13:02 ubuntu kernel: [    5.007124] mmc0: host does not support reading read-only switch, assuming write-enable
Jul  6 07:13:02 ubuntu kernel: [    5.023772] mmc0: new high speed SDHC card at address aaaa
Jul  6 07:13:02 ubuntu kernel: [    5.031683] mmcblk0: mmc0:aaaa SC32G 29.7 GiB
Jul  6 07:13:02 ubuntu kernel: [    5.041641]  mmcblk0: p1 p2
Jul  6 07:13:02 ubuntu kernel: [    5.071593] random: systemd-udevd: uninitialized urandom read (16 bytes read)
Jul  6 07:13:02 ubuntu kernel: [    5.075559] random: udevadm: uninitialized urandom read (16 bytes read)
Jul  6 07:13:02 ubuntu kernel: [    5.080462] random: systemd-udevd: uninitialized urandom read (16 bytes read)
Jul  6 07:13:02 ubuntu kernel: [    5.152141] usb 1-1.1.1: new high-speed USB device number 4 using dwc_otg
Jul  6 07:13:02 ubuntu kernel: [    5.260426] usb 1-1.1.1: New USB device found, idVendor=0424, idProduct=7800, bcdDevice= 3.00
Jul  6 07:13:02 ubuntu kernel: [    5.270963] usb 1-1.1.1: New USB device strings: Mfr=0, Product=0, SerialNumber=0
Jul  6 07:13:02 ubuntu kernel: [    5.544468] lan78xx 1-1.1.1:1.0 (unnamed net_device) (uninitialized): No External EEPROM. Setting MAC Speed
Jul  6 07:13:02 ubuntu kernel: [    5.557237] libphy: lan78xx-mdiobus: probed
Jul  6 07:13:02 ubuntu kernel: [    5.570556] lan78xx 1-1.1.1:1.0 (unnamed net_device) (uninitialized): int urb period 64
Jul  6 07:13:02 ubuntu kernel: [    5.667157] usb_phy_generic phy: phy supply vcc not found, using dummy regulator
Jul  6 07:13:02 ubuntu kernel: [    8.024056] raid6: neonx8   gen()  1462 MB/s
Jul  6 07:13:02 ubuntu kernel: [    8.076051] raid6: neonx8   xor()  1231 MB/s
Jul  6 07:13:02 ubuntu kernel: [    8.128040] raid6: neonx4   gen()  1467 MB/s
Jul  6 07:13:02 ubuntu kernel: [    8.180059] raid6: neonx4   xor()  1288 MB/s
Jul  6 07:13:02 ubuntu kernel: [    8.232067] raid6: neonx2   gen()  1216 MB/s
Jul  6 07:13:02 ubuntu kernel: [    8.284052] raid6: neonx2   xor()  1227 MB/s
Jul  6 07:13:02 ubuntu kernel: [    8.336041] raid6: neonx1   gen()   798 MB/s
Jul  6 07:13:02 ubuntu kernel: [    8.388051] raid6: neonx1   xor()   903 MB/s
Jul  6 07:13:02 ubuntu kernel: [    8.440191] raid6: int32x8  gen()   394 MB/s
Jul  6 07:13:02 ubuntu kernel: [    8.492082] raid6: int32x8  xor()   301 MB/s
Jul  6 07:13:02 ubuntu kernel: [    8.544171] raid6: int32x4  gen()   388 MB/s
Jul  6 07:13:02 ubuntu kernel: [    8.596107] raid6: int32x4  xor()   343 MB/s
Jul  6 07:13:02 ubuntu kernel: [    8.648135] raid6: int32x2  gen()   346 MB/s
Jul  6 07:13:02 ubuntu kernel: [    8.700053] raid6: int32x2  xor()   320 MB/s
Jul  6 07:13:02 ubuntu kernel: [    8.752109] raid6: int32x1  gen()   251 MB/s
Jul  6 07:13:02 ubuntu kernel: [    8.804136] raid6: int32x1  xor()   268 MB/s
Jul  6 07:13:02 ubuntu kernel: [    8.809323] raid6: using algorithm neonx4 gen() 1467 MB/s
Jul  6 07:13:02 ubuntu kernel: [    8.815632] raid6: .... xor() 1288 MB/s, rmw enabled
Jul  6 07:13:02 ubuntu kernel: [    8.821477] raid6: using neon recovery algorithm
Jul  6 07:13:02 ubuntu kernel: [    8.840416] xor: measuring software checksum speed
Jul  6 07:13:02 ubuntu kernel: [    8.884043]    arm4regs  :  2145.000 MB/sec
Jul  6 07:13:02 ubuntu kernel: [    8.928037]    8regs     :  1598.000 MB/sec
Jul  6 07:13:02 ubuntu kernel: [    8.972038]    32regs    :  1597.000 MB/sec
Jul  6 07:13:02 ubuntu kernel: [    9.016036]    neon      :  2550.000 MB/sec
Jul  6 07:13:02 ubuntu kernel: [    9.020893] xor: using function: neon (2550.000 MB/sec)
Jul  6 07:13:02 ubuntu kernel: [    9.031617] async_tx: api initialized (async)
Jul  6 07:13:02 ubuntu kernel: [    9.297955] Btrfs loaded, crc32c=crc32c-arm-ce
Jul  6 07:13:02 ubuntu kernel: [    9.618165] EXT4-fs (mmcblk0p2): INFO: recovery required on readonly filesystem
Jul  6 07:13:02 ubuntu kernel: [    9.626589] EXT4-fs (mmcblk0p2): write access will be enabled during recovery
Jul  6 07:13:02 ubuntu kernel: [    9.740471] EXT4-fs (mmcblk0p2): recovery complete
Jul  6 07:13:02 ubuntu kernel: [    9.750333] EXT4-fs (mmcblk0p2): mounted filesystem with ordered data mode. Opts: (null)
Jul  6 07:13:02 ubuntu kernel: [   11.832249] EXT4-fs (mmcblk0p2): re-mounted. Opts: (null)
Jul  6 07:13:02 ubuntu kernel: [   11.852731] Loading iSCSI transport class v2.0-870.
Jul  6 07:13:02 ubuntu kernel: [   11.973651] iscsi: registered transport (tcp)
Jul  6 07:13:02 ubuntu kernel: [   13.088289] mc: Linux media interface: v0.10
Jul  6 07:13:02 ubuntu kernel: [   13.127805] videodev: Linux video capture interface: v2.00
Jul  6 07:13:02 ubuntu kernel: [   13.189899] vc_sm_cma: module is from the staging directory, the quality is unknown, you have been warned.
Jul  6 07:13:02 ubuntu kernel: [   13.190047] vc_sm_cma: module verification failed: signature and/or required key missing - tainting kernel
Jul  6 07:13:02 ubuntu kernel: [   13.191297] bcm2835_mmal_vchiq: module is from the staging directory, the quality is unknown, you have been warned.
Jul  6 07:13:02 ubuntu kernel: [   13.197752] bcm2835_v4l2: module is from the staging directory, the quality is unknown, you have been warned.
Jul  6 07:13:02 ubuntu kernel: [   13.371848] cfg80211: Loading compiled-in X.509 certificates for regulatory database
Jul  6 07:13:02 ubuntu kernel: [   13.399866] cfg80211: Loaded X.509 cert 'sforshee: 00b28ddf47aef9cea7'
Jul  6 07:13:02 ubuntu kernel: [   13.484485] brcmfmac: F1 signature read @0x18000000=0x15264345
Jul  6 07:13:02 ubuntu kernel: [   13.490061] platform regulatory.0: Direct firmware load for regulatory.db failed with error -2
Jul  6 07:13:02 ubuntu kernel: [   13.490080] cfg80211: failed to load regulatory.db
Jul  6 07:13:02 ubuntu kernel: [   13.498391] brcmfmac: brcmf_fw_alloc_request: using brcm/brcmfmac43455-sdio for chip BCM4345/6
Jul  6 07:13:02 ubuntu kernel: [   13.513419] usbcore: registered new interface driver brcmfmac
Jul  6 07:13:02 ubuntu kernel: [   13.558041] brcmfmac mmc1:0001:1: Direct firmware load for brcm/brcmfmac43455-sdio.raspberrypi,3-model-b-plus.txt failed with error -2
Jul  6 07:13:02 ubuntu kernel: [   13.605207] Bluetooth: Core ver 2.22
Jul  6 07:13:02 ubuntu kernel: [   13.605347] NET: Registered protocol family 31
Jul  6 07:13:02 ubuntu kernel: [   13.605352] Bluetooth: HCI device and connection manager initialized
Jul  6 07:13:02 ubuntu kernel: [   13.605375] Bluetooth: HCI socket layer initialized
Jul  6 07:13:02 ubuntu kernel: [   13.605385] Bluetooth: L2CAP socket layer initialized
Jul  6 07:13:02 ubuntu kernel: [   13.605495] Bluetooth: SCO socket layer initialized
Jul  6 07:13:02 ubuntu kernel: [   13.725991] brcmfmac: brcmf_fw_alloc_request: using brcm/brcmfmac43455-sdio for chip BCM4345/6
Jul  6 07:13:02 ubuntu kernel: [   13.789376] brcmfmac: brcmf_c_preinit_dcmds: Firmware: BCM4345/6 wl0: Mar  1 2015 07:29:38 version 7.45.18 (r538002) FWID 01-6a2c8ad4
Jul  6 07:13:02 ubuntu kernel: [   13.842756] random: crng init done
Jul  6 07:13:02 ubuntu kernel: [   13.842772] random: 7 urandom warning(s) missed due to ratelimiting
Jul  6 07:13:02 ubuntu kernel: [   16.790251] brcmfmac: power management disabled
Jul  6 07:13:02 ubuntu kernel: [   17.886194] audit: type=1400 audit(1580755603.315:2): apparmor="STATUS" operation="profile_load" profile="unconfined" name="/usr/bin/man" pid=1237 comm="apparmor_parser"
Jul  6 07:13:02 ubuntu kernel: [   17.886217] audit: type=1400 audit(1580755603.315:3): apparmor="STATUS" operation="profile_load" profile="unconfined" name="man_filter" pid=1237 comm="apparmor_parser"
Jul  6 07:13:02 ubuntu kernel: [   17.886231] audit: type=1400 audit(1580755603.315:4): apparmor="STATUS" operation="profile_load" profile="unconfined" name="man_groff" pid=1237 comm="apparmor_parser"
Jul  6 07:13:02 ubuntu kernel: [   17.899745] audit: type=1400 audit(1580755603.327:5): apparmor="STATUS" operation="profile_load" profile="unconfined" name="lxc-container-default" pid=1234 comm="apparmor_parser"
Jul  6 07:13:02 ubuntu kernel: [   17.899771] audit: type=1400 audit(1580755603.327:6): apparmor="STATUS" operation="profile_load" profile="unconfined" name="lxc-container-default-cgns" pid=1234 comm="apparmor_parser"
Jul  6 07:13:02 ubuntu kernel: [   17.899786] audit: type=1400 audit(1580755603.327:7): apparmor="STATUS" operation="profile_load" profile="unconfined" name="lxc-container-default-with-mounting" pid=1234 comm="apparmor_parser"
Jul  6 07:13:02 ubuntu kernel: [   17.899800] audit: type=1400 audit(1580755603.327:8): apparmor="STATUS" operation="profile_load" profile="unconfined" name="lxc-container-default-with-nesting" pid=1234 comm="apparmor_parser"
Jul  6 07:13:02 ubuntu kernel: [   17.900515] audit: type=1400 audit(1580755603.331:9): apparmor="STATUS" operation="profile_load" profile="unconfined" name="/usr/bin/lxc-start" pid=1236 comm="apparmor_parser"
Jul  6 07:13:02 ubuntu kernel: [   17.902341] audit: type=1400 audit(1580755603.331:10): apparmor="STATUS" operation="profile_load" profile="unconfined" name="/sbin/dhclient" pid=1235 comm="apparmor_parser"
Jul  6 07:13:02 ubuntu kernel: [   17.902373] audit: type=1400 audit(1580755603.331:11): apparmor="STATUS" operation="profile_load" profile="unconfined" name="/usr/lib/NetworkManager/nm-dhcp-client.action" pid=1235 comm="apparmor_parser"
Jul  6 07:13:02 ubuntu kernel: [   22.867629] IPv6: ADDRCONF(NETDEV_CHANGE): wlan0: link becomes ready
Jul  6 07:13:02 ubuntu kernel: [   24.934239] new mount options do not match the existing superblock, will be ignored
Jul  6 07:13:06 ubuntu kernel: [   29.051439] aufs 4.x-rcN-20190805
Jul  6 07:13:08 ubuntu kernel: [   30.997197] kauditd_printk_skb: 5 callbacks suppressed
Jul  6 07:13:08 ubuntu kernel: [   30.997204] audit: type=1400 audit(1594019588.637:17): apparmor="STATUS" operation="profile_load" profile="unconfined" name="docker-default" pid=1512 comm="apparmor_parser"
Jul  6 07:13:09 ubuntu kernel: [   31.869520] bridge: filtering via arp/ip/ip6tables is no longer available by default. Update your scripts to load br_netfilter if you need this.
Jul  6 07:13:09 ubuntu kernel: [   31.880267] Bridge firewalling registered
Jul  6 07:13:09 ubuntu kernel: [   31.930288] bpfilter: Loaded bpfilter_umh pid 1528
Jul  6 07:13:10 ubuntu kernel: [   32.376182] Initializing XFRM netlink socket
Jul  6 08:07:43 ubuntu kernel: [    0.000000] Booting Linux on physical CPU 0x0
Jul  6 08:07:43 ubuntu kernel: [    0.000000] Linux version 5.3.0-1027-raspi2 (buildd@bos02-arm64-051) (gcc version 7.5.0 (Ubuntu/Linaro 7.5.0-3ubuntu1~18.04)) #29~18.04.1-Ubuntu SMP Wed May 27 16:06:23 UTC 2020 (Ubuntu 5.3.0-1027.29~18.04.1-raspi2 5.3.18)
Jul  6 08:07:43 ubuntu kernel: [    0.000000] CPU: ARMv7 Processor [410fd034] revision 4 (ARMv7), cr=30c5383d
Jul  6 08:07:43 ubuntu kernel: [    0.000000] CPU: div instructions available: patching division code
Jul  6 08:07:43 ubuntu kernel: [    0.000000] CPU: PIPT / VIPT nonaliasing data cache, VIPT aliasing instruction cache
Jul  6 08:07:43 ubuntu kernel: [    0.000000] OF: fdt: Machine model: Raspberry Pi 3 Model B Plus Rev 1.3
Jul  6 08:07:43 ubuntu kernel: [    0.000000] Memory policy: Data cache writealloc
Jul  6 08:07:43 ubuntu kernel: [    0.000000] efi: Getting EFI parameters from FDT:
Jul  6 08:07:43 ubuntu kernel: [    0.000000] efi: UEFI not found.
Jul  6 08:07:43 ubuntu kernel: [    0.000000] cma: Reserved 8 MiB at 0x000000003ac00000
Jul  6 08:07:43 ubuntu kernel: [    0.000000] On node 0 totalpages: 242688
Jul  6 08:07:43 ubuntu kernel: [    0.000000]   DMA zone: 2304 pages used for memmap
Jul  6 08:07:43 ubuntu kernel: [    0.000000]   DMA zone: 0 pages reserved
Jul  6 08:07:43 ubuntu kernel: [    0.000000]   DMA zone: 196608 pages, LIFO batch:63
Jul  6 08:07:43 ubuntu kernel: [    0.000000]   HighMem zone: 46080 pages, LIFO batch:15
Jul  6 08:07:43 ubuntu kernel: [    0.000000] percpu: Embedded 21 pages/cpu s53900 r8192 d23924 u86016
Jul  6 08:07:43 ubuntu kernel: [    0.000000] pcpu-alloc: s53900 r8192 d23924 u86016 alloc=21*4096
Jul  6 08:07:43 ubuntu kernel: [    0.000000] pcpu-alloc: [0] 0 [0] 1 [0] 2 [0] 3 
Jul  6 08:07:43 ubuntu kernel: [    0.000000] Built 1 zonelists, mobility grouping on.  Total pages: 240384
Jul  6 08:07:43 ubuntu kernel: [    0.000000] Kernel command line: coherent_pool=1M 8250.nr_uarts=1 bcm2708_fb.fbwidth=656 bcm2708_fb.fbheight=416 bcm2708_fb.fbswap=1 vc_mem.mem_base=0x3ec00000 vc_mem.mem_size=0x40000000  net.ifnames=0 dwc_otg.lpm_enable=0 console=ttyS0,115200 console=tty1 root=LABEL=writable rootfstype=ext4 elevator=deadline rootwait fixrtc
Jul  6 08:07:43 ubuntu kernel: [    0.000000] Dentry cache hash table entries: 131072 (order: 7, 524288 bytes, linear)
Jul  6 08:07:43 ubuntu kernel: [    0.000000] Inode-cache hash table entries: 65536 (order: 6, 262144 bytes, linear)
Jul  6 08:07:43 ubuntu kernel: [    0.000000] allocated 970752 bytes of page_ext
Jul  6 08:07:43 ubuntu kernel: [    0.000000] mem auto-init: stack:off, heap alloc:off, heap free:off
Jul  6 08:07:43 ubuntu kernel: [    0.000000] software IO TLB: mapped [mem 0x2b2c8000-0x2f2c8000] (64MB)
Jul  6 08:07:43 ubuntu kernel: [    0.000000] Memory: 843300K/970752K available (12288K kernel code, 727K rwdata, 3708K rodata, 2048K init, 778K bss, 119260K reserved, 8192K cma-reserved, 176128K highmem)
Jul  6 08:07:43 ubuntu kernel: [    0.000000] random: get_random_u32 called from __kmem_cache_create+0x44/0x50c with crng_init=0
Jul  6 08:07:43 ubuntu kernel: [    0.000000] SLUB: HWalign=64, Order=0-3, MinObjects=0, CPUs=4, Nodes=1
Jul  6 08:07:43 ubuntu kernel: [    0.000000] ftrace: allocating 37314 entries in 73 pages
Jul  6 08:07:43 ubuntu kernel: [    0.000000] rcu: Hierarchical RCU implementation.
Jul  6 08:07:43 ubuntu kernel: [    0.000000] 	Tasks RCU enabled.
Jul  6 08:07:43 ubuntu kernel: [    0.000000] rcu: RCU calculated value of scheduler-enlistment delay is 25 jiffies.
Jul  6 08:07:43 ubuntu kernel: [    0.000000] NR_IRQS: 16, nr_irqs: 16, preallocated irqs: 16
Jul  6 08:07:43 ubuntu kernel: [    0.000000] arch_timer: cp15 timer(s) running at 19.20MHz (phys).
Jul  6 08:07:43 ubuntu kernel: [    0.000000] clocksource: arch_sys_counter: mask: 0xffffffffffffff max_cycles: 0x46d987e47, max_idle_ns: 440795202767 ns
Jul  6 08:07:43 ubuntu kernel: [    0.000006] sched_clock: 56 bits at 19MHz, resolution 52ns, wraps every 4398046511078ns
Jul  6 08:07:43 ubuntu kernel: [    0.000021] Switching to timer-based delay loop, resolution 52ns
Jul  6 08:07:43 ubuntu kernel: [    0.000310] Console: colour dummy device 80x30
Jul  6 08:07:43 ubuntu kernel: [    0.000965] printk: console [tty1] enabled
Jul  6 08:07:43 ubuntu kernel: [    0.001046] Calibrating delay loop (skipped), value calculated using timer frequency.. 38.40 BogoMIPS (lpj=76800)
Jul  6 08:07:43 ubuntu kernel: [    0.001096] pid_max: default: 32768 minimum: 301
Jul  6 08:07:43 ubuntu kernel: [    0.001429] LSM: Security Framework initializing
Jul  6 08:07:43 ubuntu kernel: [    0.001524] Yama: becoming mindful.
Jul  6 08:07:43 ubuntu kernel: [    0.001708] AppArmor: AppArmor initialized
Jul  6 08:07:43 ubuntu kernel: [    0.001973] Mount-cache hash table entries: 2048 (order: 1, 8192 bytes, linear)
Jul  6 08:07:43 ubuntu kernel: [    0.002021] Mountpoint-cache hash table entries: 2048 (order: 1, 8192 bytes, linear)
Jul  6 08:07:43 ubuntu kernel: [    0.003057] *** VALIDATE proc ***
Jul  6 08:07:43 ubuntu kernel: [    0.003633] Disabling memory control group subsystem
Jul  6 08:07:43 ubuntu kernel: [    0.003741] *** VALIDATE cgroup1 ***
Jul  6 08:07:43 ubuntu kernel: [    0.003771] *** VALIDATE cgroup2 ***
Jul  6 08:07:43 ubuntu kernel: [    0.003939] CPU: Testing write buffer coherency: ok
Jul  6 08:07:43 ubuntu kernel: [    0.004559] CPU0: thread -1, cpu 0, socket 0, mpidr 80000000
Jul  6 08:07:43 ubuntu kernel: [    0.005596] Setting up static identity map for 0x200000 - 0x200060
Jul  6 08:07:43 ubuntu kernel: [    0.005842] rcu: Hierarchical SRCU implementation.
Jul  6 08:07:43 ubuntu kernel: [    0.010044] EFI services will not be available.
Jul  6 08:07:43 ubuntu kernel: [    0.011014] smp: Bringing up secondary CPUs ...
Jul  6 08:07:43 ubuntu kernel: [    0.012562] CPU1: thread -1, cpu 1, socket 0, mpidr 80000001
Jul  6 08:07:43 ubuntu kernel: [    0.014521] CPU2: thread -1, cpu 2, socket 0, mpidr 80000002
Jul  6 08:07:43 ubuntu kernel: [    0.016448] CPU3: thread -1, cpu 3, socket 0, mpidr 80000003
Jul  6 08:07:43 ubuntu kernel: [    0.016975] smp: Brought up 1 node, 4 CPUs
Jul  6 08:07:43 ubuntu kernel: [    0.017069] SMP: Total of 4 processors activated (153.60 BogoMIPS).
Jul  6 08:07:43 ubuntu kernel: [    0.017098] CPU: All CPU(s) started in HYP mode.
Jul  6 08:07:43 ubuntu kernel: [    0.017123] CPU: Virtualization extensions available.
Jul  6 08:07:43 ubuntu kernel: [    0.018578] devtmpfs: initialized
Jul  6 08:07:43 ubuntu kernel: [    0.034756] VFP support v0.3: implementor 41 architecture 3 part 40 variant 3 rev 4
Jul  6 08:07:43 ubuntu kernel: [    0.035354] clocksource: jiffies: mask: 0xffffffff max_cycles: 0xffffffff, max_idle_ns: 7645041785100000 ns
Jul  6 08:07:43 ubuntu kernel: [    0.035411] futex hash table entries: 1024 (order: 4, 65536 bytes, linear)
Jul  6 08:07:43 ubuntu kernel: [    0.036435] pinctrl core: initialized pinctrl subsystem
Jul  6 08:07:43 ubuntu kernel: [    0.037234] DMI not present or invalid.
Jul  6 08:07:43 ubuntu kernel: [    0.038122] NET: Registered protocol family 16
Jul  6 08:07:43 ubuntu kernel: [    0.042516] DMA: preallocated 1024 KiB pool for atomic coherent allocations
Jul  6 08:07:43 ubuntu kernel: [    0.047464] audit: initializing netlink subsys (disabled)
Jul  6 08:07:43 ubuntu kernel: [    0.047832] audit: type=2000 audit(0.044:1): state=initialized audit_enabled=0 res=1
Jul  6 08:07:43 ubuntu kernel: [    0.048674] cpuidle: using governor ladder
Jul  6 08:07:43 ubuntu kernel: [    0.048743] cpuidle: using governor menu
Jul  6 08:07:43 ubuntu kernel: [    0.049425] No ATAGs?
Jul  6 08:07:43 ubuntu kernel: [    0.049639] hw-breakpoint: found 5 (+1 reserved) breakpoint and 4 watchpoint registers.
Jul  6 08:07:43 ubuntu kernel: [    0.049691] hw-breakpoint: maximum watchpoint size is 8 bytes.
Jul  6 08:07:43 ubuntu kernel: [    0.050109] Serial: AMBA PL011 UART driver
Jul  6 08:07:43 ubuntu kernel: [    0.055293] bcm2835-mbox 3f00b880.mailbox: mailbox enabled
Jul  6 08:07:43 ubuntu kernel: [    0.125713] bcm2835-dma 3f007000.dma: DMA legacy API manager, dmachans=0x1
Jul  6 08:07:43 ubuntu kernel: [    0.129983] SCSI subsystem initialized
Jul  6 08:07:43 ubuntu kernel: [    0.130304] libata version 3.00 loaded.
Jul  6 08:07:43 ubuntu kernel: [    0.130585] usbcore: registered new interface driver usbfs
Jul  6 08:07:43 ubuntu kernel: [    0.130669] usbcore: registered new interface driver hub
Jul  6 08:07:43 ubuntu kernel: [    0.130824] usbcore: registered new device driver usb
Jul  6 08:07:43 ubuntu kernel: [    0.131273] pps_core: LinuxPPS API ver. 1 registered
Jul  6 08:07:43 ubuntu kernel: [    0.131303] pps_core: Software ver. 5.3.6 - Copyright 2005-2007 Rodolfo Giometti <giometti@linux.it>
Jul  6 08:07:43 ubuntu kernel: [    0.131358] PTP clock support registered
Jul  6 08:07:43 ubuntu kernel: [    0.131784] EDAC MC: Ver: 3.0.0
Jul  6 08:07:43 ubuntu kernel: [    0.138852] raspberrypi-firmware soc:firmware: Attached to firmware from 2019-08-15 12:06, variant start
Jul  6 08:07:43 ubuntu kernel: [    0.142854] raspberrypi-firmware soc:firmware: Firmware hash is 0e6daa5106dd4164474616408e0dc24f997ffcf3
Jul  6 08:07:43 ubuntu kernel: [    0.148624] NetLabel: Initializing
Jul  6 08:07:43 ubuntu kernel: [    0.148654] NetLabel:  domain hash size = 128
Jul  6 08:07:43 ubuntu kernel: [    0.148680] NetLabel:  protocols = UNLABELED CIPSOv4 CALIPSO
Jul  6 08:07:43 ubuntu kernel: [    0.149075] NetLabel:  unlabeled traffic allowed by default
Jul  6 08:07:43 ubuntu kernel: [    0.150303] clocksource: Switched to clocksource arch_sys_counter
Jul  6 08:07:43 ubuntu kernel: [    0.274463] VFS: Disk quotas dquot_6.6.0
Jul  6 08:07:43 ubuntu kernel: [    0.274626] VFS: Dquot-cache hash table entries: 1024 (order 0, 4096 bytes)
Jul  6 08:07:43 ubuntu kernel: [    0.275578] AppArmor: AppArmor Filesystem Enabled
Jul  6 08:07:43 ubuntu kernel: [    0.275870] simple-framebuffer 3eaf0000.framebuffer: framebuffer at 0x3eaf0000, 0x10a800 bytes, mapped to 0x(ptrval)
Jul  6 08:07:43 ubuntu kernel: [    0.275920] simple-framebuffer 3eaf0000.framebuffer: format=a8r8g8b8, mode=656x416x32, linelength=2624
Jul  6 08:07:43 ubuntu kernel: [    0.280320] Console: switching to colour frame buffer device 82x26
Jul  6 08:07:43 ubuntu kernel: [    0.286178] simple-framebuffer 3eaf0000.framebuffer: fb0: simplefb registered!
Jul  6 08:07:43 ubuntu kernel: [    0.301984] thermal_sys: Registered thermal governor 'fair_share'
Jul  6 08:07:43 ubuntu kernel: [    0.301991] thermal_sys: Registered thermal governor 'bang_bang'
Jul  6 08:07:43 ubuntu kernel: [    0.304432] thermal_sys: Registered thermal governor 'step_wise'
Jul  6 08:07:43 ubuntu kernel: [    0.306831] thermal_sys: Registered thermal governor 'user_space'
Jul  6 08:07:43 ubuntu kernel: [    0.309105] thermal_sys: Registered thermal governor 'power_allocator'
Jul  6 08:07:43 ubuntu kernel: [    0.312051] NET: Registered protocol family 2
Jul  6 08:07:43 ubuntu kernel: [    0.317123] tcp_listen_portaddr_hash hash table entries: 512 (order: 0, 6144 bytes, linear)
Jul  6 08:07:43 ubuntu kernel: [    0.321402] TCP established hash table entries: 8192 (order: 3, 32768 bytes, linear)
Jul  6 08:07:43 ubuntu kernel: [    0.326019] TCP bind hash table entries: 8192 (order: 4, 65536 bytes, linear)
Jul  6 08:07:43 ubuntu kernel: [    0.328603] TCP: Hash tables configured (established 8192 bind 8192)
Jul  6 08:07:43 ubuntu kernel: [    0.331175] UDP hash table entries: 512 (order: 2, 16384 bytes, linear)
Jul  6 08:07:43 ubuntu kernel: [    0.333611] UDP-Lite hash table entries: 512 (order: 2, 16384 bytes, linear)
Jul  6 08:07:43 ubuntu kernel: [    0.336488] NET: Registered protocol family 1
Jul  6 08:07:43 ubuntu kernel: [    0.338904] NET: Registered protocol family 44
Jul  6 08:07:43 ubuntu kernel: [    0.341140] PCI: CLS 0 bytes, default 64
Jul  6 08:07:43 ubuntu kernel: [    0.343593] Trying to unpack rootfs image as initramfs...
Jul  6 08:07:43 ubuntu kernel: [    2.139463] Freeing initrd memory: 19816K
Jul  6 08:07:43 ubuntu kernel: [    2.142230] kvm [1]: Error, CPU 0 not supported!
Jul  6 08:07:43 ubuntu kernel: [    2.145209] hw perfevents: enabled with armv7_cortex_a7 PMU driver, 7 counters available
Jul  6 08:07:43 ubuntu kernel: [    2.153584] Initialise system trusted keyrings
Jul  6 08:07:43 ubuntu kernel: [    2.155916] Key type blacklist registered
Jul  6 08:07:43 ubuntu kernel: [    2.158482] workingset: timestamp_bits=14 max_order=18 bucket_order=4
Jul  6 08:07:43 ubuntu kernel: [    2.172353] zbud: loaded
Jul  6 08:07:43 ubuntu kernel: [    2.177471] squashfs: version 4.0 (2009/01/31) Phillip Lougher
Jul  6 08:07:43 ubuntu kernel: [    2.181308] fuse: init (API version 7.31)
Jul  6 08:07:43 ubuntu kernel: [    2.244717] Key type asymmetric registered
Jul  6 08:07:43 ubuntu kernel: [    2.246938] Asymmetric key parser 'x509' registered
Jul  6 08:07:43 ubuntu kernel: [    2.249232] bounce: pool size: 64 pages
Jul  6 08:07:43 ubuntu kernel: [    2.251343] Block layer SCSI generic (bsg) driver version 0.4 loaded (major 243)
Jul  6 08:07:43 ubuntu kernel: [    2.255768] io scheduler mq-deadline registered
Jul  6 08:07:43 ubuntu kernel: [    2.263818] bcm2708_fb soc:fb: FB found 1 display(s)
Jul  6 08:07:43 ubuntu kernel: [    2.270777] bcm2708_fb soc:fb: Registered framebuffer for display 0, size 656x416
Jul  6 08:07:43 ubuntu kernel: [    2.359660] Serial: 8250/16550 driver, 1 ports, IRQ sharing enabled
Jul  6 08:07:43 ubuntu kernel: [    2.364519] bcm2835-rng 3f104000.rng: hwrng registered
Jul  6 08:07:43 ubuntu kernel: [    2.367476] vc-mem: phys_addr:0x00000000 mem_base=0x3ec00000 mem_size:0x40000000(1024 MiB)
Jul  6 08:07:43 ubuntu kernel: [    2.372718] vc-sm: Videocore shared memory driver
Jul  6 08:07:43 ubuntu kernel: [    2.375529] gpiomem-bcm2835 3f200000.gpiomem: Initialised: Registers at 0x3f200000
Jul  6 08:07:43 ubuntu kernel: [    2.833693] loop: module loaded
Jul  6 08:07:43 ubuntu kernel: [    2.839449] spi-bcm2835 3f204000.spi: could not get clk: -517
Jul  6 08:07:43 ubuntu kernel: [    2.842691] libphy: Fixed MDIO Bus: probed
Jul  6 08:07:43 ubuntu kernel: [    2.844977] tun: Universal TUN/TAP device driver, 1.6
Jul  6 08:07:43 ubuntu kernel: [    2.847510] PPP generic driver version 2.4.2
Jul  6 08:07:43 ubuntu kernel: [    2.850026] usbcore: registered new interface driver lan78xx
Jul  6 08:07:43 ubuntu kernel: [    2.852425] usbcore: registered new interface driver smsc95xx
Jul  6 08:07:43 ubuntu kernel: [    2.854735] ehci_hcd: USB 2.0 'Enhanced' Host Controller (EHCI) Driver
Jul  6 08:07:43 ubuntu kernel: [    2.856996] ehci-pci: EHCI PCI platform driver
Jul  6 08:07:43 ubuntu kernel: [    2.859234] ohci_hcd: USB 1.1 'Open' Host Controller (OHCI) Driver
Jul  6 08:07:43 ubuntu kernel: [    2.861582] ohci-pci: OHCI PCI platform driver
Jul  6 08:07:43 ubuntu kernel: [    2.863842] uhci_hcd: USB Universal Host Controller Interface driver
Jul  6 08:07:43 ubuntu kernel: [    2.866229] dwc_otg: version 3.00a 10-AUG-2012 (platform bus)
Jul  6 08:07:43 ubuntu kernel: [    3.069073] Core Release: 2.80a
Jul  6 08:07:43 ubuntu kernel: [    3.071235] Setting default values for core params
Jul  6 08:07:43 ubuntu kernel: [    3.073383] Finished setting default values for core params
Jul  6 08:07:43 ubuntu kernel: [    3.275863] Using Buffer DMA mode
Jul  6 08:07:43 ubuntu kernel: [    3.277883] Periodic Transfer Interrupt Enhancement - disabled
Jul  6 08:07:43 ubuntu kernel: [    3.279973] Multiprocessor Interrupt Enhancement - disabled
Jul  6 08:07:43 ubuntu kernel: [    3.282012] OTG VER PARAM: 0, OTG VER FLAG: 0
Jul  6 08:07:43 ubuntu kernel: [    3.284010] Dedicated Tx FIFOs mode
Jul  6 08:07:43 ubuntu kernel: [    3.286473] WARN::dwc_otg_hcd_init:1045: FIQ DMA bounce buffers: virt = f095a000 dma = 0x00000000fad14000 len=9024
Jul  6 08:07:43 ubuntu kernel: [    3.290582] FIQ FSM acceleration enabled for :
Jul  6 08:07:43 ubuntu kernel: [    3.290582] Non-periodic Split Transactions
Jul  6 08:07:43 ubuntu kernel: [    3.290582] Periodic Split Transactions
Jul  6 08:07:43 ubuntu kernel: [    3.290582] High-Speed Isochronous Endpoints
Jul  6 08:07:43 ubuntu kernel: [    3.290582] Interrupt/Control Split Transaction hack enabled
Jul  6 08:07:43 ubuntu kernel: [    3.300616] dwc_otg: Microframe scheduler enabled
Jul  6 08:07:43 ubuntu kernel: [    3.300714] WARN::hcd_init_fiq:457: FIQ on core 1
Jul  6 08:07:43 ubuntu kernel: [    3.302730] WARN::hcd_init_fiq:458: FIQ ASM at c094f9e8 length 36
Jul  6 08:07:43 ubuntu kernel: [    3.304720] WARN::hcd_init_fiq:497: MPHI regs_base at f0810000
Jul  6 08:07:43 ubuntu kernel: [    3.306711] dwc_otg 3f980000.usb: DWC OTG Controller
Jul  6 08:07:43 ubuntu kernel: [    3.308679] dwc_otg 3f980000.usb: new USB bus registered, assigned bus number 1
Jul  6 08:07:43 ubuntu kernel: [    3.310705] dwc_otg 3f980000.usb: irq 56, io mem 0x00000000
Jul  6 08:07:43 ubuntu kernel: [    3.312663] Init: Port Power? op_state=1
Jul  6 08:07:43 ubuntu kernel: [    3.314580] Init: Power Port (0)
Jul  6 08:07:43 ubuntu kernel: [    3.316807] usb usb1: New USB device found, idVendor=1d6b, idProduct=0002, bcdDevice= 5.03
Jul  6 08:07:43 ubuntu kernel: [    3.320641] usb usb1: New USB device strings: Mfr=3, Product=2, SerialNumber=1
Jul  6 08:07:43 ubuntu kernel: [    3.322710] usb usb1: Product: DWC OTG Controller
Jul  6 08:07:43 ubuntu kernel: [    3.324716] usb usb1: Manufacturer: Linux 5.3.0-1027-raspi2 dwc_otg_hcd
Jul  6 08:07:43 ubuntu kernel: [    3.326811] usb usb1: SerialNumber: 3f980000.usb
Jul  6 08:07:43 ubuntu kernel: [    3.329622] hub 1-0:1.0: USB hub found
Jul  6 08:07:43 ubuntu kernel: [    3.331625] hub 1-0:1.0: 1 port detected
Jul  6 08:07:43 ubuntu kernel: [    3.334359] dwc_otg: FIQ enabled
Jul  6 08:07:43 ubuntu kernel: [    3.334369] dwc_otg: NAK holdoff enabled
Jul  6 08:07:43 ubuntu kernel: [    3.334378] dwc_otg: FIQ split-transaction FSM enabled
Jul  6 08:07:43 ubuntu kernel: [    3.334393] Module dwc_common_port init
Jul  6 08:07:43 ubuntu kernel: [    3.335075] mousedev: PS/2 mouse device common for all mice
Jul  6 08:07:43 ubuntu kernel: [    3.337808] i2c /dev entries driver
Jul  6 08:07:43 ubuntu kernel: [    3.343509] bcm2835-wdt bcm2835-wdt: Broadcom BCM2835 watchdog timer
Jul  6 08:07:43 ubuntu kernel: [    3.345814] device-mapper: uevent: version 1.0.3
Jul  6 08:07:43 ubuntu kernel: [    3.348302] device-mapper: ioctl: 4.40.0-ioctl (2019-01-18) initialised: dm-devel@redhat.com
Jul  6 08:07:43 ubuntu kernel: [    3.352626] bcm2835-cpufreq: min=600000 max=1400000
Jul  6 08:07:43 ubuntu kernel: [    3.357616] sdhci: Secure Digital Host Controller Interface driver
Jul  6 08:07:43 ubuntu kernel: [    3.358585] sdhci: Copyright(c) Pierre Ossman
Jul  6 08:07:43 ubuntu kernel: [    3.359830] mmc-bcm2835 3f300000.mmcnr: could not get clk, deferring probe
Jul  6 08:07:43 ubuntu kernel: [    3.361104] sdhost-bcm2835 3f202000.mmc: could not get clk, deferring probe
Jul  6 08:07:43 ubuntu kernel: [    3.362180] sdhci-pltfm: SDHCI platform and OF driver helper
Jul  6 08:07:43 ubuntu kernel: [    3.364634] ledtrig-cpu: registered to indicate activity on CPUs
Jul  6 08:07:43 ubuntu kernel: [    3.365718] hidraw: raw HID events driver (C) Jiri Kosina
Jul  6 08:07:43 ubuntu kernel: [    3.367353] vchiq: vchiq_init_state: slot_zero = (ptrval)
Jul  6 08:07:43 ubuntu kernel: [    3.369642] [vc_sm_connected_init]: start
Jul  6 08:07:43 ubuntu kernel: [    3.379221] [vc_sm_connected_init]: end - returning 0
Jul  6 08:07:43 ubuntu kernel: [    3.381639] NET: Registered protocol family 10
Jul  6 08:07:43 ubuntu kernel: [    3.402956] Segment Routing with IPv6
Jul  6 08:07:43 ubuntu kernel: [    3.403948] NET: Registered protocol family 17
Jul  6 08:07:43 ubuntu kernel: [    3.405053] Key type dns_resolver registered
Jul  6 08:07:43 ubuntu kernel: [    3.406230] Registering SWP/SWPB emulation handler
Jul  6 08:07:43 ubuntu kernel: [    3.407661] registered taskstats version 1
Jul  6 08:07:43 ubuntu kernel: [    3.408584] Loading compiled-in X.509 certificates
Jul  6 08:07:43 ubuntu kernel: [    3.416971] Loaded X.509 cert 'Build time autogenerated kernel key: 34a7d7c4e7459f348529e719408c74d628edf40f'
Jul  6 08:07:43 ubuntu kernel: [    3.419262] zswap: loaded using pool lzo/zbud
Jul  6 08:07:43 ubuntu kernel: [    3.435237] cryptd: max_cpu_qlen set to 1000
Jul  6 08:07:43 ubuntu kernel: [    3.494673] Key type big_key registered
Jul  6 08:07:43 ubuntu kernel: [    3.519903] Key type encrypted registered
Jul  6 08:07:43 ubuntu kernel: [    3.520771] AppArmor: AppArmor sha1 policy hashing enabled
Jul  6 08:07:43 ubuntu kernel: [    3.521619] ima: No TPM chip found, activating TPM-bypass!
Jul  6 08:07:43 ubuntu kernel: [    3.522485] ima: Allocated hash algorithm: sha1
Jul  6 08:07:43 ubuntu kernel: [    3.523305] No architecture policies found
Jul  6 08:07:43 ubuntu kernel: [    3.524121] evm: Initialising EVM extended attributes:
Jul  6 08:07:43 ubuntu kernel: [    3.524907] evm: security.selinux
Jul  6 08:07:43 ubuntu kernel: [    3.525669] evm: security.SMACK64
Jul  6 08:07:43 ubuntu kernel: [    3.526453] evm: security.SMACK64EXEC
Jul  6 08:07:43 ubuntu kernel: [    3.527184] evm: security.SMACK64TRANSMUTE
Jul  6 08:07:43 ubuntu kernel: [    3.527901] evm: security.SMACK64MMAP
Jul  6 08:07:43 ubuntu kernel: [    3.528593] evm: security.apparmor
Jul  6 08:07:43 ubuntu kernel: [    3.529267] evm: security.ima
Jul  6 08:07:43 ubuntu kernel: [    3.529916] evm: security.capability
Jul  6 08:07:43 ubuntu kernel: [    3.530561] evm: HMAC attrs: 0x1
Jul  6 08:07:43 ubuntu kernel: [    3.535986] uart-pl011 3f201000.serial: cts_event_workaround enabled
Jul  6 08:07:43 ubuntu kernel: [    3.536717] 3f201000.serial: ttyAMA0 at MMIO 0x3f201000 (irq = 81, base_baud = 0) is a PL011 rev2
Jul  6 08:07:43 ubuntu kernel: [    3.538454] Indeed it is in host mode hprt0 = 00021501
Jul  6 08:07:43 ubuntu kernel: [    3.540066] printk: console [ttyS0] disabled
Jul  6 08:07:43 ubuntu kernel: [    3.540766] 3f215040.serial: ttyS0 at MMIO 0x0 (irq = 53, base_baud = 31250000) is a 16550
Jul  6 08:07:43 ubuntu kernel: [    3.730301] usb 1-1: new high-speed USB device number 2 using dwc_otg
Jul  6 08:07:43 ubuntu kernel: [    3.732224] printk: console [ttyS0] enabled
Jul  6 08:07:43 ubuntu kernel: [    3.745604] Indeed it is in host mode hprt0 = 00001101
Jul  6 08:07:43 ubuntu kernel: [    3.752292] bcm2835-power bcm2835-power: Broadcom BCM2835 power domains driver
Jul  6 08:07:43 ubuntu kernel: [    4.003457] usb 1-1: New USB device found, idVendor=0424, idProduct=2514, bcdDevice= b.b3
Jul  6 08:07:43 ubuntu kernel: [    4.011949] mmc-bcm2835 3f300000.mmcnr: mmc_debug:0 mmc_debug2:0
Jul  6 08:07:43 ubuntu kernel: [    4.015997] usb 1-1: New USB device strings: Mfr=0, Product=0, SerialNumber=0
Jul  6 08:07:43 ubuntu kernel: [    4.019968] hub 1-1:1.0: USB hub found
Jul  6 08:07:43 ubuntu kernel: [    4.025429] mmc-bcm2835 3f300000.mmcnr: DMA channel allocated
Jul  6 08:07:43 ubuntu kernel: [    4.035990] hub 1-1:1.0: 4 ports detected
Jul  6 08:07:43 ubuntu kernel: [    4.055717] random: fast init done
Jul  6 08:07:43 ubuntu kernel: [    4.894621] sdhost: log_buf @ (ptrval) (fad13000)
Jul  6 08:07:43 ubuntu kernel: [    4.935504] mmc1: queuing unknown CIS tuple 0x80 (2 bytes)
Jul  6 08:07:43 ubuntu kernel: [    4.943653] mmc1: queuing unknown CIS tuple 0x80 (3 bytes)
Jul  6 08:07:43 ubuntu kernel: [    4.950247] mmc0: sdhost-bcm2835 loaded - DMA enabled (>1)
Jul  6 08:07:43 ubuntu kernel: [    4.958060] hctosys: unable to open rtc device (rtc0)
Jul  6 08:07:43 ubuntu kernel: [    4.964487] of_cfs_init
Jul  6 08:07:43 ubuntu kernel: [    4.967999] of_cfs_init: OK
Jul  6 08:07:43 ubuntu kernel: [    4.978065] mmc1: queuing unknown CIS tuple 0x80 (3 bytes)
Jul  6 08:07:43 ubuntu kernel: [    4.979606] Freeing unused kernel memory: 2048K
Jul  6 08:07:43 ubuntu kernel: [    4.987649] mmc1: queuing unknown CIS tuple 0x80 (7 bytes)
Jul  6 08:07:43 ubuntu kernel: [    4.997277] Checked W+X mappings: passed, no W+X pages found
Jul  6 08:07:43 ubuntu kernel: [    5.003914] Run /init as init process
Jul  6 08:07:43 ubuntu kernel: [    5.056473] mmc0: host does not support reading read-only switch, assuming write-enable
Jul  6 08:07:43 ubuntu kernel: [    5.066929] mmc1: new high speed SDIO card at address 0001
Jul  6 08:07:43 ubuntu kernel: [    5.079589] random: systemd-udevd: uninitialized urandom read (16 bytes read)
Jul  6 08:07:43 ubuntu kernel: [    5.080360] mmc0: new high speed SDHC card at address aaaa
Jul  6 08:07:43 ubuntu kernel: [    5.084260] random: udevadm: uninitialized urandom read (16 bytes read)
Jul  6 08:07:43 ubuntu kernel: [    5.088548] random: systemd-udevd: uninitialized urandom read (16 bytes read)
Jul  6 08:07:43 ubuntu kernel: [    5.095745] mmcblk0: mmc0:aaaa SC32G 29.7 GiB
Jul  6 08:07:43 ubuntu kernel: [    5.120138]  mmcblk0: p1 p2
Jul  6 08:07:43 ubuntu kernel: [    5.198407] usb 1-1.1: new high-speed USB device number 3 using dwc_otg
Jul  6 08:07:43 ubuntu kernel: [    5.306586] usb 1-1.1: New USB device found, idVendor=0424, idProduct=2514, bcdDevice= b.b3
Jul  6 08:07:43 ubuntu kernel: [    5.317244] usb 1-1.1: New USB device strings: Mfr=0, Product=0, SerialNumber=0
Jul  6 08:07:43 ubuntu kernel: [    5.331488] hub 1-1.1:1.0: USB hub found
Jul  6 08:07:43 ubuntu kernel: [    5.336807] hub 1-1.1:1.0: 3 ports detected
Jul  6 08:07:43 ubuntu kernel: [    5.666194] usb_phy_generic phy: phy supply vcc not found, using dummy regulator
Jul  6 08:07:43 ubuntu kernel: [    5.926419] usb 1-1.1.1: new high-speed USB device number 4 using dwc_otg
Jul  6 08:07:43 ubuntu kernel: [    6.039048] usb 1-1.1.1: New USB device found, idVendor=0424, idProduct=7800, bcdDevice= 3.00
Jul  6 08:07:43 ubuntu kernel: [    6.053439] usb 1-1.1.1: New USB device strings: Mfr=0, Product=0, SerialNumber=0
Jul  6 08:07:43 ubuntu kernel: [    6.336421] lan78xx 1-1.1.1:1.0 (unnamed net_device) (uninitialized): No External EEPROM. Setting MAC Speed
Jul  6 08:07:43 ubuntu kernel: [    6.353743] libphy: lan78xx-mdiobus: probed
Jul  6 08:07:43 ubuntu kernel: [    6.387762] lan78xx 1-1.1.1:1.0 (unnamed net_device) (uninitialized): int urb period 64
Jul  6 08:07:43 ubuntu kernel: [    9.158322] raid6: neonx8   gen()  1474 MB/s
Jul  6 08:07:43 ubuntu kernel: [    9.210294] raid6: neonx8   xor()  1242 MB/s
Jul  6 08:07:43 ubuntu kernel: [    9.262308] raid6: neonx4   gen()  1483 MB/s
Jul  6 08:07:43 ubuntu kernel: [    9.314284] raid6: neonx4   xor()  1298 MB/s
Jul  6 08:07:43 ubuntu kernel: [    9.366311] raid6: neonx2   gen()  1224 MB/s
Jul  6 08:07:43 ubuntu kernel: [    9.418304] raid6: neonx2   xor()  1240 MB/s
Jul  6 08:07:43 ubuntu kernel: [    9.470303] raid6: neonx1   gen()   803 MB/s
Jul  6 08:07:43 ubuntu kernel: [    9.522287] raid6: neonx1   xor()   913 MB/s
Jul  6 08:07:43 ubuntu kernel: [    9.574399] raid6: int32x8  gen()   397 MB/s
Jul  6 08:07:43 ubuntu kernel: [    9.626303] raid6: int32x8  xor()   304 MB/s
Jul  6 08:07:43 ubuntu kernel: [    9.678430] raid6: int32x4  gen()   391 MB/s
Jul  6 08:07:43 ubuntu kernel: [    9.730365] raid6: int32x4  xor()   349 MB/s
Jul  6 08:07:43 ubuntu kernel: [    9.782455] raid6: int32x2  gen()   349 MB/s
Jul  6 08:07:43 ubuntu kernel: [    9.834299] raid6: int32x2  xor()   323 MB/s
Jul  6 08:07:43 ubuntu kernel: [    9.886501] raid6: int32x1  gen()   253 MB/s
Jul  6 08:07:43 ubuntu kernel: [    9.938373] raid6: int32x1  xor()   271 MB/s
Jul  6 08:07:43 ubuntu kernel: [    9.943561] raid6: using algorithm neonx4 gen() 1483 MB/s
Jul  6 08:07:43 ubuntu kernel: [    9.949868] raid6: .... xor() 1298 MB/s, rmw enabled
Jul  6 08:07:43 ubuntu kernel: [    9.955711] raid6: using neon recovery algorithm
Jul  6 08:07:43 ubuntu kernel: [    9.970868] xor: measuring software checksum speed
Jul  6 08:07:43 ubuntu kernel: [   10.014291]    arm4regs  :  2143.000 MB/sec
Jul  6 08:07:43 ubuntu kernel: [   10.058284]    8regs     :  1596.000 MB/sec
Jul  6 08:07:43 ubuntu kernel: [   10.102285]    32regs    :  1595.000 MB/sec
Jul  6 08:07:43 ubuntu kernel: [   10.146285]    neon      :  2548.000 MB/sec
Jul  6 08:07:43 ubuntu kernel: [   10.151140] xor: using function: neon (2548.000 MB/sec)
Jul  6 08:07:43 ubuntu kernel: [   10.161855] async_tx: api initialized (async)
Jul  6 08:07:43 ubuntu kernel: [   10.428862] Btrfs loaded, crc32c=crc32c-arm-ce
Jul  6 08:07:43 ubuntu kernel: [   10.750027] EXT4-fs (mmcblk0p2): INFO: recovery required on readonly filesystem
Jul  6 08:07:43 ubuntu kernel: [   10.758479] EXT4-fs (mmcblk0p2): write access will be enabled during recovery
Jul  6 08:07:43 ubuntu kernel: [   11.172046] EXT4-fs (mmcblk0p2): recovery complete
Jul  6 08:07:43 ubuntu kernel: [   11.181838] EXT4-fs (mmcblk0p2): mounted filesystem with ordered data mode. Opts: (null)
Jul  6 08:07:43 ubuntu kernel: [   13.343482] EXT4-fs (mmcblk0p2): re-mounted. Opts: (null)
Jul  6 08:07:43 ubuntu kernel: [   13.654970] Loading iSCSI transport class v2.0-870.
Jul  6 08:07:43 ubuntu kernel: [   13.897036] iscsi: registered transport (tcp)
Jul  6 08:07:43 ubuntu kernel: [   14.338812] mc: Linux media interface: v0.10
Jul  6 08:07:43 ubuntu kernel: [   14.361853] videodev: Linux video capture interface: v2.00
Jul  6 08:07:43 ubuntu kernel: [   14.398570] vc_sm_cma: module is from the staging directory, the quality is unknown, you have been warned.
Jul  6 08:07:43 ubuntu kernel: [   14.398722] vc_sm_cma: module verification failed: signature and/or required key missing - tainting kernel
Jul  6 08:07:43 ubuntu kernel: [   14.399917] bcm2835_mmal_vchiq: module is from the staging directory, the quality is unknown, you have been warned.
Jul  6 08:07:43 ubuntu kernel: [   14.401128] bcm2835_v4l2: module is from the staging directory, the quality is unknown, you have been warned.
Jul  6 08:07:43 ubuntu kernel: [   14.852343] cfg80211: Loading compiled-in X.509 certificates for regulatory database
Jul  6 08:07:43 ubuntu kernel: [   14.872165] cfg80211: Loaded X.509 cert 'sforshee: 00b28ddf47aef9cea7'
Jul  6 08:07:43 ubuntu kernel: [   14.915021] brcmfmac: F1 signature read @0x18000000=0x15264345
Jul  6 08:07:43 ubuntu kernel: [   14.931165] brcmfmac: brcmf_fw_alloc_request: using brcm/brcmfmac43455-sdio for chip BCM4345/6
Jul  6 08:07:43 ubuntu kernel: [   14.944452] usbcore: registered new interface driver brcmfmac
Jul  6 08:07:43 ubuntu kernel: [   15.020151] platform regulatory.0: Direct firmware load for regulatory.db failed with error -2
Jul  6 08:07:43 ubuntu kernel: [   15.020168] cfg80211: failed to load regulatory.db
Jul  6 08:07:43 ubuntu kernel: [   15.036510] Bluetooth: Core ver 2.22
Jul  6 08:07:43 ubuntu kernel: [   15.036613] NET: Registered protocol family 31
Jul  6 08:07:43 ubuntu kernel: [   15.036622] Bluetooth: HCI device and connection manager initialized
Jul  6 08:07:43 ubuntu kernel: [   15.036646] Bluetooth: HCI socket layer initialized
Jul  6 08:07:43 ubuntu kernel: [   15.036658] Bluetooth: L2CAP socket layer initialized
Jul  6 08:07:43 ubuntu kernel: [   15.036679] Bluetooth: SCO socket layer initialized
Jul  6 08:07:43 ubuntu kernel: [   15.088925] brcmfmac mmc1:0001:1: Direct firmware load for brcm/brcmfmac43455-sdio.raspberrypi,3-model-b-plus.txt failed with error -2
Jul  6 08:07:43 ubuntu kernel: [   15.252214] brcmfmac: brcmf_fw_alloc_request: using brcm/brcmfmac43455-sdio for chip BCM4345/6
Jul  6 08:07:43 ubuntu kernel: [   15.291623] brcmfmac: brcmf_c_preinit_dcmds: Firmware: BCM4345/6 wl0: Mar  1 2015 07:29:38 version 7.45.18 (r538002) FWID 01-6a2c8ad4
Jul  6 08:07:43 ubuntu kernel: [   16.448134] Under-voltage detected! (0x00050000)
Jul  6 08:07:43 ubuntu kernel: [   18.462390] Voltage normalised (0x00000000)
Jul  6 08:07:43 ubuntu kernel: [   18.581176] brcmfmac: power management disabled
Jul  6 08:07:43 ubuntu kernel: [   19.517049] audit: type=1400 audit(1580755665.815:2): apparmor="STATUS" operation="profile_load" profile="unconfined" name="/usr/bin/lxc-start" pid=1231 comm="apparmor_parser"
Jul  6 08:07:43 ubuntu kernel: [   19.517223] audit: type=1400 audit(1580755665.815:3): apparmor="STATUS" operation="profile_load" profile="unconfined" name="/usr/bin/man" pid=1232 comm="apparmor_parser"
Jul  6 08:07:43 ubuntu kernel: [   19.517240] audit: type=1400 audit(1580755665.815:4): apparmor="STATUS" operation="profile_load" profile="unconfined" name="man_filter" pid=1232 comm="apparmor_parser"
Jul  6 08:07:43 ubuntu kernel: [   19.517253] audit: type=1400 audit(1580755665.815:5): apparmor="STATUS" operation="profile_load" profile="unconfined" name="man_groff" pid=1232 comm="apparmor_parser"
Jul  6 08:07:43 ubuntu kernel: [   19.527350] audit: type=1400 audit(1580755665.827:6): apparmor="STATUS" operation="profile_load" profile="unconfined" name="lxc-container-default" pid=1229 comm="apparmor_parser"
Jul  6 08:07:43 ubuntu kernel: [   19.527373] audit: type=1400 audit(1580755665.827:7): apparmor="STATUS" operation="profile_load" profile="unconfined" name="lxc-container-default-cgns" pid=1229 comm="apparmor_parser"
Jul  6 08:07:43 ubuntu kernel: [   19.527387] audit: type=1400 audit(1580755665.827:8): apparmor="STATUS" operation="profile_load" profile="unconfined" name="lxc-container-default-with-mounting" pid=1229 comm="apparmor_parser"
Jul  6 08:07:43 ubuntu kernel: [   19.527401] audit: type=1400 audit(1580755665.827:9): apparmor="STATUS" operation="profile_load" profile="unconfined" name="lxc-container-default-with-nesting" pid=1229 comm="apparmor_parser"
Jul  6 08:07:43 ubuntu kernel: [   19.531804] audit: type=1400 audit(1580755665.831:10): apparmor="STATUS" operation="profile_load" profile="unconfined" name="/usr/lib/snapd/snap-confine" pid=1233 comm="apparmor_parser"
Jul  6 08:07:43 ubuntu kernel: [   19.531831] audit: type=1400 audit(1580755665.831:11): apparmor="STATUS" operation="profile_load" profile="unconfined" name="/usr/lib/snapd/snap-confine//mount-namespace-capture-helper" pid=1233 comm="apparmor_parser"
Jul  6 08:07:43 ubuntu kernel: [   24.489784] IPv6: ADDRCONF(NETDEV_CHANGE): wlan0: link becomes ready
Jul  6 08:07:43 ubuntu kernel: [   26.527007] new mount options do not match the existing superblock, will be ignored
Jul  6 08:07:47 ubuntu kernel: [   30.500832] aufs 4.x-rcN-20190805
Jul  6 08:07:49 ubuntu kernel: [   32.475183] kauditd_printk_skb: 5 callbacks suppressed
Jul  6 08:07:49 ubuntu kernel: [   32.475190] audit: type=1400 audit(1594022869.181:17): apparmor="STATUS" operation="profile_load" profile="unconfined" name="docker-default" pid=1504 comm="apparmor_parser"
Jul  6 08:07:50 ubuntu kernel: [   33.418746] bridge: filtering via arp/ip/ip6tables is no longer available by default. Update your scripts to load br_netfilter if you need this.
Jul  6 08:07:50 ubuntu kernel: [   33.425125] Bridge firewalling registered
Jul  6 08:07:50 ubuntu kernel: [   33.457149] bpfilter: Loaded bpfilter_umh pid 1524
Jul  6 08:07:50 ubuntu kernel: [   33.896142] Initializing XFRM netlink socket
Jul  6 08:14:46 ubuntu kernel: [  170.550634] random: crng init done
Jul  6 08:14:46 ubuntu kernel: [  170.550644] random: 7 urandom warning(s) missed due to ratelimiting
Jul  6 08:20:06 ubuntu kernel: [    0.000000] Booting Linux on physical CPU 0x0
Jul  6 08:20:06 ubuntu kernel: [    0.000000] Linux version 5.3.0-1027-raspi2 (buildd@bos02-arm64-051) (gcc version 7.5.0 (Ubuntu/Linaro 7.5.0-3ubuntu1~18.04)) #29~18.04.1-Ubuntu SMP Wed May 27 16:06:23 UTC 2020 (Ubuntu 5.3.0-1027.29~18.04.1-raspi2 5.3.18)
Jul  6 08:20:06 ubuntu kernel: [    0.000000] CPU: ARMv7 Processor [410fd034] revision 4 (ARMv7), cr=30c5383d
Jul  6 08:20:06 ubuntu kernel: [    0.000000] CPU: div instructions available: patching division code
Jul  6 08:20:06 ubuntu kernel: [    0.000000] CPU: PIPT / VIPT nonaliasing data cache, VIPT aliasing instruction cache
Jul  6 08:20:06 ubuntu kernel: [    0.000000] OF: fdt: Machine model: Raspberry Pi 3 Model B Plus Rev 1.3
Jul  6 08:20:06 ubuntu kernel: [    0.000000] Memory policy: Data cache writealloc
Jul  6 08:20:06 ubuntu kernel: [    0.000000] efi: Getting EFI parameters from FDT:
Jul  6 08:20:06 ubuntu kernel: [    0.000000] efi: UEFI not found.
Jul  6 08:20:06 ubuntu kernel: [    0.000000] cma: Reserved 8 MiB at 0x000000003ac00000
Jul  6 08:20:06 ubuntu kernel: [    0.000000] On node 0 totalpages: 242688
Jul  6 08:20:06 ubuntu kernel: [    0.000000]   DMA zone: 2304 pages used for memmap
Jul  6 08:20:06 ubuntu kernel: [    0.000000]   DMA zone: 0 pages reserved
Jul  6 08:20:06 ubuntu kernel: [    0.000000]   DMA zone: 196608 pages, LIFO batch:63
Jul  6 08:20:06 ubuntu kernel: [    0.000000]   HighMem zone: 46080 pages, LIFO batch:15
Jul  6 08:20:06 ubuntu kernel: [    0.000000] percpu: Embedded 21 pages/cpu s53900 r8192 d23924 u86016
Jul  6 08:20:06 ubuntu kernel: [    0.000000] pcpu-alloc: s53900 r8192 d23924 u86016 alloc=21*4096
Jul  6 08:20:06 ubuntu kernel: [    0.000000] pcpu-alloc: [0] 0 [0] 1 [0] 2 [0] 3 
Jul  6 08:20:06 ubuntu kernel: [    0.000000] Built 1 zonelists, mobility grouping on.  Total pages: 240384
Jul  6 08:20:06 ubuntu kernel: [    0.000000] Kernel command line: coherent_pool=1M 8250.nr_uarts=1 bcm2708_fb.fbwidth=656 bcm2708_fb.fbheight=416 bcm2708_fb.fbswap=1 vc_mem.mem_base=0x3ec00000 vc_mem.mem_size=0x40000000  net.ifnames=0 dwc_otg.lpm_enable=0 console=ttyS0,115200 console=tty1 root=LABEL=writable rootfstype=ext4 elevator=deadline rootwait fixrtc
Jul  6 08:20:06 ubuntu kernel: [    0.000000] Dentry cache hash table entries: 131072 (order: 7, 524288 bytes, linear)
Jul  6 08:20:06 ubuntu kernel: [    0.000000] Inode-cache hash table entries: 65536 (order: 6, 262144 bytes, linear)
Jul  6 08:20:06 ubuntu kernel: [    0.000000] allocated 970752 bytes of page_ext
Jul  6 08:20:06 ubuntu kernel: [    0.000000] mem auto-init: stack:off, heap alloc:off, heap free:off
Jul  6 08:20:06 ubuntu kernel: [    0.000000] software IO TLB: mapped [mem 0x2b2c8000-0x2f2c8000] (64MB)
Jul  6 08:20:06 ubuntu kernel: [    0.000000] Memory: 843300K/970752K available (12288K kernel code, 727K rwdata, 3708K rodata, 2048K init, 778K bss, 119260K reserved, 8192K cma-reserved, 176128K highmem)
Jul  6 08:20:06 ubuntu kernel: [    0.000000] random: get_random_u32 called from __kmem_cache_create+0x44/0x50c with crng_init=0
Jul  6 08:20:06 ubuntu kernel: [    0.000000] SLUB: HWalign=64, Order=0-3, MinObjects=0, CPUs=4, Nodes=1
Jul  6 08:20:06 ubuntu kernel: [    0.000000] ftrace: allocating 37314 entries in 73 pages
Jul  6 08:20:06 ubuntu kernel: [    0.000000] rcu: Hierarchical RCU implementation.
Jul  6 08:20:06 ubuntu kernel: [    0.000000] 	Tasks RCU enabled.
Jul  6 08:20:06 ubuntu kernel: [    0.000000] rcu: RCU calculated value of scheduler-enlistment delay is 25 jiffies.
Jul  6 08:20:06 ubuntu kernel: [    0.000000] NR_IRQS: 16, nr_irqs: 16, preallocated irqs: 16
Jul  6 08:20:06 ubuntu kernel: [    0.000000] arch_timer: cp15 timer(s) running at 19.20MHz (phys).
Jul  6 08:20:06 ubuntu kernel: [    0.000000] clocksource: arch_sys_counter: mask: 0xffffffffffffff max_cycles: 0x46d987e47, max_idle_ns: 440795202767 ns
Jul  6 08:20:06 ubuntu kernel: [    0.000007] sched_clock: 56 bits at 19MHz, resolution 52ns, wraps every 4398046511078ns
Jul  6 08:20:06 ubuntu kernel: [    0.000021] Switching to timer-based delay loop, resolution 52ns
Jul  6 08:20:06 ubuntu kernel: [    0.000313] Console: colour dummy device 80x30
Jul  6 08:20:06 ubuntu kernel: [    0.000966] printk: console [tty1] enabled
Jul  6 08:20:06 ubuntu kernel: [    0.001048] Calibrating delay loop (skipped), value calculated using timer frequency.. 38.40 BogoMIPS (lpj=76800)
Jul  6 08:20:06 ubuntu kernel: [    0.001097] pid_max: default: 32768 minimum: 301
Jul  6 08:20:06 ubuntu kernel: [    0.001431] LSM: Security Framework initializing
Jul  6 08:20:06 ubuntu kernel: [    0.001526] Yama: becoming mindful.
Jul  6 08:20:06 ubuntu kernel: [    0.001713] AppArmor: AppArmor initialized
Jul  6 08:20:06 ubuntu kernel: [    0.001982] Mount-cache hash table entries: 2048 (order: 1, 8192 bytes, linear)
Jul  6 08:20:06 ubuntu kernel: [    0.002029] Mountpoint-cache hash table entries: 2048 (order: 1, 8192 bytes, linear)
Jul  6 08:20:06 ubuntu kernel: [    0.003070] *** VALIDATE proc ***
Jul  6 08:20:06 ubuntu kernel: [    0.003646] Disabling memory control group subsystem
Jul  6 08:20:06 ubuntu kernel: [    0.003754] *** VALIDATE cgroup1 ***
Jul  6 08:20:06 ubuntu kernel: [    0.003784] *** VALIDATE cgroup2 ***
Jul  6 08:20:06 ubuntu kernel: [    0.003948] CPU: Testing write buffer coherency: ok
Jul  6 08:20:06 ubuntu kernel: [    0.004574] CPU0: thread -1, cpu 0, socket 0, mpidr 80000000
Jul  6 08:20:06 ubuntu kernel: [    0.005613] Setting up static identity map for 0x200000 - 0x200060
Jul  6 08:20:06 ubuntu kernel: [    0.005859] rcu: Hierarchical SRCU implementation.
Jul  6 08:20:06 ubuntu kernel: [    0.010093] EFI services will not be available.
Jul  6 08:20:06 ubuntu kernel: [    0.011061] smp: Bringing up secondary CPUs ...
Jul  6 08:20:06 ubuntu kernel: [    0.012609] CPU1: thread -1, cpu 1, socket 0, mpidr 80000001
Jul  6 08:20:06 ubuntu kernel: [    0.014548] CPU2: thread -1, cpu 2, socket 0, mpidr 80000002
Jul  6 08:20:06 ubuntu kernel: [    0.016511] CPU3: thread -1, cpu 3, socket 0, mpidr 80000003
Jul  6 08:20:06 ubuntu kernel: [    0.017035] smp: Brought up 1 node, 4 CPUs
Jul  6 08:20:06 ubuntu kernel: [    0.017129] SMP: Total of 4 processors activated (153.60 BogoMIPS).
Jul  6 08:20:06 ubuntu kernel: [    0.017158] CPU: All CPU(s) started in HYP mode.
Jul  6 08:20:06 ubuntu kernel: [    0.017183] CPU: Virtualization extensions available.
Jul  6 08:20:06 ubuntu kernel: [    0.018643] devtmpfs: initialized
Jul  6 08:20:06 ubuntu kernel: [    0.034817] VFP support v0.3: implementor 41 architecture 3 part 40 variant 3 rev 4
Jul  6 08:20:06 ubuntu kernel: [    0.035413] clocksource: jiffies: mask: 0xffffffff max_cycles: 0xffffffff, max_idle_ns: 7645041785100000 ns
Jul  6 08:20:06 ubuntu kernel: [    0.035469] futex hash table entries: 1024 (order: 4, 65536 bytes, linear)
Jul  6 08:20:06 ubuntu kernel: [    0.036494] pinctrl core: initialized pinctrl subsystem
Jul  6 08:20:06 ubuntu kernel: [    0.037294] DMI not present or invalid.
Jul  6 08:20:06 ubuntu kernel: [    0.038182] NET: Registered protocol family 16
Jul  6 08:20:06 ubuntu kernel: [    0.042566] DMA: preallocated 1024 KiB pool for atomic coherent allocations
Jul  6 08:20:06 ubuntu kernel: [    0.047509] audit: initializing netlink subsys (disabled)
Jul  6 08:20:06 ubuntu kernel: [    0.047878] audit: type=2000 audit(0.044:1): state=initialized audit_enabled=0 res=1
Jul  6 08:20:06 ubuntu kernel: [    0.048720] cpuidle: using governor ladder
Jul  6 08:20:06 ubuntu kernel: [    0.048791] cpuidle: using governor menu
Jul  6 08:20:06 ubuntu kernel: [    0.049467] No ATAGs?
Jul  6 08:20:06 ubuntu kernel: [    0.049678] hw-breakpoint: found 5 (+1 reserved) breakpoint and 4 watchpoint registers.
Jul  6 08:20:06 ubuntu kernel: [    0.049730] hw-breakpoint: maximum watchpoint size is 8 bytes.
Jul  6 08:20:06 ubuntu kernel: [    0.050161] Serial: AMBA PL011 UART driver
Jul  6 08:20:06 ubuntu kernel: [    0.055339] bcm2835-mbox 3f00b880.mailbox: mailbox enabled
Jul  6 08:20:06 ubuntu kernel: [    0.125540] bcm2835-dma 3f007000.dma: DMA legacy API manager, dmachans=0x1
Jul  6 08:20:06 ubuntu kernel: [    0.129919] SCSI subsystem initialized
Jul  6 08:20:06 ubuntu kernel: [    0.130262] libata version 3.00 loaded.
Jul  6 08:20:06 ubuntu kernel: [    0.130535] usbcore: registered new interface driver usbfs
Jul  6 08:20:06 ubuntu kernel: [    0.130620] usbcore: registered new interface driver hub
Jul  6 08:20:06 ubuntu kernel: [    0.130783] usbcore: registered new device driver usb
Jul  6 08:20:06 ubuntu kernel: [    0.131231] pps_core: LinuxPPS API ver. 1 registered
Jul  6 08:20:06 ubuntu kernel: [    0.131261] pps_core: Software ver. 5.3.6 - Copyright 2005-2007 Rodolfo Giometti <giometti@linux.it>
Jul  6 08:20:06 ubuntu kernel: [    0.131318] PTP clock support registered
Jul  6 08:20:06 ubuntu kernel: [    0.131710] EDAC MC: Ver: 3.0.0
Jul  6 08:20:06 ubuntu kernel: [    0.137028] raspberrypi-firmware soc:firmware: Attached to firmware from 2019-08-15 12:06, variant start
Jul  6 08:20:06 ubuntu kernel: [    0.140938] raspberrypi-firmware soc:firmware: Firmware hash is 0e6daa5106dd4164474616408e0dc24f997ffcf3
Jul  6 08:20:06 ubuntu kernel: [    0.146635] NetLabel: Initializing
Jul  6 08:20:06 ubuntu kernel: [    0.146665] NetLabel:  domain hash size = 128
Jul  6 08:20:06 ubuntu kernel: [    0.146690] NetLabel:  protocols = UNLABELED CIPSOv4 CALIPSO
Jul  6 08:20:06 ubuntu kernel: [    0.146810] NetLabel:  unlabeled traffic allowed by default
Jul  6 08:20:06 ubuntu kernel: [    0.148126] clocksource: Switched to clocksource arch_sys_counter
Jul  6 08:20:06 ubuntu kernel: [    0.272434] VFS: Disk quotas dquot_6.6.0
Jul  6 08:20:06 ubuntu kernel: [    0.272593] VFS: Dquot-cache hash table entries: 1024 (order 0, 4096 bytes)
Jul  6 08:20:06 ubuntu kernel: [    0.273567] AppArmor: AppArmor Filesystem Enabled
Jul  6 08:20:06 ubuntu kernel: [    0.273828] simple-framebuffer 3eaf0000.framebuffer: framebuffer at 0x3eaf0000, 0x10a800 bytes, mapped to 0x(ptrval)
Jul  6 08:20:06 ubuntu kernel: [    0.273878] simple-framebuffer 3eaf0000.framebuffer: format=a8r8g8b8, mode=656x416x32, linelength=2624
Jul  6 08:20:06 ubuntu kernel: [    0.278330] Console: switching to colour frame buffer device 82x26
Jul  6 08:20:06 ubuntu kernel: [    0.284204] simple-framebuffer 3eaf0000.framebuffer: fb0: simplefb registered!
Jul  6 08:20:06 ubuntu kernel: [    0.299897] thermal_sys: Registered thermal governor 'fair_share'
Jul  6 08:20:06 ubuntu kernel: [    0.299905] thermal_sys: Registered thermal governor 'bang_bang'
Jul  6 08:20:06 ubuntu kernel: [    0.302345] thermal_sys: Registered thermal governor 'step_wise'
Jul  6 08:20:06 ubuntu kernel: [    0.304734] thermal_sys: Registered thermal governor 'user_space'
Jul  6 08:20:06 ubuntu kernel: [    0.307007] thermal_sys: Registered thermal governor 'power_allocator'
Jul  6 08:20:06 ubuntu kernel: [    0.309910] NET: Registered protocol family 2
Jul  6 08:20:06 ubuntu kernel: [    0.315266] tcp_listen_portaddr_hash hash table entries: 512 (order: 0, 6144 bytes, linear)
Jul  6 08:20:06 ubuntu kernel: [    0.319576] TCP established hash table entries: 8192 (order: 3, 32768 bytes, linear)
Jul  6 08:20:06 ubuntu kernel: [    0.324215] TCP bind hash table entries: 8192 (order: 4, 65536 bytes, linear)
Jul  6 08:20:06 ubuntu kernel: [    0.326785] TCP: Hash tables configured (established 8192 bind 8192)
Jul  6 08:20:06 ubuntu kernel: [    0.329378] UDP hash table entries: 512 (order: 2, 16384 bytes, linear)
Jul  6 08:20:06 ubuntu kernel: [    0.331815] UDP-Lite hash table entries: 512 (order: 2, 16384 bytes, linear)
Jul  6 08:20:06 ubuntu kernel: [    0.334721] NET: Registered protocol family 1
Jul  6 08:20:06 ubuntu kernel: [    0.337141] NET: Registered protocol family 44
Jul  6 08:20:06 ubuntu kernel: [    0.339376] PCI: CLS 0 bytes, default 64
Jul  6 08:20:06 ubuntu kernel: [    0.341869] Trying to unpack rootfs image as initramfs...
Jul  6 08:20:06 ubuntu kernel: [    2.136849] Freeing initrd memory: 19816K
Jul  6 08:20:06 ubuntu kernel: [    2.139628] kvm [1]: Error, CPU 0 not supported!
Jul  6 08:20:06 ubuntu kernel: [    2.142596] hw perfevents: enabled with armv7_cortex_a7 PMU driver, 7 counters available
Jul  6 08:20:06 ubuntu kernel: [    2.150934] Initialise system trusted keyrings
Jul  6 08:20:06 ubuntu kernel: [    2.153260] Key type blacklist registered
Jul  6 08:20:06 ubuntu kernel: [    2.155774] workingset: timestamp_bits=14 max_order=18 bucket_order=4
Jul  6 08:20:06 ubuntu kernel: [    2.169724] zbud: loaded
Jul  6 08:20:06 ubuntu kernel: [    2.174765] squashfs: version 4.0 (2009/01/31) Phillip Lougher
Jul  6 08:20:06 ubuntu kernel: [    2.178625] fuse: init (API version 7.31)
Jul  6 08:20:06 ubuntu kernel: [    2.239355] Key type asymmetric registered
Jul  6 08:20:06 ubuntu kernel: [    2.241588] Asymmetric key parser 'x509' registered
Jul  6 08:20:06 ubuntu kernel: [    2.243877] bounce: pool size: 64 pages
Jul  6 08:20:06 ubuntu kernel: [    2.246005] Block layer SCSI generic (bsg) driver version 0.4 loaded (major 243)
Jul  6 08:20:06 ubuntu kernel: [    2.250383] io scheduler mq-deadline registered
Jul  6 08:20:06 ubuntu kernel: [    2.258382] bcm2708_fb soc:fb: FB found 1 display(s)
Jul  6 08:20:06 ubuntu kernel: [    2.265225] bcm2708_fb soc:fb: Registered framebuffer for display 0, size 656x416
Jul  6 08:20:06 ubuntu kernel: [    2.354050] Serial: 8250/16550 driver, 1 ports, IRQ sharing enabled
Jul  6 08:20:06 ubuntu kernel: [    2.358911] bcm2835-rng 3f104000.rng: hwrng registered
Jul  6 08:20:06 ubuntu kernel: [    2.361854] vc-mem: phys_addr:0x00000000 mem_base=0x3ec00000 mem_size:0x40000000(1024 MiB)
Jul  6 08:20:06 ubuntu kernel: [    2.367099] vc-sm: Videocore shared memory driver
Jul  6 08:20:06 ubuntu kernel: [    2.369903] gpiomem-bcm2835 3f200000.gpiomem: Initialised: Registers at 0x3f200000
Jul  6 08:20:06 ubuntu kernel: [    2.827419] loop: module loaded
Jul  6 08:20:06 ubuntu kernel: [    2.833182] spi-bcm2835 3f204000.spi: could not get clk: -517
Jul  6 08:20:06 ubuntu kernel: [    2.836429] libphy: Fixed MDIO Bus: probed
Jul  6 08:20:06 ubuntu kernel: [    2.838707] tun: Universal TUN/TAP device driver, 1.6
Jul  6 08:20:06 ubuntu kernel: [    2.841226] PPP generic driver version 2.4.2
Jul  6 08:20:06 ubuntu kernel: [    2.843741] usbcore: registered new interface driver lan78xx
Jul  6 08:20:06 ubuntu kernel: [    2.846137] usbcore: registered new interface driver smsc95xx
Jul  6 08:20:06 ubuntu kernel: [    2.848430] ehci_hcd: USB 2.0 'Enhanced' Host Controller (EHCI) Driver
Jul  6 08:20:06 ubuntu kernel: [    2.850688] ehci-pci: EHCI PCI platform driver
Jul  6 08:20:06 ubuntu kernel: [    2.852928] ohci_hcd: USB 1.1 'Open' Host Controller (OHCI) Driver
Jul  6 08:20:06 ubuntu kernel: [    2.855275] ohci-pci: OHCI PCI platform driver
Jul  6 08:20:06 ubuntu kernel: [    2.857536] uhci_hcd: USB Universal Host Controller Interface driver
Jul  6 08:20:06 ubuntu kernel: [    2.859928] dwc_otg: version 3.00a 10-AUG-2012 (platform bus)
Jul  6 08:20:06 ubuntu kernel: [    3.062773] Core Release: 2.80a
Jul  6 08:20:06 ubuntu kernel: [    3.064938] Setting default values for core params
Jul  6 08:20:06 ubuntu kernel: [    3.067088] Finished setting default values for core params
Jul  6 08:20:06 ubuntu kernel: [    3.269568] Using Buffer DMA mode
Jul  6 08:20:06 ubuntu kernel: [    3.271586] Periodic Transfer Interrupt Enhancement - disabled
Jul  6 08:20:06 ubuntu kernel: [    3.273678] Multiprocessor Interrupt Enhancement - disabled
Jul  6 08:20:06 ubuntu kernel: [    3.275719] OTG VER PARAM: 0, OTG VER FLAG: 0
Jul  6 08:20:06 ubuntu kernel: [    3.277709] Dedicated Tx FIFOs mode
Jul  6 08:20:06 ubuntu kernel: [    3.280182] WARN::dwc_otg_hcd_init:1045: FIQ DMA bounce buffers: virt = f095a000 dma = 0x00000000fad14000 len=9024
Jul  6 08:20:06 ubuntu kernel: [    3.284294] FIQ FSM acceleration enabled for :
Jul  6 08:20:06 ubuntu kernel: [    3.284294] Non-periodic Split Transactions
Jul  6 08:20:06 ubuntu kernel: [    3.284294] Periodic Split Transactions
Jul  6 08:20:06 ubuntu kernel: [    3.284294] High-Speed Isochronous Endpoints
Jul  6 08:20:06 ubuntu kernel: [    3.284294] Interrupt/Control Split Transaction hack enabled
Jul  6 08:20:06 ubuntu kernel: [    3.294338] dwc_otg: Microframe scheduler enabled
Jul  6 08:20:06 ubuntu kernel: [    3.294419] WARN::hcd_init_fiq:457: FIQ on core 1
Jul  6 08:20:06 ubuntu kernel: [    3.296434] WARN::hcd_init_fiq:458: FIQ ASM at c094f9e8 length 36
Jul  6 08:20:06 ubuntu kernel: [    3.298427] WARN::hcd_init_fiq:497: MPHI regs_base at f0810000
Jul  6 08:20:06 ubuntu kernel: [    3.300422] dwc_otg 3f980000.usb: DWC OTG Controller
Jul  6 08:20:06 ubuntu kernel: [    3.302391] dwc_otg 3f980000.usb: new USB bus registered, assigned bus number 1
Jul  6 08:20:06 ubuntu kernel: [    3.304439] dwc_otg 3f980000.usb: irq 56, io mem 0x00000000
Jul  6 08:20:06 ubuntu kernel: [    3.306401] Init: Port Power? op_state=1
Jul  6 08:20:06 ubuntu kernel: [    3.308320] Init: Power Port (0)
Jul  6 08:20:06 ubuntu kernel: [    3.310541] usb usb1: New USB device found, idVendor=1d6b, idProduct=0002, bcdDevice= 5.03
Jul  6 08:20:06 ubuntu kernel: [    3.314386] usb usb1: New USB device strings: Mfr=3, Product=2, SerialNumber=1
Jul  6 08:20:06 ubuntu kernel: [    3.316456] usb usb1: Product: DWC OTG Controller
Jul  6 08:20:06 ubuntu kernel: [    3.318463] usb usb1: Manufacturer: Linux 5.3.0-1027-raspi2 dwc_otg_hcd
Jul  6 08:20:06 ubuntu kernel: [    3.320559] usb usb1: SerialNumber: 3f980000.usb
Jul  6 08:20:06 ubuntu kernel: [    3.323384] hub 1-0:1.0: USB hub found
Jul  6 08:20:06 ubuntu kernel: [    3.325389] hub 1-0:1.0: 1 port detected
Jul  6 08:20:06 ubuntu kernel: [    3.328093] dwc_otg: FIQ enabled
Jul  6 08:20:06 ubuntu kernel: [    3.328126] dwc_otg: NAK holdoff enabled
Jul  6 08:20:06 ubuntu kernel: [    3.328135] dwc_otg: FIQ split-transaction FSM enabled
Jul  6 08:20:06 ubuntu kernel: [    3.328150] Module dwc_common_port init
Jul  6 08:20:06 ubuntu kernel: [    3.328797] mousedev: PS/2 mouse device common for all mice
Jul  6 08:20:06 ubuntu kernel: [    3.331533] i2c /dev entries driver
Jul  6 08:20:06 ubuntu kernel: [    3.337271] bcm2835-wdt bcm2835-wdt: Broadcom BCM2835 watchdog timer
Jul  6 08:20:06 ubuntu kernel: [    3.339577] device-mapper: uevent: version 1.0.3
Jul  6 08:20:06 ubuntu kernel: [    3.342034] device-mapper: ioctl: 4.40.0-ioctl (2019-01-18) initialised: dm-devel@redhat.com
Jul  6 08:20:06 ubuntu kernel: [    3.346371] bcm2835-cpufreq: min=600000 max=1400000
Jul  6 08:20:06 ubuntu kernel: [    3.351344] sdhci: Secure Digital Host Controller Interface driver
Jul  6 08:20:06 ubuntu kernel: [    3.352306] sdhci: Copyright(c) Pierre Ossman
Jul  6 08:20:06 ubuntu kernel: [    3.353561] mmc-bcm2835 3f300000.mmcnr: could not get clk, deferring probe
Jul  6 08:20:06 ubuntu kernel: [    3.354849] sdhost-bcm2835 3f202000.mmc: could not get clk, deferring probe
Jul  6 08:20:06 ubuntu kernel: [    3.355935] sdhci-pltfm: SDHCI platform and OF driver helper
Jul  6 08:20:06 ubuntu kernel: [    3.358391] ledtrig-cpu: registered to indicate activity on CPUs
Jul  6 08:20:06 ubuntu kernel: [    3.359483] hidraw: raw HID events driver (C) Jiri Kosina
Jul  6 08:20:06 ubuntu kernel: [    3.361118] vchiq: vchiq_init_state: slot_zero = (ptrval)
Jul  6 08:20:06 ubuntu kernel: [    3.363411] [vc_sm_connected_init]: start
Jul  6 08:20:06 ubuntu kernel: [    3.371795] [vc_sm_connected_init]: end - returning 0
Jul  6 08:20:06 ubuntu kernel: [    3.374192] NET: Registered protocol family 10
Jul  6 08:20:06 ubuntu kernel: [    3.395660] Segment Routing with IPv6
Jul  6 08:20:06 ubuntu kernel: [    3.396724] NET: Registered protocol family 17
Jul  6 08:20:06 ubuntu kernel: [    3.397813] Key type dns_resolver registered
Jul  6 08:20:06 ubuntu kernel: [    3.399001] Registering SWP/SWPB emulation handler
Jul  6 08:20:06 ubuntu kernel: [    3.400452] registered taskstats version 1
Jul  6 08:20:06 ubuntu kernel: [    3.401383] Loading compiled-in X.509 certificates
Jul  6 08:20:06 ubuntu kernel: [    3.409791] Loaded X.509 cert 'Build time autogenerated kernel key: 34a7d7c4e7459f348529e719408c74d628edf40f'
Jul  6 08:20:06 ubuntu kernel: [    3.411703] zswap: loaded using pool lzo/zbud
Jul  6 08:20:06 ubuntu kernel: [    3.427734] cryptd: max_cpu_qlen set to 1000
Jul  6 08:20:06 ubuntu kernel: [    3.488917] Key type big_key registered
Jul  6 08:20:06 ubuntu kernel: [    3.513808] Key type encrypted registered
Jul  6 08:20:06 ubuntu kernel: [    3.514681] AppArmor: AppArmor sha1 policy hashing enabled
Jul  6 08:20:06 ubuntu kernel: [    3.515530] ima: No TPM chip found, activating TPM-bypass!
Jul  6 08:20:06 ubuntu kernel: [    3.516396] ima: Allocated hash algorithm: sha1
Jul  6 08:20:06 ubuntu kernel: [    3.517218] No architecture policies found
Jul  6 08:20:06 ubuntu kernel: [    3.518038] evm: Initialising EVM extended attributes:
Jul  6 08:20:06 ubuntu kernel: [    3.518820] evm: security.selinux
Jul  6 08:20:06 ubuntu kernel: [    3.519576] evm: security.SMACK64
Jul  6 08:20:06 ubuntu kernel: [    3.520359] evm: security.SMACK64EXEC
Jul  6 08:20:06 ubuntu kernel: [    3.521086] evm: security.SMACK64TRANSMUTE
Jul  6 08:20:06 ubuntu kernel: [    3.521800] evm: security.SMACK64MMAP
Jul  6 08:20:06 ubuntu kernel: [    3.522496] evm: security.apparmor
Jul  6 08:20:06 ubuntu kernel: [    3.523170] evm: security.ima
Jul  6 08:20:06 ubuntu kernel: [    3.523820] evm: security.capability
Jul  6 08:20:06 ubuntu kernel: [    3.524466] evm: HMAC attrs: 0x1
Jul  6 08:20:06 ubuntu kernel: [    3.529928] uart-pl011 3f201000.serial: cts_event_workaround enabled
Jul  6 08:20:06 ubuntu kernel: [    3.530654] 3f201000.serial: ttyAMA0 at MMIO 0x3f201000 (irq = 81, base_baud = 0) is a PL011 rev2
Jul  6 08:20:06 ubuntu kernel: [    3.532288] Indeed it is in host mode hprt0 = 00021501
Jul  6 08:20:06 ubuntu kernel: [    3.534139] printk: console [ttyS0] disabled
Jul  6 08:20:06 ubuntu kernel: [    3.534841] 3f215040.serial: ttyS0 at MMIO 0x0 (irq = 53, base_baud = 31250000) is a 16550
Jul  6 08:20:06 ubuntu kernel: [    3.620776] random: fast init done
Jul  6 08:20:06 ubuntu kernel: [    3.649068] printk: console [ttyS0] enabled
Jul  6 08:20:06 ubuntu kernel: [    3.720138] usb 1-1: new high-speed USB device number 2 using dwc_otg
Jul  6 08:20:06 ubuntu kernel: [    3.723506] bcm2835-power bcm2835-power: Broadcom BCM2835 power domains driver
Jul  6 08:20:06 ubuntu kernel: [    3.726287] Indeed it is in host mode hprt0 = 00001101
Jul  6 08:20:06 ubuntu kernel: [    3.736616] mmc-bcm2835 3f300000.mmcnr: mmc_debug:0 mmc_debug2:0
Jul  6 08:20:06 ubuntu kernel: [    3.944313] usb 1-1: New USB device found, idVendor=0424, idProduct=2514, bcdDevice= b.b3
Jul  6 08:20:06 ubuntu kernel: [    3.948106] mmc-bcm2835 3f300000.mmcnr: DMA channel allocated
Jul  6 08:20:06 ubuntu kernel: [    3.955158] usb 1-1: New USB device strings: Mfr=0, Product=0, SerialNumber=0
Jul  6 08:20:06 ubuntu kernel: [    4.003991] mmc1: queuing unknown CIS tuple 0x80 (2 bytes)
Jul  6 08:20:06 ubuntu kernel: [    4.010025] hub 1-1:1.0: USB hub found
Jul  6 08:20:06 ubuntu kernel: [    4.014972] mmc1: queuing unknown CIS tuple 0x80 (3 bytes)
Jul  6 08:20:06 ubuntu kernel: [    4.019079] hub 1-1:1.0: 4 ports detected
Jul  6 08:20:06 ubuntu kernel: [    4.024478] sdhost: log_buf @ (ptrval) (fad13000)
Jul  6 08:20:06 ubuntu kernel: [    4.316124] usb 1-1.1: new high-speed USB device number 3 using dwc_otg
Jul  6 08:20:06 ubuntu kernel: [    4.360980] mmc1: queuing unknown CIS tuple 0x80 (3 bytes)
Jul  6 08:20:06 ubuntu kernel: [    4.464287] usb 1-1.1: New USB device found, idVendor=0424, idProduct=2514, bcdDevice= b.b3
Jul  6 08:20:06 ubuntu kernel: [    4.508447] mmc0: sdhost-bcm2835 loaded - DMA enabled (>1)
Jul  6 08:20:06 ubuntu kernel: [    4.512864] usb 1-1.1: New USB device strings: Mfr=0, Product=0, SerialNumber=0
Jul  6 08:20:06 ubuntu kernel: [    4.519187] hctosys: unable to open rtc device (rtc0)
Jul  6 08:20:06 ubuntu kernel: [    4.525740] hub 1-1.1:1.0: USB hub found
Jul  6 08:20:06 ubuntu kernel: [    4.531364] of_cfs_init
Jul  6 08:20:06 ubuntu kernel: [    4.535001] hub 1-1.1:1.0: 3 ports detected
Jul  6 08:20:06 ubuntu kernel: [    4.538309] of_cfs_init: OK
Jul  6 08:20:06 ubuntu kernel: [    4.547560] mmc1: queuing unknown CIS tuple 0x80 (7 bytes)
Jul  6 08:20:06 ubuntu kernel: [    4.983115] Freeing unused kernel memory: 2048K
Jul  6 08:20:06 ubuntu kernel: [    4.989212] Checked W+X mappings: passed, no W+X pages found
Jul  6 08:20:06 ubuntu kernel: [    4.995923] Run /init as init process
Jul  6 08:20:06 ubuntu kernel: [    5.038384] mmc0: host does not support reading read-only switch, assuming write-enable
Jul  6 08:20:06 ubuntu kernel: [    5.049435] mmc1: new high speed SDIO card at address 0001
Jul  6 08:20:06 ubuntu kernel: [    5.057460] mmc0: new high speed SDHC card at address aaaa
Jul  6 08:20:06 ubuntu kernel: [    5.065448] mmcblk0: mmc0:aaaa SC32G 29.7 GiB
Jul  6 08:20:06 ubuntu kernel: [    5.075043] random: systemd-udevd: uninitialized urandom read (16 bytes read)
Jul  6 08:20:06 ubuntu kernel: [    5.078590] random: udevadm: uninitialized urandom read (16 bytes read)
Jul  6 08:20:06 ubuntu kernel: [    5.083787]  mmcblk0: p1 p2
Jul  6 08:20:06 ubuntu kernel: [    5.084282] random: systemd-udevd: uninitialized urandom read (16 bytes read)
Jul  6 08:20:06 ubuntu kernel: [    5.132194] usb 1-1.1.1: new high-speed USB device number 4 using dwc_otg
Jul  6 08:20:06 ubuntu kernel: [    5.240593] usb 1-1.1.1: New USB device found, idVendor=0424, idProduct=7800, bcdDevice= 3.00
Jul  6 08:20:06 ubuntu kernel: [    5.251627] usb 1-1.1.1: New USB device strings: Mfr=0, Product=0, SerialNumber=0
Jul  6 08:20:06 ubuntu kernel: [    5.525607] lan78xx 1-1.1.1:1.0 (unnamed net_device) (uninitialized): No External EEPROM. Setting MAC Speed
Jul  6 08:20:06 ubuntu kernel: [    5.538402] libphy: lan78xx-mdiobus: probed
Jul  6 08:20:06 ubuntu kernel: [    5.551785] lan78xx 1-1.1.1:1.0 (unnamed net_device) (uninitialized): int urb period 64
Jul  6 08:20:06 ubuntu kernel: [    5.692491] usb_phy_generic phy: phy supply vcc not found, using dummy regulator
Jul  6 08:20:06 ubuntu kernel: [    8.020150] raid6: neonx8   gen()  1450 MB/s
Jul  6 08:20:06 ubuntu kernel: [    8.072106] raid6: neonx8   xor()  1231 MB/s
Jul  6 08:20:06 ubuntu kernel: [    8.124109] raid6: neonx4   gen()  1446 MB/s
Jul  6 08:20:06 ubuntu kernel: [    8.176114] raid6: neonx4   xor()  1288 MB/s
Jul  6 08:20:06 ubuntu kernel: [    8.228134] raid6: neonx2   gen()  1168 MB/s
Jul  6 08:20:06 ubuntu kernel: [    8.280107] raid6: neonx2   xor()  1228 MB/s
Jul  6 08:20:06 ubuntu kernel: [    8.332135] raid6: neonx1   gen()   697 MB/s
Jul  6 08:20:06 ubuntu kernel: [    8.384135] raid6: neonx1   xor()   905 MB/s
Jul  6 08:20:06 ubuntu kernel: [    8.436119] raid6: int32x8  gen()   391 MB/s
Jul  6 08:20:06 ubuntu kernel: [    8.488205] raid6: int32x8  xor()   301 MB/s
Jul  6 08:20:06 ubuntu kernel: [    8.540177] raid6: int32x4  gen()   386 MB/s
Jul  6 08:20:06 ubuntu kernel: [    8.592181] raid6: int32x4  xor()   345 MB/s
Jul  6 08:20:06 ubuntu kernel: [    8.644255] raid6: int32x2  gen()   315 MB/s
Jul  6 08:20:06 ubuntu kernel: [    8.696123] raid6: int32x2  xor()   322 MB/s
Jul  6 08:20:06 ubuntu kernel: [    8.748336] raid6: int32x1  gen()   192 MB/s
Jul  6 08:20:06 ubuntu kernel: [    8.800182] raid6: int32x1  xor()   271 MB/s
Jul  6 08:20:06 ubuntu kernel: [    8.805368] raid6: using algorithm neonx8 gen() 1450 MB/s
Jul  6 08:20:06 ubuntu kernel: [    8.811678] raid6: .... xor() 1231 MB/s, rmw enabled
Jul  6 08:20:06 ubuntu kernel: [    8.817520] raid6: using neon recovery algorithm
Jul  6 08:20:06 ubuntu kernel: [    8.832745] xor: measuring software checksum speed
Jul  6 08:20:06 ubuntu kernel: [    8.876112]    arm4regs  :  2142.000 MB/sec
Jul  6 08:20:06 ubuntu kernel: [    8.920106]    8regs     :  1596.000 MB/sec
Jul  6 08:20:06 ubuntu kernel: [    8.964107]    32regs    :  1595.000 MB/sec
Jul  6 08:20:06 ubuntu kernel: [    9.008107]    neon      :  2547.000 MB/sec
Jul  6 08:20:06 ubuntu kernel: [    9.012956] xor: using function: neon (2547.000 MB/sec)
Jul  6 08:20:06 ubuntu kernel: [    9.023721] async_tx: api initialized (async)
Jul  6 08:20:06 ubuntu kernel: [    9.286437] Btrfs loaded, crc32c=crc32c-arm-ce
Jul  6 08:20:06 ubuntu kernel: [    9.606896] EXT4-fs (mmcblk0p2): INFO: recovery required on readonly filesystem
Jul  6 08:20:06 ubuntu kernel: [    9.615314] EXT4-fs (mmcblk0p2): write access will be enabled during recovery
Jul  6 08:20:06 ubuntu kernel: [   10.123045] EXT4-fs (mmcblk0p2): recovery complete
Jul  6 08:20:06 ubuntu kernel: [   10.133180] EXT4-fs (mmcblk0p2): mounted filesystem with ordered data mode. Opts: (null)
Jul  6 08:20:06 ubuntu kernel: [   12.199362] EXT4-fs (mmcblk0p2): re-mounted. Opts: (null)
Jul  6 08:20:06 ubuntu kernel: [   12.501735] Loading iSCSI transport class v2.0-870.
Jul  6 08:20:06 ubuntu kernel: [   12.721220] iscsi: registered transport (tcp)
Jul  6 08:20:06 ubuntu kernel: [   13.334444] mc: Linux media interface: v0.10
Jul  6 08:20:06 ubuntu kernel: [   13.360511] videodev: Linux video capture interface: v2.00
