Feb  3 18:33:30 ubuntu systemd-modules-load[744]: Inserted module 'iscsi_tcp'
Feb  3 18:33:30 ubuntu systemd-modules-load[744]: Failed to find module 'ib_iser'
Feb  3 18:33:30 ubuntu kernel: [    0.000000] Booting Linux on physical CPU 0x0
Feb  3 18:33:30 ubuntu kernel: [    0.000000] Linux version 5.3.0-1017-raspi2 (buildd@bos02-arm64-053) (gcc version 7.4.0 (Ubuntu/Linaro 7.4.0-1ubuntu1~18.04.1)) #19~18.04.1-Ubuntu SMP Fri Jan 17 11:16:28 UTC 2020 (Ubuntu 5.3.0-1017.19~18.04.1-raspi2 5.3.13)
Feb  3 18:33:30 ubuntu kernel: [    0.000000] CPU: ARMv7 Processor [410fd034] revision 4 (ARMv7), cr=30c5383d
Feb  3 18:33:30 ubuntu kernel: [    0.000000] CPU: div instructions available: patching division code
Feb  3 18:33:30 ubuntu kernel: [    0.000000] CPU: PIPT / VIPT nonaliasing data cache, VIPT aliasing instruction cache
Feb  3 18:33:30 ubuntu kernel: [    0.000000] OF: fdt: Machine model: Raspberry Pi 3 Model B Plus Rev 1.3
Feb  3 18:33:30 ubuntu kernel: [    0.000000] Memory policy: Data cache writealloc
Feb  3 18:33:30 ubuntu kernel: [    0.000000] efi: Getting EFI parameters from FDT:
Feb  3 18:33:30 ubuntu kernel: [    0.000000] efi: UEFI not found.
Feb  3 18:33:30 ubuntu kernel: [    0.000000] cma: Reserved 8 MiB at 0x000000003ac00000
Feb  3 18:33:30 ubuntu kernel: [    0.000000] On node 0 totalpages: 242688
Feb  3 18:33:30 ubuntu kernel: [    0.000000]   DMA zone: 2304 pages used for memmap
Feb  3 18:33:30 ubuntu kernel: [    0.000000]   DMA zone: 0 pages reserved
Feb  3 18:33:30 ubuntu kernel: [    0.000000]   DMA zone: 196608 pages, LIFO batch:63
Feb  3 18:33:30 ubuntu kernel: [    0.000000]   HighMem zone: 46080 pages, LIFO batch:15
Feb  3 18:33:30 ubuntu kernel: [    0.000000] percpu: Embedded 21 pages/cpu s53900 r8192 d23924 u86016
Feb  3 18:33:30 ubuntu kernel: [    0.000000] pcpu-alloc: s53900 r8192 d23924 u86016 alloc=21*4096
Feb  3 18:33:30 ubuntu kernel: [    0.000000] pcpu-alloc: [0] 0 [0] 1 [0] 2 [0] 3 
Feb  3 18:33:30 ubuntu kernel: [    0.000000] Built 1 zonelists, mobility grouping on.  Total pages: 240384
Feb  3 18:33:30 ubuntu kernel: [    0.000000] Kernel command line: coherent_pool=1M 8250.nr_uarts=1 bcm2708_fb.fbwidth=656 bcm2708_fb.fbheight=416 bcm2708_fb.fbswap=1 vc_mem.mem_base=0x3ec00000 vc_mem.mem_size=0x40000000  net.ifnames=0 dwc_otg.lpm_enable=0 console=ttyS0,115200 console=tty1 root=LABEL=writable rootfstype=ext4 elevator=deadline rootwait fixrtc
Feb  3 18:33:30 ubuntu kernel: [    0.000000] Dentry cache hash table entries: 131072 (order: 7, 524288 bytes, linear)
Feb  3 18:33:30 ubuntu kernel: [    0.000000] Inode-cache hash table entries: 65536 (order: 6, 262144 bytes, linear)
Feb  3 18:33:30 ubuntu kernel: [    0.000000] allocated 970752 bytes of page_ext
Feb  3 18:33:30 ubuntu kernel: [    0.000000] mem auto-init: stack:off, heap alloc:off, heap free:off
Feb  3 18:33:30 ubuntu kernel: [    0.000000] software IO TLB: mapped [mem 0x2b2c8000-0x2f2c8000] (64MB)
Feb  3 18:33:30 ubuntu kernel: [    0.000000] Memory: 843312K/970752K available (12288K kernel code, 736K rwdata, 3736K rodata, 2048K init, 779K bss, 119248K reserved, 8192K cma-reserved, 176128K highmem)
Feb  3 18:33:30 ubuntu kernel: [    0.000000] random: get_random_u32 called from __kmem_cache_create+0x44/0x508 with crng_init=0
Feb  3 18:33:30 ubuntu kernel: [    0.000000] SLUB: HWalign=64, Order=0-3, MinObjects=0, CPUs=4, Nodes=1
Feb  3 18:33:30 ubuntu kernel: [    0.000000] ftrace: allocating 37266 entries in 73 pages
Feb  3 18:33:30 ubuntu kernel: [    0.000000] rcu: Hierarchical RCU implementation.
Feb  3 18:33:30 ubuntu kernel: [    0.000000] 	Tasks RCU enabled.
Feb  3 18:33:30 ubuntu kernel: [    0.000000] rcu: RCU calculated value of scheduler-enlistment delay is 25 jiffies.
Feb  3 18:33:30 ubuntu kernel: [    0.000000] NR_IRQS: 16, nr_irqs: 16, preallocated irqs: 16
Feb  3 18:33:30 ubuntu kernel: [    0.000000] arch_timer: cp15 timer(s) running at 19.20MHz (phys).
Feb  3 18:33:30 ubuntu kernel: [    0.000000] clocksource: arch_sys_counter: mask: 0xffffffffffffff max_cycles: 0x46d987e47, max_idle_ns: 440795202767 ns
Feb  3 18:33:30 ubuntu kernel: [    0.000007] sched_clock: 56 bits at 19MHz, resolution 52ns, wraps every 4398046511078ns
Feb  3 18:33:30 ubuntu kernel: [    0.000021] Switching to timer-based delay loop, resolution 52ns
Feb  3 18:33:30 ubuntu kernel: [    0.000312] Console: colour dummy device 80x30
Feb  3 18:33:30 ubuntu kernel: [    0.000967] printk: console [tty1] enabled
Feb  3 18:33:30 ubuntu kernel: [    0.001052] Calibrating delay loop (skipped), value calculated using timer frequency.. 38.40 BogoMIPS (lpj=76800)
Feb  3 18:33:30 ubuntu kernel: [    0.001102] pid_max: default: 32768 minimum: 301
Feb  3 18:33:30 ubuntu kernel: [    0.001435] LSM: Security Framework initializing
Feb  3 18:33:30 ubuntu kernel: [    0.001530] Yama: becoming mindful.
Feb  3 18:33:30 ubuntu kernel: [    0.001717] AppArmor: AppArmor initialized
Feb  3 18:33:30 ubuntu kernel: [    0.001987] Mount-cache hash table entries: 2048 (order: 1, 8192 bytes, linear)
Feb  3 18:33:30 ubuntu kernel: [    0.002035] Mountpoint-cache hash table entries: 2048 (order: 1, 8192 bytes, linear)
Feb  3 18:33:30 ubuntu kernel: [    0.003075] *** VALIDATE proc ***
Feb  3 18:33:30 ubuntu kernel: [    0.003642] Disabling memory control group subsystem
Feb  3 18:33:30 ubuntu kernel: [    0.003754] *** VALIDATE cgroup1 ***
Feb  3 18:33:30 ubuntu kernel: [    0.003783] *** VALIDATE cgroup2 ***
Feb  3 18:33:30 ubuntu kernel: [    0.003950] CPU: Testing write buffer coherency: ok
Feb  3 18:33:30 ubuntu kernel: [    0.004571] CPU0: thread -1, cpu 0, socket 0, mpidr 80000000
Feb  3 18:33:30 ubuntu kernel: [    0.005609] Setting up static identity map for 0x200000 - 0x200060
Feb  3 18:33:30 ubuntu kernel: [    0.005854] rcu: Hierarchical SRCU implementation.
Feb  3 18:33:30 ubuntu kernel: [    0.010108] EFI services will not be available.
Feb  3 18:33:30 ubuntu kernel: [    0.011071] smp: Bringing up secondary CPUs ...
Feb  3 18:33:30 ubuntu kernel: [    0.012603] CPU1: thread -1, cpu 1, socket 0, mpidr 80000001
Feb  3 18:33:30 ubuntu kernel: [    0.014551] CPU2: thread -1, cpu 2, socket 0, mpidr 80000002
Feb  3 18:33:30 ubuntu kernel: [    0.016523] CPU3: thread -1, cpu 3, socket 0, mpidr 80000003
Feb  3 18:33:30 ubuntu kernel: [    0.017068] smp: Brought up 1 node, 4 CPUs
Feb  3 18:33:30 ubuntu kernel: [    0.017160] SMP: Total of 4 processors activated (153.60 BogoMIPS).
Feb  3 18:33:30 ubuntu kernel: [    0.017189] CPU: All CPU(s) started in HYP mode.
Feb  3 18:33:30 ubuntu kernel: [    0.017214] CPU: Virtualization extensions available.
Feb  3 18:33:30 ubuntu kernel: [    0.018665] devtmpfs: initialized
Feb  3 18:33:30 ubuntu kernel: [    0.035220] VFP support v0.3: implementor 41 architecture 3 part 40 variant 3 rev 4
Feb  3 18:33:30 ubuntu kernel: [    0.035817] clocksource: jiffies: mask: 0xffffffff max_cycles: 0xffffffff, max_idle_ns: 7645041785100000 ns
Feb  3 18:33:30 ubuntu kernel: [    0.035875] futex hash table entries: 1024 (order: 4, 65536 bytes, linear)
Feb  3 18:33:30 ubuntu kernel: [    0.036888] pinctrl core: initialized pinctrl subsystem
Feb  3 18:33:30 ubuntu kernel: [    0.037686] DMI not present or invalid.
Feb  3 18:33:30 ubuntu kernel: [    0.038570] NET: Registered protocol family 16
Feb  3 18:33:30 ubuntu kernel: [    0.042986] DMA: preallocated 1024 KiB pool for atomic coherent allocations
Feb  3 18:33:30 ubuntu kernel: [    0.047923] audit: initializing netlink subsys (disabled)
Feb  3 18:33:30 ubuntu kernel: [    0.048320] audit: type=2000 audit(0.048:1): state=initialized audit_enabled=0 res=1
Feb  3 18:33:30 ubuntu kernel: [    0.049112] cpuidle: using governor ladder
Feb  3 18:33:30 ubuntu systemd[1]: Starting Flush Journal to Persistent Storage...
Feb  3 18:33:30 ubuntu kernel: [    0.049182] cpuidle: using governor menu
Feb  3 18:33:30 ubuntu kernel: [    0.049858] No ATAGs?
Feb  3 18:33:30 ubuntu kernel: [    0.050070] hw-breakpoint: found 5 (+1 reserved) breakpoint and 4 watchpoint registers.
Feb  3 18:33:30 ubuntu kernel: [    0.050123] hw-breakpoint: maximum watchpoint size is 8 bytes.
Feb  3 18:33:30 ubuntu kernel: [    0.050542] Serial: AMBA PL011 UART driver
Feb  3 18:33:30 ubuntu kernel: [    0.055741] bcm2835-mbox 3f00b880.mailbox: mailbox enabled
Feb  3 18:33:30 ubuntu kernel: [    0.126681] bcm2835-dma 3f007000.dma: DMA legacy API manager, dmachans=0x1
Feb  3 18:33:30 ubuntu kernel: [    0.130911] SCSI subsystem initialized
Feb  3 18:33:30 ubuntu kernel: [    0.131303] libata version 3.00 loaded.
Feb  3 18:33:30 ubuntu systemd[1]: Started LVM2 metadata daemon.
Feb  3 18:33:30 ubuntu kernel: [    0.131622] usbcore: registered new interface driver usbfs
Feb  3 18:33:30 ubuntu kernel: [    0.131708] usbcore: registered new interface driver hub
Feb  3 18:33:30 ubuntu kernel: [    0.131893] usbcore: registered new device driver usb
Feb  3 18:33:30 ubuntu kernel: [    0.132346] pps_core: LinuxPPS API ver. 1 registered
Feb  3 18:33:30 ubuntu systemd[1]: Started Apply Kernel Variables.
Feb  3 18:33:30 ubuntu kernel: [    0.132376] pps_core: Software ver. 5.3.6 - Copyright 2005-2007 Rodolfo Giometti <giometti@linux.it>
Feb  3 18:33:30 ubuntu kernel: [    0.132431] PTP clock support registered
Feb  3 18:33:30 ubuntu kernel: [    0.133324] EDAC MC: Ver: 3.0.0
Feb  3 18:33:30 ubuntu kernel: [    0.140976] raspberrypi-firmware soc:firmware: Attached to firmware from 2019-08-15 12:06, variant start
Feb  3 18:33:30 ubuntu kernel: [    0.144869] raspberrypi-firmware soc:firmware: Firmware hash is 0e6daa5106dd4164474616408e0dc24f997ffcf3
Feb  3 18:33:30 ubuntu kernel: [    0.150612] NetLabel: Initializing
Feb  3 18:33:30 ubuntu systemd[1]: Started Create Static Device Nodes in /dev.
Feb  3 18:33:30 ubuntu kernel: [    0.150640] NetLabel:  domain hash size = 128
Feb  3 18:33:30 ubuntu kernel: [    0.150665] NetLabel:  protocols = UNLABELED CIPSOv4 CALIPSO
Feb  3 18:33:30 ubuntu systemd[1]: Starting udev Kernel Device Manager...
Feb  3 18:33:30 ubuntu kernel: [    0.150784] NetLabel:  unlabeled traffic allowed by default
Feb  3 18:33:30 ubuntu kernel: [    0.151968] clocksource: Switched to clocksource arch_sys_counter
Feb  3 18:33:30 ubuntu kernel: [    0.275261] VFS: Disk quotas dquot_6.6.0
Feb  3 18:33:30 ubuntu kernel: [    0.275436] VFS: Dquot-cache hash table entries: 1024 (order 0, 4096 bytes)
Feb  3 18:33:30 ubuntu kernel: [    0.276413] AppArmor: AppArmor Filesystem Enabled
Feb  3 18:33:30 ubuntu kernel: [    0.276712] simple-framebuffer 3eaf0000.framebuffer: framebuffer at 0x3eaf0000, 0x10a800 bytes, mapped to 0x(ptrval)
Feb  3 18:33:30 ubuntu systemd[1]: Started Flush Journal to Persistent Storage.
Feb  3 18:33:30 ubuntu kernel: [    0.276762] simple-framebuffer 3eaf0000.framebuffer: format=a8r8g8b8, mode=656x416x32, linelength=2624
Feb  3 18:33:30 ubuntu kernel: [    0.281160] Console: switching to colour frame buffer device 82x26
Feb  3 18:33:30 ubuntu kernel: [    0.287013] simple-framebuffer 3eaf0000.framebuffer: fb0: simplefb registered!
Feb  3 18:33:30 ubuntu kernel: [    0.302717] thermal_sys: Registered thermal governor 'fair_share'
Feb  3 18:33:30 ubuntu kernel: [    0.302726] thermal_sys: Registered thermal governor 'bang_bang'
Feb  3 18:33:30 ubuntu systemd-udevd[773]: Network interface NamePolicy= disabled on kernel command line, ignoring.
Feb  3 18:33:30 ubuntu kernel: [    0.305170] thermal_sys: Registered thermal governor 'step_wise'
Feb  3 18:33:30 ubuntu kernel: [    0.307537] thermal_sys: Registered thermal governor 'user_space'
Feb  3 18:33:30 ubuntu kernel: [    0.309832] thermal_sys: Registered thermal governor 'power_allocator'
Feb  3 18:33:30 ubuntu kernel: [    0.312751] NET: Registered protocol family 2
Feb  3 18:33:30 ubuntu systemd[1]: Started Set the console keyboard layout.
Feb  3 18:33:30 ubuntu kernel: [    0.317840] tcp_listen_portaddr_hash hash table entries: 512 (order: 0, 6144 bytes, linear)
Feb  3 18:33:30 ubuntu systemd[1]: Started udev Kernel Device Manager.
Feb  3 18:33:30 ubuntu systemd[1]: Started Monitoring of LVM2 mirrors, snapshots etc. using dmeventd or progress polling.
Feb  3 18:33:30 ubuntu systemd[1]: Reached target Local File Systems (Pre).
Feb  3 18:33:30 ubuntu systemd[1]: Started udev Coldplug all Devices.
Feb  3 18:33:30 ubuntu systemd[1]: Started Dispatch Password Requests to Console Directory Watch.
Feb  3 18:33:30 ubuntu systemd[1]: Reached target Local Encrypted Volumes.
Feb  3 18:33:30 ubuntu systemd[1]: Found device /dev/ttyS0.
Feb  3 18:33:30 ubuntu systemd-udevd[803]: link_config: autonegotiation is unset or enabled, the speed and duplex are not writable.
Feb  3 18:33:30 ubuntu systemd-udevd[797]: link_config: autonegotiation is unset or enabled, the speed and duplex are not writable.
Feb  3 18:33:30 ubuntu systemd[1]: Found device /dev/disk/by-label/system-boot.
Feb  3 18:33:30 ubuntu systemd[1]: Starting File System Check on /dev/disk/by-label/system-boot...
Feb  3 18:33:30 ubuntu systemd[1]: Listening on Load/Save RF Kill Switch Status /dev/rfkill Watch.
Feb  3 18:33:30 ubuntu systemd[1]: Starting Load/Save RF Kill Switch Status...
Feb  3 18:33:30 ubuntu systemd[1]: Started File System Check Daemon to report status.
Feb  3 18:33:30 ubuntu systemd-fsck[1107]: fsck.fat 4.1 (2017-01-24)
Feb  3 18:33:30 ubuntu systemd-fsck[1107]: /dev/mmcblk0p1: 244 files, 106120/516190 clusters
Feb  3 18:33:30 ubuntu systemd[1]: Started File System Check on /dev/disk/by-label/system-boot.
Feb  3 18:33:30 ubuntu systemd-udevd[796]: link_config: autonegotiation is unset or enabled, the speed and duplex are not writable.
Feb  3 18:33:30 ubuntu systemd[1]: Started Load/Save RF Kill Switch Status.
Feb  3 18:33:30 ubuntu systemd[1]: boot-firmware.mount: Directory /boot/firmware to mount over is not empty, mounting anyway.
Feb  3 18:33:30 ubuntu kernel: [    0.322113] TCP established hash table entries: 8192 (order: 3, 32768 bytes, linear)
Feb  3 18:33:30 ubuntu kernel: [    0.326718] TCP bind hash table entries: 8192 (order: 4, 65536 bytes, linear)
Feb  3 18:33:30 ubuntu kernel: [    0.329314] TCP: Hash tables configured (established 8192 bind 8192)
Feb  3 18:33:30 ubuntu kernel: [    0.331864] UDP hash table entries: 512 (order: 2, 16384 bytes, linear)
Feb  3 18:33:30 ubuntu kernel: [    0.334321] UDP-Lite hash table entries: 512 (order: 2, 16384 bytes, linear)
Feb  3 18:33:30 ubuntu systemd[1]: Mounting /boot/firmware...
Feb  3 18:33:30 ubuntu kernel: [    0.337209] NET: Registered protocol family 1
Feb  3 18:33:30 ubuntu kernel: [    0.339578] NET: Registered protocol family 44
Feb  3 18:33:30 ubuntu kernel: [    0.341852] PCI: CLS 0 bytes, default 64
Feb  3 18:33:30 ubuntu kernel: [    0.344295] Trying to unpack rootfs image as initramfs...
Feb  3 18:33:30 ubuntu systemd[1]: Mounted /boot/firmware.
Feb  3 18:33:30 ubuntu kernel: [    2.144507] Freeing initrd memory: 19796K
Feb  3 18:33:30 ubuntu kernel: [    2.147279] kvm [1]: Error, CPU 0 not supported!
Feb  3 18:33:30 ubuntu kernel: [    2.150256] hw perfevents: enabled with armv7_cortex_a7 PMU driver, 7 counters available
Feb  3 18:33:30 ubuntu kernel: [    2.158837] Initialise system trusted keyrings
Feb  3 18:33:30 ubuntu kernel: [    2.161127] Key type blacklist registered
Feb  3 18:33:30 ubuntu systemd[1]: Reached target Local File Systems.
Feb  3 18:33:30 ubuntu kernel: [    2.163615] workingset: timestamp_bits=14 max_order=18 bucket_order=4
Feb  3 18:33:30 ubuntu kernel: [    2.177585] zbud: loaded
Feb  3 18:33:30 ubuntu kernel: [    2.182632] squashfs: version 4.0 (2009/01/31) Phillip Lougher
Feb  3 18:33:30 ubuntu kernel: [    2.186552] fuse: init (API version 7.31)
Feb  3 18:33:30 ubuntu kernel: [    2.250403] Key type asymmetric registered
Feb  3 18:33:30 ubuntu kernel: [    2.252633] Asymmetric key parser 'x509' registered
Feb  3 18:33:30 ubuntu kernel: [    2.254938] bounce: pool size: 64 pages
Feb  3 18:33:30 ubuntu kernel: [    2.257058] Block layer SCSI generic (bsg) driver version 0.4 loaded (major 243)
Feb  3 18:33:30 ubuntu systemd[1]: Starting Set console font and keymap...
Feb  3 18:33:30 ubuntu kernel: [    2.261417] io scheduler mq-deadline registered
Feb  3 18:33:30 ubuntu systemd[1]: Starting Create Volatile Files and Directories...
Feb  3 18:33:30 ubuntu kernel: [    2.269344] bcm2708_fb soc:fb: FB found 1 display(s)
Feb  3 18:33:30 ubuntu kernel: [    2.276118] bcm2708_fb soc:fb: Registered framebuffer for display 0, size 656x416
Feb  3 18:33:30 ubuntu kernel: [    2.364376] Serial: 8250/16550 driver, 1 ports, IRQ sharing enabled
Feb  3 18:33:30 ubuntu kernel: [    2.369258] bcm2835-rng 3f104000.rng: hwrng registered
Feb  3 18:33:30 ubuntu kernel: [    2.372224] vc-mem: phys_addr:0x00000000 mem_base=0x3ec00000 mem_size:0x40000000(1024 MiB)
Feb  3 18:33:30 ubuntu systemd[1]: Starting Tell Plymouth To Write Out Runtime Data...
Feb  3 18:33:30 ubuntu kernel: [    2.377453] vc-sm: Videocore shared memory driver
Feb  3 18:33:30 ubuntu kernel: [    2.380253] gpiomem-bcm2835 3f200000.gpiomem: Initialised: Registers at 0x3f200000
Feb  3 18:33:30 ubuntu kernel: [    2.836889] loop: module loaded
Feb  3 18:33:30 ubuntu kernel: [    2.842639] spi-bcm2835 3f204000.spi: could not get clk: -517
Feb  3 18:33:30 ubuntu kernel: [    2.845895] libphy: Fixed MDIO Bus: probed
Feb  3 18:33:30 ubuntu kernel: [    2.848193] tun: Universal TUN/TAP device driver, 1.6
Feb  3 18:33:30 ubuntu kernel: [    2.850651] PPP generic driver version 2.4.2
Feb  3 18:33:30 ubuntu kernel: [    2.853310] usbcore: registered new interface driver lan78xx
Feb  3 18:33:30 ubuntu systemd[1]: Starting Commit a transient machine-id on disk...
Feb  3 18:33:30 ubuntu kernel: [    2.855652] usbcore: registered new interface driver smsc95xx
Feb  3 18:33:30 ubuntu kernel: [    2.857962] ehci_hcd: USB 2.0 'Enhanced' Host Controller (EHCI) Driver
Feb  3 18:33:30 ubuntu kernel: [    2.860240] ehci-pci: EHCI PCI platform driver
Feb  3 18:33:30 ubuntu kernel: [    2.862456] ohci_hcd: USB 1.1 'Open' Host Controller (OHCI) Driver
Feb  3 18:33:30 ubuntu kernel: [    2.864838] ohci-pci: OHCI PCI platform driver
Feb  3 18:33:30 ubuntu kernel: [    2.867069] uhci_hcd: USB Universal Host Controller Interface driver
Feb  3 18:33:30 ubuntu kernel: [    2.869490] dwc_otg: version 3.00a 10-AUG-2012 (platform bus)
Feb  3 18:33:30 ubuntu kernel: [    3.072331] Core Release: 2.80a
Feb  3 18:33:30 ubuntu kernel: [    3.074457] Setting default values for core params
Feb  3 18:33:30 ubuntu kernel: [    3.076633] Finished setting default values for core params
Feb  3 18:33:30 ubuntu kernel: [    3.279102] Using Buffer DMA mode
Feb  3 18:33:30 ubuntu systemd[1]: Starting AppArmor initialization...
Feb  3 18:33:30 ubuntu kernel: [    3.281137] Periodic Transfer Interrupt Enhancement - disabled
Feb  3 18:33:30 ubuntu kernel: [    3.283206] Multiprocessor Interrupt Enhancement - disabled
Feb  3 18:33:30 ubuntu kernel: [    3.285267] OTG VER PARAM: 0, OTG VER FLAG: 0
Feb  3 18:33:30 ubuntu kernel: [    3.287237] Dedicated Tx FIFOs mode
Feb  3 18:33:30 ubuntu kernel: [    3.289660] WARN::dwc_otg_hcd_init:1045: FIQ DMA bounce buffers: virt = f095a000 dma = 0x00000000fad14000 len=9024
Feb  3 18:33:30 ubuntu kernel: [    3.293772] FIQ FSM acceleration enabled for :
Feb  3 18:33:30 ubuntu kernel: [    3.293772] Non-periodic Split Transactions
Feb  3 18:33:30 ubuntu systemd[1]: Starting ebtables ruleset management...
Feb  3 18:33:30 ubuntu kernel: [    3.293772] Periodic Split Transactions
Feb  3 18:33:30 ubuntu kernel: [    3.293772] High-Speed Isochronous Endpoints
Feb  3 18:33:30 ubuntu kernel: [    3.293772] Interrupt/Control Split Transaction hack enabled
Feb  3 18:33:30 ubuntu kernel: [    3.303811] dwc_otg: Microframe scheduler enabled
Feb  3 18:33:30 ubuntu kernel: [    3.303890] WARN::hcd_init_fiq:457: FIQ on core 1
Feb  3 18:33:30 ubuntu kernel: [    3.305905] WARN::hcd_init_fiq:458: FIQ ASM at c094a398 length 36
Feb  3 18:33:30 ubuntu kernel: [    3.307897] WARN::hcd_init_fiq:497: MPHI regs_base at f0810000
Feb  3 18:33:30 ubuntu kernel: [    3.309893] dwc_otg 3f980000.usb: DWC OTG Controller
Feb  3 18:33:30 ubuntu systemd[1]: Starting Initial cloud-init job (pre-networking)...
Feb  3 18:33:30 ubuntu kernel: [    3.311860] dwc_otg 3f980000.usb: new USB bus registered, assigned bus number 1
Feb  3 18:33:30 ubuntu kernel: [    3.313890] dwc_otg 3f980000.usb: irq 56, io mem 0x00000000
Feb  3 18:33:30 ubuntu kernel: [    3.315847] Init: Port Power? op_state=1
Feb  3 18:33:30 ubuntu kernel: [    3.317763] Init: Power Port (0)
Feb  3 18:33:30 ubuntu kernel: [    3.320004] usb usb1: New USB device found, idVendor=1d6b, idProduct=0002, bcdDevice= 5.03
Feb  3 18:33:30 ubuntu kernel: [    3.323810] usb usb1: New USB device strings: Mfr=3, Product=2, SerialNumber=1
Feb  3 18:33:30 ubuntu kernel: [    3.325873] usb usb1: Product: DWC OTG Controller
Feb  3 18:33:30 ubuntu systemd[1]: Started Set console font and keymap.
Feb  3 18:33:30 ubuntu kernel: [    3.327878] usb usb1: Manufacturer: Linux 5.3.0-1017-raspi2 dwc_otg_hcd
Feb  3 18:33:30 ubuntu kernel: [    3.329970] usb usb1: SerialNumber: 3f980000.usb
Feb  3 18:33:30 ubuntu kernel: [    3.332796] hub 1-0:1.0: USB hub found
Feb  3 18:33:30 ubuntu kernel: [    3.334767] hub 1-0:1.0: 1 port detected
Feb  3 18:33:30 ubuntu kernel: [    3.337534] dwc_otg: FIQ enabled
Feb  3 18:33:30 ubuntu kernel: [    3.337545] dwc_otg: NAK holdoff enabled
Feb  3 18:33:30 ubuntu kernel: [    3.337554] dwc_otg: FIQ split-transaction FSM enabled
Feb  3 18:33:30 ubuntu kernel: [    3.337570] Module dwc_common_port init
Feb  3 18:33:30 ubuntu systemd[1]: Started Tell Plymouth To Write Out Runtime Data.
Feb  3 18:33:30 ubuntu kernel: [    3.338251] mousedev: PS/2 mouse device common for all mice
Feb  3 18:33:30 ubuntu kernel: [    3.341015] i2c /dev entries driver
Feb  3 18:33:30 ubuntu kernel: [    3.346728] bcm2835-wdt bcm2835-wdt: Broadcom BCM2835 watchdog timer
Feb  3 18:33:30 ubuntu kernel: [    3.349057] device-mapper: uevent: version 1.0.3
Feb  3 18:33:30 ubuntu kernel: [    3.351523] device-mapper: ioctl: 4.40.0-ioctl (2019-01-18) initialised: dm-devel@redhat.com
Feb  3 18:33:30 ubuntu kernel: [    3.355832] bcm2835-cpufreq: min=600000 max=1400000
Feb  3 18:33:30 ubuntu kernel: [    3.360768] sdhci: Secure Digital Host Controller Interface driver
Feb  3 18:33:30 ubuntu kernel: [    3.361723] sdhci: Copyright(c) Pierre Ossman
Feb  3 18:33:30 ubuntu kernel: [    3.362996] mmc-bcm2835 3f300000.mmcnr: could not get clk, deferring probe
Feb  3 18:33:30 ubuntu kernel: [    3.364288] sdhost-bcm2835 3f202000.mmc: could not get clk, deferring probe
Feb  3 18:33:30 ubuntu systemd[1]: Started Commit a transient machine-id on disk.
Feb  3 18:33:30 ubuntu kernel: [    3.365357] sdhci-pltfm: SDHCI platform and OF driver helper
Feb  3 18:33:30 ubuntu kernel: [    3.367820] ledtrig-cpu: registered to indicate activity on CPUs
Feb  3 18:33:30 ubuntu kernel: [    3.368933] hidraw: raw HID events driver (C) Jiri Kosina
Feb  3 18:33:30 ubuntu kernel: [    3.370551] vchiq: vchiq_init_state: slot_zero = (ptrval)
Feb  3 18:33:30 ubuntu kernel: [    3.372874] [vc_sm_connected_init]: start
Feb  3 18:33:30 ubuntu kernel: [    3.381307] [vc_sm_connected_init]: end - returning 0
Feb  3 18:33:30 ubuntu kernel: [    3.383680] NET: Registered protocol family 10
Feb  3 18:33:30 ubuntu kernel: [    3.404520] Segment Routing with IPv6
Feb  3 18:33:30 ubuntu systemd[1]: Started Create Volatile Files and Directories.
Feb  3 18:33:30 ubuntu kernel: [    3.405522] NET: Registered protocol family 17
Feb  3 18:33:30 ubuntu kernel: [    3.406624] Key type dns_resolver registered
Feb  3 18:33:30 ubuntu kernel: [    3.407808] Registering SWP/SWPB emulation handler
Feb  3 18:33:30 ubuntu kernel: [    3.409264] registered taskstats version 1
Feb  3 18:33:30 ubuntu systemd[1]: Starting Network Time Synchronization...
Feb  3 18:33:30 ubuntu kernel: [    3.410208] Loading compiled-in X.509 certificates
Feb  3 18:33:30 ubuntu kernel: [    3.418516] Loaded X.509 cert 'Build time autogenerated kernel key: 10df5f3b3196ddad7adee7efd4e92101a500f0d8'
Feb  3 18:33:30 ubuntu kernel: [    3.420446] zswap: loaded using pool lzo/zbud
Feb  3 18:33:30 ubuntu kernel: [    3.436497] cryptd: max_cpu_qlen set to 1000
Feb  3 18:33:30 ubuntu kernel: [    3.495001] Key type big_key registered
Feb  3 18:33:30 ubuntu kernel: [    3.520341] Key type encrypted registered
Feb  3 18:33:30 ubuntu kernel: [    3.521203] AppArmor: AppArmor sha1 policy hashing enabled
Feb  3 18:33:30 ubuntu kernel: [    3.522048] ima: No TPM chip found, activating TPM-bypass!
Feb  3 18:33:30 ubuntu kernel: [    3.522886] ima: Allocated hash algorithm: sha1
Feb  3 18:33:30 ubuntu systemd[1]: Starting Update UTMP about System Boot/Shutdown...
Feb  3 18:33:30 ubuntu kernel: [    3.523701] No architecture policies found
Feb  3 18:33:30 ubuntu kernel: [    3.524557] evm: Initialising EVM extended attributes:
Feb  3 18:33:30 ubuntu kernel: [    3.525340] evm: security.selinux
Feb  3 18:33:30 ubuntu kernel: [    3.526099] evm: security.SMACK64
Feb  3 18:33:30 ubuntu kernel: [    3.526850] evm: security.SMACK64EXEC
Feb  3 18:33:30 ubuntu kernel: [    3.527577] evm: security.SMACK64TRANSMUTE
Feb  3 18:33:30 ubuntu kernel: [    3.528311] evm: security.SMACK64MMAP
Feb  3 18:33:30 ubuntu systemd[1]: Started Update UTMP about System Boot/Shutdown.
Feb  3 18:33:30 ubuntu kernel: [    3.529003] evm: security.apparmor
Feb  3 18:33:30 ubuntu kernel: [    3.529676] evm: security.ima
Feb  3 18:33:30 ubuntu kernel: [    3.530322] evm: security.capability
Feb  3 18:33:30 ubuntu kernel: [    3.530958] evm: HMAC attrs: 0x1
Feb  3 18:33:30 ubuntu kernel: [    3.536329] uart-pl011 3f201000.serial: cts_event_workaround enabled
Feb  3 18:33:30 ubuntu kernel: [    3.537056] 3f201000.serial: ttyAMA0 at MMIO 0x3f201000 (irq = 81, base_baud = 0) is a PL011 rev2
Feb  3 18:33:30 ubuntu kernel: [    3.540380] printk: console [ttyS0] disabled
Feb  3 18:33:30 ubuntu kernel: [    3.541074] 3f215040.serial: ttyS0 at MMIO 0x0 (irq = 53, base_baud = 31250000) is a 16550
Feb  3 18:33:30 ubuntu apparmor[1172]:  * Starting AppArmor profiles
Feb  3 18:33:30 ubuntu kernel: [    3.548081] Indeed it is in host mode hprt0 = 00021501
Feb  3 18:33:30 ubuntu kernel: [    3.570116] printk: console [ttyS0] enabled
Feb  3 18:33:30 ubuntu kernel: [    3.570608] bcm2835-power bcm2835-power: Broadcom BCM2835 power domains driver
Feb  3 18:33:30 ubuntu kernel: [    3.665802] random: fast init done
Feb  3 18:33:30 ubuntu systemd[1]: Started ebtables ruleset management.
Feb  3 18:33:30 ubuntu kernel: [    3.676896] mmc-bcm2835 3f300000.mmcnr: mmc_debug:0 mmc_debug2:0
Feb  3 18:33:30 ubuntu kernel: [    3.767968] usb 1-1: new high-speed USB device number 2 using dwc_otg
Feb  3 18:33:30 ubuntu kernel: [    3.769136] mmc-bcm2835 3f300000.mmcnr: DMA channel allocated
Feb  3 18:33:30 ubuntu kernel: [    3.779164] Indeed it is in host mode hprt0 = 00001101
Feb  3 18:33:30 ubuntu systemd[1]: Started Network Time Synchronization.
Feb  3 18:33:30 ubuntu systemd[1]: Reached target System Time Synchronized.
Feb  3 18:33:30 ubuntu apparmor[1172]: Skipping profile in /etc/apparmor.d/disable: usr.sbin.rsyslogd
Feb  3 18:33:30 ubuntu apparmor[1172]:    ...done.
Feb  3 18:33:30 ubuntu systemd[1]: Started AppArmor initialization.
Feb  3 18:33:30 ubuntu cloud-init[1174]: Cloud-init v. 19.4-33-gbb4131a2-0ubuntu1~18.04.1 running 'init-local' at Mon, 03 Feb 2020 18:33:18 +0000. Up 19.25 seconds.
Feb  3 18:33:30 ubuntu cloud-init[1174]: 2020-02-03 18:33:19,171 - network_state.py[WARNING]: Wifi configuration is only available to distros withnetplan rendering support.
Feb  3 18:33:30 ubuntu systemd[1]: Started Initial cloud-init job (pre-networking).
Feb  3 18:33:30 ubuntu systemd[1]: Reached target Network (Pre).
Feb  3 18:33:30 ubuntu systemd[1]: Starting Network Service...
Feb  3 18:33:30 ubuntu systemd-networkd[1240]: Enumeration completed
Feb  3 18:33:30 ubuntu systemd[1]: Started Network Service.
Feb  3 18:33:30 ubuntu systemd-networkd[1240]: lo: Link is not managed by us
Feb  3 18:33:30 ubuntu systemd-networkd[1240]: eth0: Link is not managed by us
Feb  3 18:33:30 ubuntu systemd[1]: Starting Network Name Resolution...
Feb  3 18:33:30 ubuntu systemd[1]: Starting Wait for Network to be Configured...
Feb  3 18:33:30 ubuntu kernel: [    4.036654] mmc1: queuing unknown CIS tuple 0x80 (2 bytes)
Feb  3 18:33:30 ubuntu kernel: [    4.252146] usb 1-1: New USB device found, idVendor=0424, idProduct=2514, bcdDevice= b.b3
Feb  3 18:33:30 ubuntu kernel: [    4.255775] sdhost: log_buf @ (ptrval) (fad13000)
Feb  3 18:33:30 ubuntu kernel: [    4.263019] usb 1-1: New USB device strings: Mfr=0, Product=0, SerialNumber=0
Feb  3 18:33:30 ubuntu kernel: [    4.312935] mmc1: queuing unknown CIS tuple 0x80 (3 bytes)
Feb  3 18:33:30 ubuntu kernel: [    4.323698] hub 1-1:1.0: USB hub found
Feb  3 18:33:30 ubuntu kernel: [    4.345630] mmc0: sdhost-bcm2835 loaded - DMA enabled (>1)
Feb  3 18:33:30 ubuntu systemd-networkd-wait-online[1242]: ignoring: wlan0
Feb  3 18:33:30 ubuntu kernel: [    4.348963] hub 1-1:1.0: 4 ports detected
Feb  3 18:33:30 ubuntu kernel: [    4.357967] hctosys: unable to open rtc device (rtc0)
Feb  3 18:33:30 ubuntu kernel: [    4.377429] mmc1: queuing unknown CIS tuple 0x80 (3 bytes)
Feb  3 18:33:30 ubuntu kernel: [    4.381174] of_cfs_init
Feb  3 18:33:30 ubuntu kernel: [    4.389908] mmc1: queuing unknown CIS tuple 0x80 (7 bytes)
Feb  3 18:33:30 ubuntu kernel: [    4.392254] of_cfs_init: OK
Feb  3 18:33:30 ubuntu kernel: [    4.455828] mmc1: new high speed SDIO card at address 0001
Feb  3 18:33:30 ubuntu kernel: [    4.651969] usb 1-1.1: new high-speed USB device number 3 using dwc_otg
Feb  3 18:33:30 ubuntu kernel: [    4.690321] mmc0: host does not support reading read-only switch, assuming write-enable
Feb  3 18:33:30 ubuntu kernel: [    4.796140] usb 1-1.1: New USB device found, idVendor=0424, idProduct=2514, bcdDevice= b.b3
Feb  3 18:33:30 ubuntu kernel: [    4.809662] mmc0: new high speed SDHC card at address aaaa
Feb  3 18:33:30 ubuntu kernel: [    4.819952] usb 1-1.1: New USB device strings: Mfr=0, Product=0, SerialNumber=0
Feb  3 18:33:30 ubuntu kernel: [    4.820360] hub 1-1.1:1.0: USB hub found
Feb  3 18:33:30 ubuntu kernel: [    4.827050] mmcblk0: mmc0:aaaa SC32G 29.7 GiB
Feb  3 18:33:30 ubuntu kernel: [    4.833446] hub 1-1.1:1.0: 3 ports detected
Feb  3 18:33:30 ubuntu kernel: [    5.256575]  mmcblk0: p1 p2
Feb  3 18:33:30 ubuntu kernel: [    5.262835] Freeing unused kernel memory: 2048K
Feb  3 18:33:30 ubuntu kernel: [    5.276475] Checked W+X mappings: passed, no W+X pages found
Feb  3 18:33:30 ubuntu kernel: [    5.283179] Run /init as init process
Feb  3 18:33:30 ubuntu kernel: [    5.350677] random: systemd-udevd: uninitialized urandom read (16 bytes read)
Feb  3 18:33:30 ubuntu kernel: [    5.354427] random: udevadm: uninitialized urandom read (16 bytes read)
Feb  3 18:33:30 ubuntu kernel: [    5.359610] random: systemd-udevd: uninitialized urandom read (16 bytes read)
Feb  3 18:33:30 ubuntu kernel: [    5.609371] dwc_otg_handle_wakeup_detected_intr lxstate = 2
Feb  3 18:33:30 ubuntu kernel: [    5.948826] usb_phy_generic phy: phy supply vcc not found, using dummy regulator
Feb  3 18:33:30 ubuntu kernel: [    6.092040] usb 1-1.1.1: new high-speed USB device number 4 using dwc_otg
Feb  3 18:33:30 ubuntu kernel: [    6.200648] usb 1-1.1.1: New USB device found, idVendor=0424, idProduct=7800, bcdDevice= 3.00
Feb  3 18:33:30 ubuntu kernel: [    6.212016] usb 1-1.1.1: New USB device strings: Mfr=0, Product=0, SerialNumber=0
Feb  3 18:33:30 ubuntu kernel: [    6.495346] lan78xx 1-1.1.1:1.0 (unnamed net_device) (uninitialized): No External EEPROM. Setting MAC Speed
Feb  3 18:33:30 ubuntu kernel: [    6.510236] libphy: lan78xx-mdiobus: probed
Feb  3 18:33:30 ubuntu kernel: [    6.531412] lan78xx 1-1.1.1:1.0 (unnamed net_device) (uninitialized): int urb period 64
Feb  3 18:33:30 ubuntu kernel: [    8.383987] raid6: neonx8   gen()  1446 MB/s
Feb  3 18:33:30 ubuntu kernel: [    8.435952] raid6: neonx8   xor()  1233 MB/s
Feb  3 18:33:30 ubuntu kernel: [    8.487951] raid6: neonx4   gen()  1439 MB/s
Feb  3 18:33:30 ubuntu kernel: [    8.539955] raid6: neonx4   xor()  1291 MB/s
Feb  3 18:33:30 ubuntu kernel: [    8.591988] raid6: neonx2   gen()  1170 MB/s
Feb  3 18:33:30 ubuntu kernel: [    8.643966] raid6: neonx2   xor()  1230 MB/s
Feb  3 18:33:30 ubuntu kernel: [    8.695949] raid6: neonx1   gen()   712 MB/s
Feb  3 18:33:30 ubuntu kernel: [    8.747976] raid6: neonx1   xor()   905 MB/s
Feb  3 18:33:30 ubuntu kernel: [    8.799950] raid6: int32x8  gen()   391 MB/s
Feb  3 18:33:30 ubuntu kernel: [    8.851993] raid6: int32x8  xor()   301 MB/s
Feb  3 18:33:30 ubuntu kernel: [    8.904002] raid6: int32x4  gen()   384 MB/s
Feb  3 18:33:30 ubuntu kernel: [    8.956007] raid6: int32x4  xor()   347 MB/s
Feb  3 18:33:30 ubuntu kernel: [    9.008123] raid6: int32x2  gen()   322 MB/s
Feb  3 18:33:30 ubuntu kernel: [    9.060028] raid6: int32x2  xor()   323 MB/s
Feb  3 18:33:30 ubuntu systemd-networkd-wait-online[1242]: message repeated 3 times: [ ignoring: wlan0]
Feb  3 18:33:30 ubuntu kernel: [    9.112161] raid6: int32x1  gen()   205 MB/s
Feb  3 18:33:30 ubuntu systemd-networkd[1240]: lo: Link is not managed by us
Feb  3 18:33:30 ubuntu kernel: [    9.163988] raid6: int32x1  xor()   272 MB/s
Feb  3 18:33:30 ubuntu kernel: [    9.169179] raid6: using algorithm neonx8 gen() 1446 MB/s
Feb  3 18:33:30 ubuntu kernel: [    9.175495] raid6: .... xor() 1233 MB/s, rmw enabled
Feb  3 18:33:30 ubuntu kernel: [    9.181346] raid6: using neon recovery algorithm
Feb  3 18:33:30 ubuntu kernel: [    9.200428] xor: measuring software checksum speed
Feb  3 18:33:30 ubuntu kernel: [    9.243955]    arm4regs  :  2122.000 MB/sec
Feb  3 18:33:30 ubuntu kernel: [    9.287950]    8regs     :  1581.000 MB/sec
Feb  3 18:33:30 ubuntu systemd-networkd-wait-online[1242]: ignoring: wlan0
Feb  3 18:33:30 ubuntu kernel: [    9.331951]    32regs    :  1580.000 MB/sec
Feb  3 18:33:30 ubuntu kernel: [    9.375951]    neon      :  2523.000 MB/sec
Feb  3 18:33:30 ubuntu kernel: [    9.380804] xor: using function: neon (2523.000 MB/sec)
Feb  3 18:33:30 ubuntu kernel: [    9.391665] async_tx: api initialized (async)
Feb  3 18:33:30 ubuntu kernel: [    9.665267] Btrfs loaded, crc32c=crc32c-arm-ce
Feb  3 18:33:30 ubuntu kernel: [    9.986054] EXT4-fs (mmcblk0p2): mounted filesystem with ordered data mode. Opts: (null)
Feb  3 18:33:30 ubuntu kernel: [   10.734934] systemd[1]: systemd 237 running in system mode. (+PAM +AUDIT +SELINUX +IMA +APPARMOR +SMACK +SYSVINIT +UTMP +LIBCRYPTSETUP +GCRYPT +GNUTLS +ACL +XZ +LZ4 +SECCOMP +BLKID +ELFUTILS +KMOD -IDN2 +IDN -PCRE2 default-hierarchy=hybrid)
Feb  3 18:33:30 ubuntu kernel: [   10.760183] systemd[1]: Detected architecture arm.
Feb  3 18:33:30 ubuntu kernel: [   10.783318] systemd[1]: Set hostname to <ubuntu>.
Feb  3 18:33:30 ubuntu kernel: [   10.790893] systemd[1]: Initializing machine ID from random generator.
Feb  3 18:33:30 ubuntu kernel: [   10.798876] systemd[1]: Installed transient /etc/machine-id file.
Feb  3 18:33:30 ubuntu kernel: [   11.649725] systemd[1]: Set up automount Arbitrary Executable File Formats File System Automount Point.
Feb  3 18:33:30 ubuntu kernel: [   11.663425] systemd[1]: Reached target Swap.
Feb  3 18:33:30 ubuntu kernel: [   11.670576] systemd[1]: Started Forward Password Requests to Wall Directory Watch.
Feb  3 18:33:30 ubuntu kernel: [   11.683737] systemd[1]: Created slice System Slice.
Feb  3 18:33:30 ubuntu kernel: [   11.692012] systemd[1]: Listening on udev Control Socket.
Feb  3 18:33:30 ubuntu kernel: [   11.797926] EXT4-fs (mmcblk0p2): re-mounted. Opts: (null)
Feb  3 18:33:30 ubuntu kernel: [   11.841374] Loading iSCSI transport class v2.0-870.
Feb  3 18:33:30 ubuntu systemd-networkd-wait-online[1242]: message repeated 2 times: [ ignoring: wlan0]
Feb  3 18:33:30 ubuntu kernel: [   11.909793] iscsi: registered transport (tcp)
Feb  3 18:33:30 ubuntu systemd-networkd-wait-online[1242]: ignoring: eth0
Feb  3 18:33:30 ubuntu kernel: [   12.049526] systemd-journald[755]: Received request to flush runtime journal from PID 1
Feb  3 18:33:30 ubuntu kernel: [   12.815054] mc: Linux media interface: v0.10
Feb  3 18:33:30 ubuntu kernel: [   12.866895] videodev: Linux video capture interface: v2.00
Feb  3 18:33:30 ubuntu kernel: [   12.997890] vc_sm_cma: module is from the staging directory, the quality is unknown, you have been warned.
Feb  3 18:33:30 ubuntu kernel: [   12.998127] vc_sm_cma: module verification failed: signature and/or required key missing - tainting kernel
Feb  3 18:33:30 ubuntu systemd-networkd-wait-online[1242]: ignoring: lo
Feb  3 18:33:30 ubuntu kernel: [   13.085066] bcm2835_mmal_vchiq: module is from the staging directory, the quality is unknown, you have been warned.
Feb  3 18:33:30 ubuntu kernel: [   13.102451] bcm2835_v4l2: module is from the staging directory, the quality is unknown, you have been warned.
Feb  3 18:33:30 ubuntu kernel: [   13.111926] cfg80211: Loading compiled-in X.509 certificates for regulatory database
Feb  3 18:33:30 ubuntu kernel: [   13.136190] cfg80211: Loaded X.509 cert 'sforshee: 00b28ddf47aef9cea7'
Feb  3 18:33:30 ubuntu kernel: [   13.157753] platform regulatory.0: Direct firmware load for regulatory.db failed with error -2
Feb  3 18:33:30 ubuntu kernel: [   13.157787] cfg80211: failed to load regulatory.db
Feb  3 18:33:30 ubuntu systemd[1]: Started Wait for Network to be Configured.
Feb  3 18:33:30 ubuntu kernel: [   13.235074] brcmfmac: F1 signature read @0x18000000=0x15264345
Feb  3 18:33:30 ubuntu kernel: [   13.243023] brcmfmac: brcmf_fw_alloc_request: using brcm/brcmfmac43455-sdio for chip BCM4345/6
Feb  3 18:33:30 ubuntu kernel: [   13.256594] usbcore: registered new interface driver brcmfmac
Feb  3 18:33:30 ubuntu kernel: [   13.302800] brcmfmac mmc1:0001:1: Direct firmware load for brcm/brcmfmac43455-sdio.raspberrypi,3-model-b-plus.txt failed with error -2
Feb  3 18:33:30 ubuntu kernel: [   13.391887] Bluetooth: Core ver 2.22
Feb  3 18:33:30 ubuntu kernel: [   13.392544] NET: Registered protocol family 31
Feb  3 18:33:30 ubuntu systemd[1]: Starting Initial cloud-init job (metadata service crawler)...
Feb  3 18:33:30 ubuntu kernel: [   13.392560] Bluetooth: HCI device and connection manager initialized
Feb  3 18:33:30 ubuntu kernel: [   13.392581] Bluetooth: HCI socket layer initialized
Feb  3 18:33:30 ubuntu kernel: [   13.392593] Bluetooth: L2CAP socket layer initialized
Feb  3 18:33:30 ubuntu kernel: [   13.392620] Bluetooth: SCO socket layer initialized
Feb  3 18:33:30 ubuntu kernel: [   13.482368] brcmfmac: brcmf_fw_alloc_request: using brcm/brcmfmac43455-sdio for chip BCM4345/6
Feb  3 18:33:30 ubuntu systemd-resolved[1241]: Positive Trust Anchors:
Feb  3 18:33:30 ubuntu kernel: [   13.517874] brcmfmac: brcmf_c_preinit_dcmds: Firmware: BCM4345/6 wl0: Mar  1 2015 07:29:38 version 7.45.18 (r538002) FWID 01-6a2c8ad4
Feb  3 18:33:30 ubuntu kernel: [   16.118941] audit: type=1400 audit(1580754795.187:2): apparmor="STATUS" operation="profile_load" profile="unconfined" name="/usr/bin/lxc-start" pid=1203 comm="apparmor_parser"
Feb  3 18:33:30 ubuntu kernel: [   16.443039] audit: type=1400 audit(1580754795.511:3): apparmor="STATUS" operation="profile_load" profile="unconfined" name="/usr/bin/man" pid=1204 comm="apparmor_parser"
Feb  3 18:33:30 ubuntu kernel: [   16.446012] audit: type=1400 audit(1580754795.515:4): apparmor="STATUS" operation="profile_load" profile="unconfined" name="man_filter" pid=1204 comm="apparmor_parser"
Feb  3 18:33:30 ubuntu kernel: [   16.448700] audit: type=1400 audit(1580754795.519:5): apparmor="STATUS" operation="profile_load" profile="unconfined" name="man_groff" pid=1204 comm="apparmor_parser"
Feb  3 18:33:30 ubuntu kernel: [   17.096661] audit: type=1400 audit(1580754796.167:6): apparmor="STATUS" operation="profile_load" profile="unconfined" name="/sbin/dhclient" pid=1202 comm="apparmor_parser"
Feb  3 18:33:30 ubuntu systemd-resolved[1241]: . IN DS 19036 8 2 49aac11d7b6f6446702e54a1607371607a1a41855200fd2ce1cdde32f24e8fb5
Feb  3 18:33:30 ubuntu systemd-resolved[1241]: . IN DS 20326 8 2 e06d44b80b8f1d39a95c0b0d7c65d08458e880409bbc683457104237c7f8ec8d
Feb  3 18:33:30 ubuntu systemd-resolved[1241]: Negative trust anchors: 10.in-addr.arpa 16.172.in-addr.arpa 17.172.in-addr.arpa 18.172.in-addr.arpa 19.172.in-addr.arpa 20.172.in-addr.arpa 21.172.in-addr.arpa 22.172.in-addr.arpa 23.172.in-addr.arpa 24.172.in-addr.arpa 25.172.in-addr.arpa 26.172.in-addr.arpa 27.172.in-addr.arpa 28.172.in-addr.arpa 29.172.in-addr.arpa 30.172.in-addr.arpa 31.172.in-addr.arpa 168.192.in-addr.arpa d.f.ip6.arpa corp home internal intranet lan local private test
Feb  3 18:33:30 ubuntu systemd-resolved[1241]: Using system hostname 'ubuntu'.
Feb  3 18:33:30 ubuntu kernel: [   17.099700] audit: type=1400 audit(1580754796.167:7): apparmor="STATUS" operation="profile_load" profile="unconfined" name="/usr/lib/NetworkManager/nm-dhcp-client.action" pid=1202 comm="apparmor_parser"
Feb  3 18:33:30 ubuntu kernel: [   17.102946] audit: type=1400 audit(1580754796.171:8): apparmor="STATUS" operation="profile_load" profile="unconfined" name="/usr/lib/NetworkManager/nm-dhcp-helper" pid=1202 comm="apparmor_parser"
Feb  3 18:33:30 ubuntu kernel: [   17.106387] audit: type=1400 audit(1580754796.175:9): apparmor="STATUS" operation="profile_load" profile="unconfined" name="/usr/lib/connman/scripts/dhclient-script" pid=1202 comm="apparmor_parser"
Feb  3 18:33:30 ubuntu kernel: [   17.351007] audit: type=1400 audit(1580754796.419:10): apparmor="STATUS" operation="profile_load" profile="unconfined" name="/usr/sbin/tcpdump" pid=1213 comm="apparmor_parser"
Feb  3 18:33:30 ubuntu kernel: [   17.763684] audit: type=1400 audit(1580754796.831:11): apparmor="STATUS" operation="profile_load" profile="unconfined" name="/usr/lib/snapd/snap-confine" pid=1208 comm="apparmor_parser"
Feb  3 18:33:30 ubuntu kernel: [   21.190299] random: crng init done
Feb  3 18:33:30 ubuntu systemd[1]: Started Network Name Resolution.
Feb  3 18:33:30 ubuntu kernel: [   21.190308] random: 7 urandom warning(s) missed due to ratelimiting
Feb  3 18:33:30 ubuntu kernel: [   21.192935] brcmfmac: power management disabled
Feb  3 18:33:30 ubuntu systemd[1]: Reached target Host and Network Name Lookups.
Feb  3 18:33:30 ubuntu kernel: [   24.903637] EXT4-fs (mmcblk0p2): resizing filesystem from 517422 to 7725947 blocks
Feb  3 18:33:30 ubuntu kernel: [   25.313283] EXT4-fs (mmcblk0p2): resized filesystem to 7725947
Feb  3 18:33:30 ubuntu systemd-udevd[773]: Network interface NamePolicy= disabled on kernel command line, ignoring.
Feb  3 18:33:30 ubuntu cloud-init[1246]: Cloud-init v. 19.4-33-gbb4131a2-0ubuntu1~18.04.1 running 'init' at Mon, 03 Feb 2020 18:33:22 +0000. Up 23.13 seconds.
Feb  3 18:33:30 ubuntu cloud-init[1246]: ci-info: +++++++++++++++++++++++++++Net device info++++++++++++++++++++++++++++
Feb  3 18:33:30 ubuntu cloud-init[1246]: ci-info: +--------+-------+-----------+-----------+-------+-------------------+
Feb  3 18:33:30 ubuntu cloud-init[1246]: ci-info: | Device |   Up  |  Address  |    Mask   | Scope |     Hw-Address    |
Feb  3 18:33:30 ubuntu cloud-init[1246]: ci-info: +--------+-------+-----------+-----------+-------+-------------------+
Feb  3 18:33:30 ubuntu cloud-init[1246]: ci-info: |  eth0  | False |     .     |     .     |   .   | b8:27:eb:87:f9:b2 |
Feb  3 18:33:30 ubuntu cloud-init[1246]: ci-info: |   lo   |  True | 127.0.0.1 | 255.0.0.0 |  host |         .         |
Feb  3 18:33:30 ubuntu cloud-init[1246]: ci-info: |   lo   |  True |  ::1/128  |     .     |  host |         .         |
Feb  3 18:33:30 ubuntu cloud-init[1246]: ci-info: | wlan0  | False |     .     |     .     |   .   | b8:27:eb:d2:ac:e7 |
Feb  3 18:33:30 ubuntu cloud-init[1246]: ci-info: +--------+-------+-----------+-----------+-------+-------------------+
Feb  3 18:33:30 ubuntu cloud-init[1246]: ci-info: +++++++++++++++++++Route IPv6 info+++++++++++++++++++
Feb  3 18:33:30 ubuntu cloud-init[1246]: ci-info: +-------+-------------+---------+-----------+-------+
Feb  3 18:33:30 ubuntu cloud-init[1246]: ci-info: | Route | Destination | Gateway | Interface | Flags |
Feb  3 18:33:30 ubuntu cloud-init[1246]: ci-info: +-------+-------------+---------+-----------+-------+
Feb  3 18:33:30 ubuntu cloud-init[1246]: ci-info: +-------+-------------+---------+-----------+-------+
Feb  3 18:33:30 ubuntu cloud-init[1246]: Generating public/private rsa key pair.
Feb  3 18:33:30 ubuntu cloud-init[1246]: Your identification has been saved in /etc/ssh/ssh_host_rsa_key.
Feb  3 18:33:30 ubuntu cloud-init[1246]: Your public key has been saved in /etc/ssh/ssh_host_rsa_key.pub.
Feb  3 18:33:30 ubuntu cloud-init[1246]: The key fingerprint is:
Feb  3 18:33:30 ubuntu cloud-init[1246]: SHA256:KaSsTbGQ2RN5VKteh36xhvV628gluXM/mHjbbeGPZos root@ubuntu
Feb  3 18:33:30 ubuntu cloud-init[1246]: The key's randomart image is:
Feb  3 18:33:30 ubuntu cloud-init[1246]: +---[RSA 2048]----+
Feb  3 18:33:30 ubuntu cloud-init[1246]: |    .o...        |
Feb  3 18:33:30 ubuntu cloud-init[1246]: |   +...  .       |
Feb  3 18:33:30 ubuntu cloud-init[1246]: |  + +.. .        |
Feb  3 18:33:30 ubuntu cloud-init[1246]: |   o * . o       |
Feb  3 18:33:30 ubuntu cloud-init[1246]: |    = o S +      |
Feb  3 18:33:30 ubuntu cloud-init[1246]: |   + . + + + . . |
Feb  3 18:33:30 ubuntu cloud-init[1246]: |  . . . o + = = .|
Feb  3 18:33:30 ubuntu cloud-init[1246]: |         o +o@=+o|
Feb  3 18:33:30 ubuntu cloud-init[1246]: |          ..EB==*|
Feb  3 18:33:30 ubuntu cloud-init[1246]: +----[SHA256]-----+
Feb  3 18:33:30 ubuntu cloud-init[1246]: Generating public/private dsa key pair.
Feb  3 18:33:30 ubuntu cloud-init[1246]: Your identification has been saved in /etc/ssh/ssh_host_dsa_key.
Feb  3 18:33:30 ubuntu cloud-init[1246]: Your public key has been saved in /etc/ssh/ssh_host_dsa_key.pub.
Feb  3 18:33:30 ubuntu cloud-init[1246]: The key fingerprint is:
Feb  3 18:33:30 ubuntu cloud-init[1246]: SHA256:9DBpZTPNxGPGh2o/4ToG+SSJ6YJSJvp2cCP1lov2FC4 root@ubuntu
Feb  3 18:33:30 ubuntu cloud-init[1246]: The key's randomart image is:
Feb  3 18:33:30 ubuntu cloud-init[1246]: +---[DSA 1024]----+
Feb  3 18:33:30 ubuntu cloud-init[1246]: |          =*..   |
Feb  3 18:33:30 ubuntu cloud-init[1246]: |         + oX .  |
Feb  3 18:33:30 ubuntu cloud-init[1246]: |        *  + o   |
Feb  3 18:33:30 ubuntu cloud-init[1246]: |    .  o +o .    |
Feb  3 18:33:30 ubuntu cloud-init[1246]: |   . ..+S+.o .   |
Feb  3 18:33:30 ubuntu cloud-init[1246]: |. = o.*.= . +    |
Feb  3 18:33:30 ubuntu cloud-init[1246]: |.+ =E=o. = . .   |
Feb  3 18:33:30 ubuntu cloud-init[1246]: |o o =oo   =      |
Feb  3 18:33:30 ubuntu cloud-init[1246]: | +.o o.  . .     |
Feb  3 18:33:30 ubuntu cloud-init[1246]: +----[SHA256]-----+
Feb  3 18:33:30 ubuntu cloud-init[1246]: Generating public/private ecdsa key pair.
Feb  3 18:33:30 ubuntu cloud-init[1246]: Your identification has been saved in /etc/ssh/ssh_host_ecdsa_key.
Feb  3 18:33:30 ubuntu cloud-init[1246]: Your public key has been saved in /etc/ssh/ssh_host_ecdsa_key.pub.
Feb  3 18:33:30 ubuntu cloud-init[1246]: The key fingerprint is:
Feb  3 18:33:30 ubuntu cloud-init[1246]: SHA256:02kYCsIyP9DGA88H/o9CDAQ9GzLA/UoDv1VthOuGEO8 root@ubuntu
Feb  3 18:33:30 ubuntu cloud-init[1246]: The key's randomart image is:
Feb  3 18:33:30 ubuntu cloud-init[1246]: +---[ECDSA 256]---+
Feb  3 18:33:30 ubuntu cloud-init[1246]: |Boo     +.       |
Feb  3 18:33:30 ubuntu cloud-init[1246]: |+@++   o o       |
Feb  3 18:33:30 ubuntu cloud-init[1246]: |=o&+* . +        |
Feb  3 18:33:30 ubuntu cloud-init[1246]: | O.X = o + .     |
Feb  3 18:33:30 ubuntu cloud-init[1246]: |  * O + S +      |
Feb  3 18:33:30 ubuntu cloud-init[1246]: | . + E o o       |
Feb  3 18:33:30 ubuntu cloud-init[1246]: |  . . o          |
Feb  3 18:33:30 ubuntu cloud-init[1246]: |   .             |
Feb  3 18:33:30 ubuntu cloud-init[1246]: |                 |
Feb  3 18:33:30 ubuntu cloud-init[1246]: +----[SHA256]-----+
Feb  3 18:33:30 ubuntu cloud-init[1246]: Generating public/private ed25519 key pair.
Feb  3 18:33:30 ubuntu cloud-init[1246]: Your identification has been saved in /etc/ssh/ssh_host_ed25519_key.
Feb  3 18:33:30 ubuntu cloud-init[1246]: Your public key has been saved in /etc/ssh/ssh_host_ed25519_key.pub.
Feb  3 18:33:30 ubuntu cloud-init[1246]: The key fingerprint is:
Feb  3 18:33:30 ubuntu cloud-init[1246]: SHA256:APhTh+Kf8o77VmG9vtFghMqsIhbnEsSyQ24fF6djzH0 root@ubuntu
Feb  3 18:33:30 ubuntu cloud-init[1246]: The key's randomart image is:
Feb  3 18:33:30 ubuntu cloud-init[1246]: +--[ED25519 256]--+
Feb  3 18:33:30 ubuntu cloud-init[1246]: |   ..  .         |
Feb  3 18:33:30 ubuntu cloud-init[1246]: |. . ..o ..       |
Feb  3 18:33:30 ubuntu cloud-init[1246]: |.+ o +.o...      |
Feb  3 18:33:30 ubuntu cloud-init[1246]: |=.  *o=oo..      |
Feb  3 18:33:30 ubuntu cloud-init[1246]: |o= o X++SEo.     |
Feb  3 18:33:30 ubuntu cloud-init[1246]: |..* =.+ o..o     |
Feb  3 18:33:30 ubuntu cloud-init[1246]: |.o.o.o . .. .    |
Feb  3 18:33:30 ubuntu cloud-init[1246]: |.... .o   ..     |
Feb  3 18:33:30 ubuntu cloud-init[1246]: |    o=o   ..     |
Feb  3 18:33:30 ubuntu cloud-init[1246]: +----[SHA256]-----+
Feb  3 18:33:30 ubuntu systemd[1]: Started Initial cloud-init job (metadata service crawler).
Feb  3 18:33:30 ubuntu systemd[1]: Reached target System Initialization.
Feb  3 18:33:30 ubuntu systemd[1]: Listening on D-Bus System Message Bus Socket.
Feb  3 18:33:30 ubuntu systemd[1]: Started ACPI Events Check.
Feb  3 18:33:30 ubuntu systemd[1]: Starting Socket activation for snappy daemon.
Feb  3 18:33:30 ubuntu systemd[1]: Starting LXD - unix socket.
Feb  3 18:33:30 ubuntu systemd[1]: Started Message of the Day.
Feb  3 18:33:30 ubuntu systemd[1]: Started Discard unused blocks once a week.
Feb  3 18:33:30 ubuntu systemd[1]: Listening on UUID daemon activation socket.
Feb  3 18:33:30 ubuntu systemd[1]: Listening on ACPID Listen Socket.
Feb  3 18:33:30 ubuntu systemd[1]: Started Daily Cleanup of Temporary Directories.
Feb  3 18:33:30 ubuntu systemd[1]: Listening on Open-iSCSI iscsid Socket.
Feb  3 18:33:30 ubuntu systemd[1]: Reached target Paths.
Feb  3 18:33:30 ubuntu systemd[1]: Started Daily apt download activities.
Feb  3 18:33:30 ubuntu systemd[1]: Started Daily apt upgrade and clean activities.
Feb  3 18:33:30 ubuntu systemd[1]: Reached target Timers.
Feb  3 18:33:30 ubuntu systemd[1]: Reached target Cloud-config availability.
Feb  3 18:33:30 ubuntu systemd[1]: Listening on Socket activation for snappy daemon.
Feb  3 18:33:30 ubuntu systemd[1]: Listening on LXD - unix socket.
Feb  3 18:33:30 ubuntu systemd[1]: Reached target Sockets.
Feb  3 18:33:30 ubuntu systemd[1]: Reached target Basic System.
Feb  3 18:33:30 ubuntu systemd[1]: Started Deferred execution scheduler.
Feb  3 18:33:30 ubuntu systemd[1]: Starting Dispatcher daemon for systemd-networkd...
Feb  3 18:33:30 ubuntu systemd[1]: Starting Snappy daemon...
Feb  3 18:33:30 ubuntu systemd[1]: Started Set the CPU Frequency Scaling governor.
Feb  3 18:33:30 ubuntu systemd[1]: Started Regular background program processing daemon.
Feb  3 18:33:30 ubuntu systemd[1]: Starting Login Service...
Feb  3 18:33:30 ubuntu cron[1338]: (CRON) INFO (pidfile fd = 3)
Feb  3 18:33:30 ubuntu systemd[1]: Starting LXD - container startup/shutdown...
Feb  3 18:33:30 ubuntu systemd[1]: Starting System Logging Service...
Feb  3 18:33:30 ubuntu systemd[1]: Starting Accounts Service...
Feb  3 18:33:30 ubuntu systemd[1]: Started D-Bus System Message Bus.
Feb  3 18:33:30 ubuntu cron[1338]: (CRON) INFO (Running @reboot jobs)
Feb  3 18:33:30 ubuntu rsyslogd: imuxsock: Acquired UNIX socket '/run/systemd/journal/syslog' (fd 3) from systemd.  [v8.32.0]
Feb  3 18:33:30 ubuntu rsyslogd: rsyslogd's groupid changed to 106
Feb  3 18:33:30 ubuntu rsyslogd: rsyslogd's userid changed to 102
Feb  3 18:33:30 ubuntu rsyslogd:  [origin software="rsyslogd" swVersion="8.32.0" x-pid="1341" x-info="http://www.rsyslog.com"] start
Feb  3 18:33:30 ubuntu dbus-daemon[1343]: [system] AppArmor D-Bus mediation is enabled
Feb  3 18:33:30 ubuntu systemd[1]: Starting WPA supplicant...
Feb  3 18:33:30 ubuntu systemd[1]: Started FUSE filesystem for LXC.
Feb  3 18:33:30 ubuntu systemd[1]: Started irqbalance daemon.
Feb  3 18:33:30 ubuntu systemd[1]: Started System Logging Service.
Feb  3 18:33:30 ubuntu systemd[1]: Started Login Service.
Feb  3 18:33:30 ubuntu dbus-daemon[1343]: [system] Activating via systemd: service name='org.freedesktop.PolicyKit1' unit='polkit.service' requested by ':1.4' (uid=0 pid=1342 comm="/usr/lib/accountsservice/accounts-daemon " label="unconfined")
Feb  3 18:33:30 ubuntu systemd[1]: Starting Authorization Manager...
Feb  3 18:33:30 ubuntu kernel: [   31.739649] new mount options do not match the existing superblock, will be ignored
Feb  3 18:33:30 ubuntu lxcfs[1356]: mount namespace: 5
Feb  3 18:33:30 ubuntu lxcfs[1356]: hierarchies:
Feb  3 18:33:30 ubuntu lxcfs[1356]:   0: fd:   6: perf_event
Feb  3 18:33:30 ubuntu lxcfs[1356]:   1: fd:   7: pids
Feb  3 18:33:30 ubuntu lxcfs[1356]:   2: fd:   8: blkio
Feb  3 18:33:30 ubuntu lxcfs[1356]:   3: fd:   9: cpu,cpuacct
Feb  3 18:33:30 ubuntu lxcfs[1356]:   4: fd:  10: cpuset
Feb  3 18:33:30 ubuntu lxcfs[1356]:   5: fd:  11: freezer
Feb  3 18:33:30 ubuntu lxcfs[1356]:   6: fd:  12: rdma
Feb  3 18:33:30 ubuntu lxcfs[1356]:   7: fd:  13: net_cls,net_prio
Feb  3 18:33:30 ubuntu lxcfs[1356]:   8: fd:  14: devices
Feb  3 18:33:30 ubuntu lxcfs[1356]:   9: fd:  15: name=systemd
Feb  3 18:33:30 ubuntu lxcfs[1356]:  10: fd:  16: unified
Feb  3 18:33:31 ubuntu systemd[1]: Started WPA supplicant.
Feb  3 18:33:31 ubuntu wpa_supplicant[1355]: Successfully initialized wpa_supplicant
Feb  3 18:33:31 ubuntu systemd[1]: Reached target Network.
Feb  3 18:33:31 ubuntu systemd[1]: Started Unattended Upgrades Shutdown.
Feb  3 18:33:31 ubuntu systemd[1]: Reached target Network is Online.
Feb  3 18:33:31 ubuntu polkitd[1359]: started daemon version 0.105 using authority implementation `local' version `0.105'
Feb  3 18:33:31 ubuntu dbus-daemon[1343]: [system] Successfully activated service 'org.freedesktop.PolicyKit1'
Feb  3 18:33:31 ubuntu accounts-daemon[1342]: started daemon version 0.6.45
Feb  3 18:33:31 ubuntu systemd[1]: Starting Pollinate to seed the pseudo random number generator...
Feb  3 18:33:31 ubuntu systemd[1]: Reached target Remote File Systems (Pre).
Feb  3 18:33:31 ubuntu systemd[1]: Reached target Remote File Systems.
Feb  3 18:33:31 ubuntu systemd[1]: Starting Permit User Sessions...
Feb  3 18:33:31 ubuntu systemd[1]: Starting LSB: automatic crash report generation...
Feb  3 18:33:31 ubuntu systemd[1]: Starting Availability of block devices...
Feb  3 18:33:31 ubuntu systemd[1]: Started Permit User Sessions.
Feb  3 18:33:31 ubuntu networkd-dispatcher[1335]: No valid path found for iwconfig
Feb  3 18:33:31 ubuntu networkd-dispatcher[1335]: No valid path found for iw
Feb  3 18:33:31 ubuntu systemd[1]: Started Authorization Manager.
Feb  3 18:33:31 ubuntu systemd[1]: Started Accounts Service.
Feb  3 18:33:31 ubuntu systemd[1]: Starting Terminate Plymouth Boot Screen...
Feb  3 18:33:31 ubuntu systemd[1]: Starting Hold until boot process finishes up...
Feb  3 18:33:31 ubuntu systemd[1]: Started Availability of block devices.
Feb  3 18:33:31 ubuntu systemd[1]: Started Terminate Plymouth Boot Screen.
Feb  3 18:33:31 ubuntu systemd[1]: Started Hold until boot process finishes up.
Feb  3 18:33:31 ubuntu systemd[1]: Started Serial Getty on ttyS0.
Feb  3 18:33:31 ubuntu systemd[1]: Starting Set console scheme...
Feb  3 18:33:31 ubuntu systemd[1]: Started Set console scheme.
Feb  3 18:33:31 ubuntu apport[1374]:  * Starting automatic crash report generation: apport
Feb  3 18:33:31 ubuntu systemd[1]: Created slice system-getty.slice.
Feb  3 18:33:31 ubuntu systemd[1]: Started Getty on tty1.
Feb  3 18:33:31 ubuntu snapd[1336]: AppArmor status: apparmor is enabled and all features are available
Feb  3 18:33:31 ubuntu systemd[1]: Started Dispatcher daemon for systemd-networkd.
Feb  3 18:33:31 ubuntu apport[1374]:    ...done.
Feb  3 18:33:31 ubuntu systemd[1]: Started LSB: automatic crash report generation.
Feb  3 18:33:31 ubuntu pollinate[1367]: client sent challenge to [https://entropy.ubuntu.com/]
Feb  3 18:33:31 ubuntu snapd[1336]: daemon.go:346: started snapd/2.42.1+18.04 (series 16; classic) ubuntu/18.04 (armhf) linux/5.3.0-1017-raspi2.
Feb  3 18:33:31 ubuntu snapd[1336]: daemon.go:439: adjusting startup timeout by 30s (pessimistic estimate of 30s plus 5s per snap)
Feb  3 18:33:32 ubuntu systemd[1]: Started LXD - container startup/shutdown.
Feb  3 18:33:32 ubuntu snapd[1336]: helpers.go:104: error trying to compare the snap system key: system-key missing on disk
Feb  3 18:33:32 ubuntu systemd[1]: Started Snappy daemon.
Feb  3 18:33:32 ubuntu systemd[1]: Starting Wait until snapd is fully seeded...
Feb  3 18:33:32 ubuntu pollinate[1367]: WARNING: Network communication failed [0]   % Total    % Received % Xferd  Average Speed   Time    Time     Time  Current#012                                 Dload  Upload   Total   Spent    Left  Speed#012#015  0     0    0     0    0     0      0      0 --:--:-- --:--:-- --:--:--     018:33:32.206965 * Could not resolve host: entropy.ubuntu.com#01218:33:32.207372 * Closing connection 0#012curl: (6) Could not resolve host: entropy.ubuntu.com
Feb  3 18:33:32 ubuntu systemd[1]: Started Pollinate to seed the pseudo random number generator.
Feb  3 18:33:32 ubuntu systemd[1]: Starting OpenBSD Secure Shell server...
Feb  3 18:33:32 ubuntu systemd[1]: Started OpenBSD Secure Shell server.
Feb  3 18:33:35 ubuntu set-cpufreq[1337]: Setting ondemand scheduler for all CPUs
Feb  3 18:33:54 ubuntu snapd[1336]: stateengine.go:150: state ensure error: persistent network error: Get https://api.snapcraft.io/api/v1/snaps/sections: dial tcp: lookup api.snapcraft.io: Temporary failure in name resolution
Feb  3 18:33:55 ubuntu systemd[1]: Started Wait until snapd is fully seeded.
Feb  3 18:33:55 ubuntu systemd[1]: Starting Apply the settings specified in cloud-config...
Feb  3 18:33:58 ubuntu systemd[1]: Stopping OpenBSD Secure Shell server...
Feb  3 18:33:58 ubuntu systemd[1]: Stopped OpenBSD Secure Shell server.
Feb  3 18:33:58 ubuntu systemd[1]: Starting OpenBSD Secure Shell server...
Feb  3 18:33:58 ubuntu systemd[1]: Started OpenBSD Secure Shell server.
Feb  3 18:33:59 ubuntu cloud-init[1479]: Cloud-init v. 19.4-33-gbb4131a2-0ubuntu1~18.04.1 running 'modules:config' at Mon, 03 Feb 2020 18:33:57 +0000. Up 58.30 seconds.
Feb  3 18:33:59 ubuntu systemd[1]: Started Apply the settings specified in cloud-config.
Feb  3 18:33:59 ubuntu systemd[1]: Reached target Login Prompts.
Feb  3 18:33:59 ubuntu systemd[1]: Reached target Multi-User System.
Feb  3 18:33:59 ubuntu systemd[1]: Starting Execute cloud user/final scripts...
Feb  3 18:33:59 ubuntu systemd[1]: Reached target Graphical Interface.
Feb  3 18:33:59 ubuntu systemd[1]: Started Stop ureadahead data collection 45s after completed startup.
Feb  3 18:33:59 ubuntu systemd[1]: Starting Update UTMP about System Runlevel Changes...
Feb  3 18:33:59 ubuntu systemd[1]: Started Update UTMP about System Runlevel Changes.
Feb  3 18:34:02 ubuntu ec2: 
Feb  3 18:34:02 ubuntu ec2: #############################################################
Feb  3 18:34:02 ubuntu ec2: -----BEGIN SSH HOST KEY FINGERPRINTS-----
Feb  3 18:34:02 ubuntu ec2: 1024 SHA256:9DBpZTPNxGPGh2o/4ToG+SSJ6YJSJvp2cCP1lov2FC4 root@ubuntu (DSA)
Feb  3 18:34:02 ubuntu ec2: 256 SHA256:02kYCsIyP9DGA88H/o9CDAQ9GzLA/UoDv1VthOuGEO8 root@ubuntu (ECDSA)
Feb  3 18:34:02 ubuntu ec2: 256 SHA256:APhTh+Kf8o77VmG9vtFghMqsIhbnEsSyQ24fF6djzH0 root@ubuntu (ED25519)
Feb  3 18:34:02 ubuntu ec2: 2048 SHA256:KaSsTbGQ2RN5VKteh36xhvV628gluXM/mHjbbeGPZos root@ubuntu (RSA)
Feb  3 18:34:02 ubuntu ec2: -----END SSH HOST KEY FINGERPRINTS-----
Feb  3 18:34:02 ubuntu ec2: #############################################################
Feb  3 18:34:02 ubuntu cloud-init[1508]: Cloud-init v. 19.4-33-gbb4131a2-0ubuntu1~18.04.1 running 'modules:final' at Mon, 03 Feb 2020 18:34:01 +0000. Up 62.78 seconds.
Feb  3 18:34:02 ubuntu cloud-init[1508]: ci-info: no authorized SSH keys fingerprints found for user ubuntu.
Feb  3 18:34:02 ubuntu cloud-init[1508]: Cloud-init v. 19.4-33-gbb4131a2-0ubuntu1~18.04.1 finished at Mon, 03 Feb 2020 18:34:02 +0000. Datasource DataSourceNoCloud [seed=/dev/mmcblk0p1][dsmode=net].  Up 63.42 seconds
Feb  3 18:34:02 ubuntu systemd[1]: Started Execute cloud user/final scripts.
Feb  3 18:34:02 ubuntu systemd[1]: Reached target Cloud-init target.
Feb  3 18:34:02 ubuntu systemd[1]: Startup finished in 10.589s (kernel) + 53.120s (userspace) = 1min 3.709s.
Feb  3 18:34:07 ubuntu snapd[1336]: daemon.go:540: gracefully waiting for running hooks
Feb  3 18:34:07 ubuntu snapd[1336]: daemon.go:542: done waiting for running hooks
Feb  3 18:34:07 ubuntu snapd[1336]: daemon stop requested to wait for socket activation
Feb  3 18:34:45 ubuntu systemd[1]: Starting Stop ureadahead data collection...
Feb  3 18:34:45 ubuntu systemd[1]: Stopping Read required files in advance...
Feb  3 18:34:45 ubuntu systemd[1]: Started Stop ureadahead data collection.
Feb  3 18:34:47 ubuntu systemd[1]: Stopped Read required files in advance.
Feb  3 18:34:23 ubuntu systemd-modules-load[745]: Inserted module 'iscsi_tcp'
Feb  3 18:34:23 ubuntu systemd-modules-load[745]: Failed to find module 'ib_iser'
Feb  3 18:34:23 ubuntu systemd[1]: Starting Flush Journal to Persistent Storage...
Feb  3 18:34:23 ubuntu systemd[1]: Started Create Static Device Nodes in /dev.
Feb  3 18:34:23 ubuntu systemd[1]: Starting udev Kernel Device Manager...
Feb  3 18:34:23 ubuntu systemd[1]: Started Set the console keyboard layout.
Feb  3 18:34:23 ubuntu systemd-udevd[774]: Network interface NamePolicy= disabled on kernel command line, ignoring.
Feb  3 18:34:23 ubuntu systemd[1]: Started Flush Journal to Persistent Storage.
Feb  3 18:34:23 ubuntu systemd[1]: Started LVM2 metadata daemon.
Feb  3 18:34:23 ubuntu systemd[1]: Started udev Kernel Device Manager.
Feb  3 18:34:23 ubuntu systemd[1]: Started udev Coldplug all Devices.
Feb  3 18:34:23 ubuntu systemd[1]: Started Dispatch Password Requests to Console Directory Watch.
Feb  3 18:34:23 ubuntu systemd[1]: Reached target Local Encrypted Volumes.
Feb  3 18:34:23 ubuntu systemd[1]: Found device /dev/ttyS0.
Feb  3 18:34:23 ubuntu systemd[1]: Started Monitoring of LVM2 mirrors, snapshots etc. using dmeventd or progress polling.
Feb  3 18:34:23 ubuntu systemd[1]: Reached target Local File Systems (Pre).
Feb  3 18:34:23 ubuntu systemd-udevd[783]: link_config: autonegotiation is unset or enabled, the speed and duplex are not writable.
Feb  3 18:34:23 ubuntu systemd-udevd[781]: link_config: autonegotiation is unset or enabled, the speed and duplex are not writable.
Feb  3 18:34:23 ubuntu systemd[1]: Listening on Load/Save RF Kill Switch Status /dev/rfkill Watch.
Feb  3 18:34:23 ubuntu systemd[1]: Starting Load/Save RF Kill Switch Status...
Feb  3 18:34:23 ubuntu systemd-udevd[793]: link_config: autonegotiation is unset or enabled, the speed and duplex are not writable.
Feb  3 18:34:23 ubuntu systemd[1]: Started Load/Save RF Kill Switch Status.
Feb  3 18:34:23 ubuntu systemd[1]: Found device /sys/subsystem/net/devices/wlan0.
Feb  3 18:34:23 ubuntu systemd[1]: Found device /dev/disk/by-label/system-boot.
Feb  3 18:34:23 ubuntu systemd[1]: Starting File System Check on /dev/disk/by-label/system-boot...
Feb  3 18:34:23 ubuntu systemd[1]: Started WPA supplicant for netplan wlan0.
Feb  3 18:34:23 ubuntu systemd[1]: Started File System Check Daemon to report status.
Feb  3 18:34:23 ubuntu wpa_supplicant[1141]: Successfully initialized wpa_supplicant
Feb  3 18:34:23 ubuntu wpa_supplicant[1141]: random: Cannot read from /dev/random: Resource temporarily unavailable
Feb  3 18:34:23 ubuntu systemd-fsck[1140]: fsck.fat 4.1 (2017-01-24)
Feb  3 18:34:23 ubuntu systemd-fsck[1140]: 0x41: Dirty bit is set. Fs was not properly unmounted and some data may be corrupt.
Feb  3 18:34:23 ubuntu systemd-fsck[1140]:  Automatically removing dirty bit.
Feb  3 18:34:23 ubuntu systemd-fsck[1140]: Performing changes.
Feb  3 18:34:23 ubuntu systemd-fsck[1140]: /dev/mmcblk0p1: 244 files, 106120/516190 clusters
Feb  3 18:34:23 ubuntu systemd[1]: Started File System Check on /dev/disk/by-label/system-boot.
Feb  3 18:34:23 ubuntu systemd[1]: boot-firmware.mount: Directory /boot/firmware to mount over is not empty, mounting anyway.
Feb  3 18:34:23 ubuntu systemd[1]: Mounting /boot/firmware...
Feb  3 18:34:23 ubuntu systemd[1]: Mounted /boot/firmware.
Feb  3 18:34:23 ubuntu systemd[1]: Starting Initial cloud-init job (pre-networking)...
Feb  3 18:34:23 ubuntu systemd[1]: Reached target Local File Systems.
Feb  3 18:34:23 ubuntu systemd[1]: Starting AppArmor initialization...
Feb  3 18:34:23 ubuntu systemd[1]: Starting Create Volatile Files and Directories...
Feb  3 18:34:23 ubuntu systemd[1]: Starting ebtables ruleset management...
Feb  3 18:34:23 ubuntu systemd[1]: Starting Tell Plymouth To Write Out Runtime Data...
Feb  3 18:34:23 ubuntu systemd[1]: Starting Set console font and keymap...
Feb  3 18:34:23 ubuntu systemd[1]: Started Tell Plymouth To Write Out Runtime Data.
Feb  3 18:34:23 ubuntu systemd[1]: Started Set console font and keymap.
Feb  3 18:34:23 ubuntu apparmor[1153]:  * Starting AppArmor profiles
Feb  3 18:34:23 ubuntu systemd[1]: Started ebtables ruleset management.
Feb  3 18:34:23 ubuntu systemd[1]: Started Create Volatile Files and Directories.
Feb  3 18:34:23 ubuntu systemd[1]: Starting Network Time Synchronization...
Feb  3 18:34:23 ubuntu systemd[1]: Starting Update UTMP about System Boot/Shutdown...
Feb  3 18:34:23 ubuntu systemd[1]: Started Update UTMP about System Boot/Shutdown.
Feb  3 18:34:23 ubuntu apparmor[1153]: Skipping profile in /etc/apparmor.d/disable: usr.sbin.rsyslogd
Feb  3 18:34:23 ubuntu apparmor[1153]:    ...done.
Feb  3 18:34:23 ubuntu systemd[1]: Started AppArmor initialization.
Feb  3 18:34:23 ubuntu systemd[1]: Started Network Time Synchronization.
Feb  3 18:34:23 ubuntu systemd[1]: Reached target System Time Synchronized.
Feb  3 18:34:23 ubuntu wpa_supplicant[1141]: wlan0: Trying to associate with SSID 'home_net'
Feb  3 18:34:23 ubuntu cloud-init[1152]: Cloud-init v. 19.4-33-gbb4131a2-0ubuntu1~18.04.1 running 'init-local' at Mon, 03 Feb 2020 18:34:18 +0000. Up 19.65 seconds.
Feb  3 18:34:23 ubuntu systemd[1]: Started Initial cloud-init job (pre-networking).
Feb  3 18:34:23 ubuntu systemd[1]: Reached target Network (Pre).
Feb  3 18:34:23 ubuntu systemd[1]: Starting Network Service...
Feb  3 18:34:23 ubuntu systemd-networkd[1247]: Enumeration completed
Feb  3 18:34:23 ubuntu systemd[1]: Started Network Service.
Feb  3 18:34:23 ubuntu systemd-networkd[1247]: eth0: Link is not managed by us
Feb  3 18:34:23 ubuntu systemd-networkd[1247]: lo: Link is not managed by us
Feb  3 18:34:23 ubuntu systemd[1]: Starting Wait for Network to be Configured...
Feb  3 18:34:23 ubuntu systemd[1]: Starting Network Name Resolution...
Feb  3 18:34:23 ubuntu systemd-networkd-wait-online[1248]: ignoring: lo
Feb  3 18:34:23 ubuntu systemd-networkd[1247]: lo: Link is not managed by us
Feb  3 18:34:23 ubuntu systemd-networkd-wait-online[1248]: ignoring: lo
Feb  3 18:34:23 ubuntu systemd-networkd-wait-online[1248]: message repeated 2 times: [ ignoring: lo]
Feb  3 18:34:23 ubuntu systemd-networkd-wait-online[1248]: ignoring: eth0
Feb  3 18:34:23 ubuntu systemd-networkd-wait-online[1248]: ignoring: wlan0
Feb  3 18:34:23 ubuntu systemd[1]: Started Wait for Network to be Configured.
Feb  3 18:34:23 ubuntu systemd[1]: Starting Initial cloud-init job (metadata service crawler)...
Feb  3 18:34:23 ubuntu systemd-resolved[1249]: Positive Trust Anchors:
Feb  3 18:34:23 ubuntu systemd-resolved[1249]: . IN DS 19036 8 2 49aac11d7b6f6446702e54a1607371607a1a41855200fd2ce1cdde32f24e8fb5
Feb  3 18:34:23 ubuntu systemd-resolved[1249]: . IN DS 20326 8 2 e06d44b80b8f1d39a95c0b0d7c65d08458e880409bbc683457104237c7f8ec8d
Feb  3 18:34:23 ubuntu systemd-resolved[1249]: Negative trust anchors: 10.in-addr.arpa 16.172.in-addr.arpa 17.172.in-addr.arpa 18.172.in-addr.arpa 19.172.in-addr.arpa 20.172.in-addr.arpa 21.172.in-addr.arpa 22.172.in-addr.arpa 23.172.in-addr.arpa 24.172.in-addr.arpa 25.172.in-addr.arpa 26.172.in-addr.arpa 27.172.in-addr.arpa 28.172.in-addr.arpa 29.172.in-addr.arpa 30.172.in-addr.arpa 31.172.in-addr.arpa 168.192.in-addr.arpa d.f.ip6.arpa corp home internal intranet lan local private test
Feb  3 18:34:23 ubuntu systemd-resolved[1249]: Using system hostname 'ubuntu'.
Feb  3 18:34:23 ubuntu systemd[1]: Started Network Name Resolution.
Feb  3 18:34:23 ubuntu systemd[1]: Reached target Host and Network Name Lookups.
Feb  3 18:34:23 ubuntu wpa_supplicant[1141]: wlan0: Associated with 30:b5:c2:36:a2:26
Feb  3 18:34:23 ubuntu wpa_supplicant[1141]: wlan0: CTRL-EVENT-SUBNET-STATUS-UPDATE status=0
Feb  3 18:34:23 ubuntu cloud-init[1250]: Cloud-init v. 19.4-33-gbb4131a2-0ubuntu1~18.04.1 running 'init' at Mon, 03 Feb 2020 18:34:22 +0000. Up 22.79 seconds.
Feb  3 18:34:23 ubuntu cloud-init[1250]: ci-info: +++++++++++++++++++++++++++Net device info++++++++++++++++++++++++++++
Feb  3 18:34:23 ubuntu cloud-init[1250]: ci-info: +--------+-------+-----------+-----------+-------+-------------------+
Feb  3 18:34:23 ubuntu cloud-init[1250]: ci-info: | Device |   Up  |  Address  |    Mask   | Scope |     Hw-Address    |
Feb  3 18:34:23 ubuntu cloud-init[1250]: ci-info: +--------+-------+-----------+-----------+-------+-------------------+
Feb  3 18:34:23 ubuntu cloud-init[1250]: ci-info: |  eth0  | False |     .     |     .     |   .   | b8:27:eb:87:f9:b2 |
Feb  3 18:34:23 ubuntu cloud-init[1250]: ci-info: |   lo   |  True | 127.0.0.1 | 255.0.0.0 |  host |         .         |
Feb  3 18:34:23 ubuntu cloud-init[1250]: ci-info: |   lo   |  True |  ::1/128  |     .     |  host |         .         |
Feb  3 18:34:23 ubuntu cloud-init[1250]: ci-info: | wlan0  | False |     .     |     .     |   .   | b8:27:eb:d2:ac:e7 |
Feb  3 18:34:23 ubuntu cloud-init[1250]: ci-info: +--------+-------+-----------+-----------+-------+-------------------+
Feb  3 18:34:23 ubuntu cloud-init[1250]: ci-info: +++++++++++++++++++Route IPv6 info+++++++++++++++++++
Feb  3 18:34:23 ubuntu cloud-init[1250]: ci-info: +-------+-------------+---------+-----------+-------+
Feb  3 18:34:23 ubuntu cloud-init[1250]: ci-info: | Route | Destination | Gateway | Interface | Flags |
Feb  3 18:34:23 ubuntu cloud-init[1250]: ci-info: +-------+-------------+---------+-----------+-------+
Feb  3 18:34:23 ubuntu cloud-init[1250]: ci-info: +-------+-------------+---------+-----------+-------+
Feb  3 18:34:23 ubuntu systemd[1]: Started Initial cloud-init job (metadata service crawler).
Feb  3 18:34:23 ubuntu systemd[1]: Reached target System Initialization.
Feb  3 18:34:23 ubuntu systemd[1]: Listening on ACPID Listen Socket.
Feb  3 18:34:23 ubuntu systemd[1]: Started Discard unused blocks once a week.
Feb  3 18:34:23 ubuntu systemd[1]: Listening on D-Bus System Message Bus Socket.
Feb  3 18:34:23 ubuntu systemd[1]: Starting LXD - unix socket.
Feb  3 18:34:23 ubuntu systemd[1]: Started Daily apt download activities.
Feb  3 18:34:23 ubuntu systemd[1]: Started Daily apt upgrade and clean activities.
Feb  3 18:34:23 ubuntu systemd[1]: Starting Socket activation for snappy daemon.
Feb  3 18:34:23 ubuntu systemd[1]: Started Daily Cleanup of Temporary Directories.
Feb  3 18:34:23 ubuntu systemd[1]: Started Message of the Day.
Feb  3 18:34:23 ubuntu systemd[1]: Reached target Timers.
Feb  3 18:34:23 ubuntu systemd[1]: Listening on UUID daemon activation socket.
Feb  3 18:34:23 ubuntu systemd[1]: Listening on Open-iSCSI iscsid Socket.
Feb  3 18:34:23 ubuntu systemd[1]: Started ACPI Events Check.
Feb  3 18:34:23 ubuntu systemd[1]: Reached target Paths.
Feb  3 18:34:23 ubuntu kernel: [    0.000000] Booting Linux on physical CPU 0x0
Feb  3 18:34:23 ubuntu kernel: [    0.000000] Linux version 5.3.0-1017-raspi2 (buildd@bos02-arm64-053) (gcc version 7.4.0 (Ubuntu/Linaro 7.4.0-1ubuntu1~18.04.1)) #19~18.04.1-Ubuntu SMP Fri Jan 17 11:16:28 UTC 2020 (Ubuntu 5.3.0-1017.19~18.04.1-raspi2 5.3.13)
Feb  3 18:34:23 ubuntu kernel: [    0.000000] CPU: ARMv7 Processor [410fd034] revision 4 (ARMv7), cr=30c5383d
Feb  3 18:34:23 ubuntu kernel: [    0.000000] CPU: div instructions available: patching division code
Feb  3 18:34:23 ubuntu kernel: [    0.000000] CPU: PIPT / VIPT nonaliasing data cache, VIPT aliasing instruction cache
Feb  3 18:34:23 ubuntu kernel: [    0.000000] OF: fdt: Machine model: Raspberry Pi 3 Model B Plus Rev 1.3
Feb  3 18:34:23 ubuntu kernel: [    0.000000] Memory policy: Data cache writealloc
Feb  3 18:34:23 ubuntu kernel: [    0.000000] efi: Getting EFI parameters from FDT:
Feb  3 18:34:23 ubuntu kernel: [    0.000000] efi: UEFI not found.
Feb  3 18:34:23 ubuntu kernel: [    0.000000] cma: Reserved 8 MiB at 0x000000003ac00000
Feb  3 18:34:23 ubuntu kernel: [    0.000000] On node 0 totalpages: 242688
Feb  3 18:34:23 ubuntu kernel: [    0.000000]   DMA zone: 2304 pages used for memmap
Feb  3 18:34:23 ubuntu kernel: [    0.000000]   DMA zone: 0 pages reserved
Feb  3 18:34:23 ubuntu kernel: [    0.000000]   DMA zone: 196608 pages, LIFO batch:63
Feb  3 18:34:23 ubuntu kernel: [    0.000000]   HighMem zone: 46080 pages, LIFO batch:15
Feb  3 18:34:23 ubuntu kernel: [    0.000000] percpu: Embedded 21 pages/cpu s53900 r8192 d23924 u86016
Feb  3 18:34:23 ubuntu kernel: [    0.000000] pcpu-alloc: s53900 r8192 d23924 u86016 alloc=21*4096
Feb  3 18:34:23 ubuntu kernel: [    0.000000] pcpu-alloc: [0] 0 [0] 1 [0] 2 [0] 3 
Feb  3 18:34:23 ubuntu kernel: [    0.000000] Built 1 zonelists, mobility grouping on.  Total pages: 240384
Feb  3 18:34:23 ubuntu kernel: [    0.000000] Kernel command line: coherent_pool=1M 8250.nr_uarts=1 bcm2708_fb.fbwidth=1440 bcm2708_fb.fbheight=900 bcm2708_fb.fbswap=1 vc_mem.mem_base=0x3ec00000 vc_mem.mem_size=0x40000000  net.ifnames=0 dwc_otg.lpm_enable=0 console=ttyS0,115200 console=tty1 root=LABEL=writable rootfstype=ext4 elevator=deadline rootwait fixrtc
Feb  3 18:34:23 ubuntu kernel: [    0.000000] Dentry cache hash table entries: 131072 (order: 7, 524288 bytes, linear)
Feb  3 18:34:23 ubuntu kernel: [    0.000000] Inode-cache hash table entries: 65536 (order: 6, 262144 bytes, linear)
Feb  3 18:34:23 ubuntu kernel: [    0.000000] allocated 970752 bytes of page_ext
Feb  3 18:34:23 ubuntu kernel: [    0.000000] mem auto-init: stack:off, heap alloc:off, heap free:off
Feb  3 18:34:23 ubuntu kernel: [    0.000000] software IO TLB: mapped [mem 0x2b2c8000-0x2f2c8000] (64MB)
Feb  3 18:34:23 ubuntu kernel: [    0.000000] Memory: 843312K/970752K available (12288K kernel code, 736K rwdata, 3736K rodata, 2048K init, 779K bss, 119248K reserved, 8192K cma-reserved, 176128K highmem)
Feb  3 18:34:23 ubuntu kernel: [    0.000000] random: get_random_u32 called from __kmem_cache_create+0x44/0x508 with crng_init=0
Feb  3 18:34:23 ubuntu kernel: [    0.000000] SLUB: HWalign=64, Order=0-3, MinObjects=0, CPUs=4, Nodes=1
Feb  3 18:34:23 ubuntu kernel: [    0.000000] ftrace: allocating 37266 entries in 73 pages
Feb  3 18:34:23 ubuntu kernel: [    0.000000] rcu: Hierarchical RCU implementation.
Feb  3 18:34:23 ubuntu kernel: [    0.000000] 	Tasks RCU enabled.
Feb  3 18:34:23 ubuntu kernel: [    0.000000] rcu: RCU calculated value of scheduler-enlistment delay is 25 jiffies.
Feb  3 18:34:23 ubuntu kernel: [    0.000000] NR_IRQS: 16, nr_irqs: 16, preallocated irqs: 16
Feb  3 18:34:23 ubuntu kernel: [    0.000000] arch_timer: cp15 timer(s) running at 19.20MHz (phys).
Feb  3 18:34:23 ubuntu kernel: [    0.000000] clocksource: arch_sys_counter: mask: 0xffffffffffffff max_cycles: 0x46d987e47, max_idle_ns: 440795202767 ns
Feb  3 18:34:23 ubuntu kernel: [    0.000007] sched_clock: 56 bits at 19MHz, resolution 52ns, wraps every 4398046511078ns
Feb  3 18:34:23 ubuntu kernel: [    0.000021] Switching to timer-based delay loop, resolution 52ns
Feb  3 18:34:23 ubuntu kernel: [    0.000322] Console: colour dummy device 80x30
Feb  3 18:34:23 ubuntu kernel: [    0.000981] printk: console [tty1] enabled
Feb  3 18:34:23 ubuntu kernel: [    0.001069] Calibrating delay loop (skipped), value calculated using timer frequency.. 38.40 BogoMIPS (lpj=76800)
Feb  3 18:34:23 ubuntu kernel: [    0.001120] pid_max: default: 32768 minimum: 301
Feb  3 18:34:23 ubuntu kernel: [    0.001463] LSM: Security Framework initializing
Feb  3 18:34:23 ubuntu kernel: [    0.001562] Yama: becoming mindful.
Feb  3 18:34:23 ubuntu kernel: [    0.001752] AppArmor: AppArmor initialized
Feb  3 18:34:23 ubuntu kernel: [    0.002026] Mount-cache hash table entries: 2048 (order: 1, 8192 bytes, linear)
Feb  3 18:34:23 ubuntu kernel: [    0.002075] Mountpoint-cache hash table entries: 2048 (order: 1, 8192 bytes, linear)
Feb  3 18:34:23 ubuntu kernel: [    0.003150] *** VALIDATE proc ***
Feb  3 18:34:23 ubuntu kernel: [    0.003731] Disabling memory control group subsystem
Feb  3 18:34:23 ubuntu kernel: [    0.003844] *** VALIDATE cgroup1 ***
Feb  3 18:34:23 ubuntu kernel: [    0.003945] *** VALIDATE cgroup2 ***
Feb  3 18:34:23 ubuntu kernel: [    0.004048] CPU: Testing write buffer coherency: ok
Feb  3 18:34:23 ubuntu kernel: [    0.004699] CPU0: thread -1, cpu 0, socket 0, mpidr 80000000
Feb  3 18:34:23 ubuntu kernel: [    0.005749] Setting up static identity map for 0x200000 - 0x200060
Feb  3 18:34:23 ubuntu kernel: [    0.005997] rcu: Hierarchical SRCU implementation.
Feb  3 18:34:23 ubuntu kernel: [    0.010336] EFI services will not be available.
Feb  3 18:34:23 ubuntu kernel: [    0.011324] smp: Bringing up secondary CPUs ...
Feb  3 18:34:23 ubuntu kernel: [    0.012900] CPU1: thread -1, cpu 1, socket 0, mpidr 80000001
Feb  3 18:34:23 ubuntu kernel: [    0.014903] CPU2: thread -1, cpu 2, socket 0, mpidr 80000002
Feb  3 18:34:23 ubuntu kernel: [    0.016910] CPU3: thread -1, cpu 3, socket 0, mpidr 80000003
Feb  3 18:34:23 ubuntu kernel: [    0.017462] smp: Brought up 1 node, 4 CPUs
Feb  3 18:34:23 ubuntu kernel: [    0.017559] SMP: Total of 4 processors activated (153.60 BogoMIPS).
Feb  3 18:34:23 ubuntu kernel: [    0.017587] CPU: All CPU(s) started in HYP mode.
Feb  3 18:34:23 ubuntu kernel: [    0.017612] CPU: Virtualization extensions available.
Feb  3 18:34:23 ubuntu kernel: [    0.019117] devtmpfs: initialized
Feb  3 18:34:23 ubuntu kernel: [    0.035809] VFP support v0.3: implementor 41 architecture 3 part 40 variant 3 rev 4
Feb  3 18:34:23 ubuntu kernel: [    0.036473] clocksource: jiffies: mask: 0xffffffff max_cycles: 0xffffffff, max_idle_ns: 7645041785100000 ns
Feb  3 18:34:23 ubuntu kernel: [    0.036533] futex hash table entries: 1024 (order: 4, 65536 bytes, linear)
Feb  3 18:34:23 ubuntu kernel: [    0.037536] pinctrl core: initialized pinctrl subsystem
Feb  3 18:34:23 ubuntu kernel: [    0.038355] DMI not present or invalid.
Feb  3 18:34:23 ubuntu kernel: [    0.039260] NET: Registered protocol family 16
Feb  3 18:34:23 ubuntu kernel: [    0.043740] DMA: preallocated 1024 KiB pool for atomic coherent allocations
Feb  3 18:34:23 ubuntu kernel: [    0.048799] audit: initializing netlink subsys (disabled)
Feb  3 18:34:23 ubuntu kernel: [    0.049183] audit: type=2000 audit(0.048:1): state=initialized audit_enabled=0 res=1
Feb  3 18:34:23 ubuntu kernel: [    0.049993] cpuidle: using governor ladder
Feb  3 18:34:23 ubuntu kernel: [    0.050062] cpuidle: using governor menu
Feb  3 18:34:23 ubuntu kernel: [    0.050745] No ATAGs?
Feb  3 18:34:23 ubuntu kernel: [    0.050964] hw-breakpoint: found 5 (+1 reserved) breakpoint and 4 watchpoint registers.
Feb  3 18:34:23 ubuntu kernel: [    0.051016] hw-breakpoint: maximum watchpoint size is 8 bytes.
Feb  3 18:34:23 ubuntu kernel: [    0.051449] Serial: AMBA PL011 UART driver
Feb  3 18:34:23 ubuntu kernel: [    0.056726] bcm2835-mbox 3f00b880.mailbox: mailbox enabled
Feb  3 18:34:23 ubuntu kernel: [    0.128091] bcm2835-dma 3f007000.dma: DMA legacy API manager, dmachans=0x1
Feb  3 18:34:23 ubuntu kernel: [    0.132387] SCSI subsystem initialized
Feb  3 18:34:23 ubuntu kernel: [    0.132758] libata version 3.00 loaded.
Feb  3 18:34:23 ubuntu kernel: [    0.133036] usbcore: registered new interface driver usbfs
Feb  3 18:34:23 ubuntu kernel: [    0.133120] usbcore: registered new interface driver hub
Feb  3 18:34:23 ubuntu kernel: [    0.133319] usbcore: registered new device driver usb
Feb  3 18:34:23 ubuntu kernel: [    0.133779] pps_core: LinuxPPS API ver. 1 registered
Feb  3 18:34:23 ubuntu kernel: [    0.133809] pps_core: Software ver. 5.3.6 - Copyright 2005-2007 Rodolfo Giometti <giometti@linux.it>
Feb  3 18:34:23 ubuntu kernel: [    0.133865] PTP clock support registered
Feb  3 18:34:23 ubuntu kernel: [    0.134284] EDAC MC: Ver: 3.0.0
Feb  3 18:34:23 ubuntu kernel: [    0.139826] raspberrypi-firmware soc:firmware: Attached to firmware from 2019-08-15 12:06, variant start
Feb  3 18:34:23 ubuntu kernel: [    0.143270] raspberrypi-firmware soc:firmware: Firmware hash is 0e6daa5106dd4164474616408e0dc24f997ffcf3
Feb  3 18:34:23 ubuntu kernel: [    0.149069] NetLabel: Initializing
Feb  3 18:34:23 ubuntu kernel: [    0.149100] NetLabel:  domain hash size = 128
Feb  3 18:34:23 ubuntu kernel: [    0.149126] NetLabel:  protocols = UNLABELED CIPSOv4 CALIPSO
Feb  3 18:34:23 ubuntu kernel: [    0.149251] NetLabel:  unlabeled traffic allowed by default
Feb  3 18:34:23 ubuntu kernel: [    0.150459] clocksource: Switched to clocksource arch_sys_counter
Feb  3 18:34:23 ubuntu kernel: [    0.275083] VFS: Disk quotas dquot_6.6.0
Feb  3 18:34:23 ubuntu kernel: [    0.275248] VFS: Dquot-cache hash table entries: 1024 (order 0, 4096 bytes)
Feb  3 18:34:23 ubuntu kernel: [    0.276190] AppArmor: AppArmor Filesystem Enabled
Feb  3 18:34:23 ubuntu kernel: [    0.276549] simple-framebuffer 3e6f8000.framebuffer: framebuffer at 0x3e6f8000, 0x4f1a00 bytes, mapped to 0x(ptrval)
Feb  3 18:34:23 ubuntu kernel: [    0.276599] simple-framebuffer 3e6f8000.framebuffer: format=a8r8g8b8, mode=1440x900x32, linelength=5760
Feb  3 18:34:23 ubuntu kernel: [    0.295424] Console: switching to colour frame buffer device 180x56
Feb  3 18:34:23 ubuntu kernel: [    0.312406] simple-framebuffer 3e6f8000.framebuffer: fb0: simplefb registered!
Feb  3 18:34:23 ubuntu kernel: [    0.325964] thermal_sys: Registered thermal governor 'fair_share'
Feb  3 18:34:23 ubuntu kernel: [    0.325973] thermal_sys: Registered thermal governor 'bang_bang'
Feb  3 18:34:23 ubuntu kernel: [    0.326137] thermal_sys: Registered thermal governor 'step_wise'
Feb  3 18:34:23 ubuntu kernel: [    0.326288] thermal_sys: Registered thermal governor 'user_space'
Feb  3 18:34:23 ubuntu kernel: [    0.326473] thermal_sys: Registered thermal governor 'power_allocator'
Feb  3 18:34:23 ubuntu kernel: [    0.327396] NET: Registered protocol family 2
Feb  3 18:34:23 ubuntu kernel: [    0.328628] tcp_listen_portaddr_hash hash table entries: 512 (order: 0, 6144 bytes, linear)
Feb  3 18:34:23 ubuntu kernel: [    0.328877] TCP established hash table entries: 8192 (order: 3, 32768 bytes, linear)
Feb  3 18:34:23 ubuntu kernel: [    0.329175] TCP bind hash table entries: 8192 (order: 4, 65536 bytes, linear)
Feb  3 18:34:23 ubuntu kernel: [    0.329533] TCP: Hash tables configured (established 8192 bind 8192)
Feb  3 18:34:23 ubuntu kernel: [    0.329870] UDP hash table entries: 512 (order: 2, 16384 bytes, linear)
Feb  3 18:34:23 ubuntu kernel: [    0.330086] UDP-Lite hash table entries: 512 (order: 2, 16384 bytes, linear)
Feb  3 18:34:23 ubuntu kernel: [    0.330790] NET: Registered protocol family 1
Feb  3 18:34:23 ubuntu kernel: [    0.330939] NET: Registered protocol family 44
Feb  3 18:34:23 ubuntu kernel: [    0.331070] PCI: CLS 0 bytes, default 64
Feb  3 18:34:23 ubuntu kernel: [    0.331451] Trying to unpack rootfs image as initramfs...
Feb  3 18:34:23 ubuntu kernel: [    2.139128] Freeing initrd memory: 19796K
Feb  3 18:34:23 ubuntu kernel: [    2.139961] kvm [1]: Error, CPU 0 not supported!
Feb  3 18:34:23 ubuntu kernel: [    2.141022] hw perfevents: enabled with armv7_cortex_a7 PMU driver, 7 counters available
Feb  3 18:34:23 ubuntu kernel: [    2.145817] Initialise system trusted keyrings
Feb  3 18:34:23 ubuntu kernel: [    2.151564] Key type blacklist registered
Feb  3 18:34:23 ubuntu kernel: [    2.157423] workingset: timestamp_bits=14 max_order=18 bucket_order=4
Feb  3 18:34:23 ubuntu kernel: [    2.174793] zbud: loaded
Feb  3 18:34:23 ubuntu kernel: [    2.183347] squashfs: version 4.0 (2009/01/31) Phillip Lougher
Feb  3 18:34:23 ubuntu kernel: [    2.190579] fuse: init (API version 7.31)
Feb  3 18:34:23 ubuntu kernel: [    2.258111] Key type asymmetric registered
Feb  3 18:34:23 ubuntu kernel: [    2.263847] Asymmetric key parser 'x509' registered
Feb  3 18:34:23 ubuntu kernel: [    2.269735] bounce: pool size: 64 pages
Feb  3 18:34:23 ubuntu kernel: [    2.275483] Block layer SCSI generic (bsg) driver version 0.4 loaded (major 243)
Feb  3 18:34:23 ubuntu kernel: [    2.281591] io scheduler mq-deadline registered
Feb  3 18:34:23 ubuntu kernel: [    2.293425] bcm2708_fb soc:fb: FB found 1 display(s)
Feb  3 18:34:23 ubuntu kernel: [    2.313604] bcm2708_fb soc:fb: Registered framebuffer for display 0, size 1440x900
Feb  3 18:34:23 ubuntu kernel: [    2.404853] Serial: 8250/16550 driver, 1 ports, IRQ sharing enabled
Feb  3 18:34:23 ubuntu kernel: [    2.413389] bcm2835-rng 3f104000.rng: hwrng registered
Feb  3 18:34:23 ubuntu kernel: [    2.419945] vc-mem: phys_addr:0x00000000 mem_base=0x3ec00000 mem_size:0x40000000(1024 MiB)
Feb  3 18:34:23 ubuntu kernel: [    2.426654] vc-sm: Videocore shared memory driver
Feb  3 18:34:23 ubuntu kernel: [    2.432964] gpiomem-bcm2835 3f200000.gpiomem: Initialised: Registers at 0x3f200000
Feb  3 18:34:23 ubuntu kernel: [    2.900596] loop: module loaded
Feb  3 18:34:23 ubuntu kernel: [    2.910074] spi-bcm2835 3f204000.spi: could not get clk: -517
Feb  3 18:34:23 ubuntu kernel: [    2.917008] libphy: Fixed MDIO Bus: probed
Feb  3 18:34:23 ubuntu kernel: [    2.923003] tun: Universal TUN/TAP device driver, 1.6
Feb  3 18:34:23 ubuntu kernel: [    2.929174] PPP generic driver version 2.4.2
Feb  3 18:34:23 ubuntu kernel: [    2.935364] usbcore: registered new interface driver lan78xx
Feb  3 18:34:23 ubuntu kernel: [    2.941353] usbcore: registered new interface driver smsc95xx
Feb  3 18:34:23 ubuntu kernel: [    2.947222] ehci_hcd: USB 2.0 'Enhanced' Host Controller (EHCI) Driver
Feb  3 18:34:23 ubuntu kernel: [    2.953055] ehci-pci: EHCI PCI platform driver
Feb  3 18:34:23 ubuntu kernel: [    2.958854] ohci_hcd: USB 1.1 'Open' Host Controller (OHCI) Driver
Feb  3 18:34:23 ubuntu kernel: [    2.964712] ohci-pci: OHCI PCI platform driver
Feb  3 18:34:23 ubuntu kernel: [    2.970409] uhci_hcd: USB Universal Host Controller Interface driver
Feb  3 18:34:23 ubuntu kernel: [    2.976277] dwc_otg: version 3.00a 10-AUG-2012 (platform bus)
Feb  3 18:34:23 ubuntu kernel: [    3.182654] Core Release: 2.80a
Feb  3 18:34:23 ubuntu kernel: [    3.188237] Setting default values for core params
Feb  3 18:34:23 ubuntu kernel: [    3.193913] Finished setting default values for core params
Feb  3 18:34:23 ubuntu kernel: [    3.399996] Using Buffer DMA mode
Feb  3 18:34:23 ubuntu kernel: [    3.405747] Periodic Transfer Interrupt Enhancement - disabled
Feb  3 18:34:23 ubuntu kernel: [    3.411614] Multiprocessor Interrupt Enhancement - disabled
Feb  3 18:34:23 ubuntu kernel: [    3.417445] OTG VER PARAM: 0, OTG VER FLAG: 0
Feb  3 18:34:23 ubuntu kernel: [    3.423217] Dedicated Tx FIFOs mode
Feb  3 18:34:23 ubuntu kernel: [    3.429362] WARN::dwc_otg_hcd_init:1045: FIQ DMA bounce buffers: virt = f095a000 dma = 0x00000000fad14000 len=9024
Feb  3 18:34:23 ubuntu kernel: [    3.435261] FIQ FSM acceleration enabled for :
Feb  3 18:34:23 ubuntu kernel: [    3.435261] Non-periodic Split Transactions
Feb  3 18:34:23 ubuntu kernel: [    3.435261] Periodic Split Transactions
Feb  3 18:34:23 ubuntu kernel: [    3.435261] High-Speed Isochronous Endpoints
Feb  3 18:34:23 ubuntu kernel: [    3.435261] Interrupt/Control Split Transaction hack enabled
Feb  3 18:34:23 ubuntu kernel: [    3.463734] dwc_otg: Microframe scheduler enabled
Feb  3 18:34:23 ubuntu kernel: [    3.463815] WARN::hcd_init_fiq:457: FIQ on core 1
Feb  3 18:34:23 ubuntu kernel: [    3.469531] WARN::hcd_init_fiq:458: FIQ ASM at c094a398 length 36
Feb  3 18:34:23 ubuntu kernel: [    3.475263] WARN::hcd_init_fiq:497: MPHI regs_base at f0810000
Feb  3 18:34:23 ubuntu kernel: [    3.480997] dwc_otg 3f980000.usb: DWC OTG Controller
Feb  3 18:34:23 ubuntu kernel: [    3.486750] dwc_otg 3f980000.usb: new USB bus registered, assigned bus number 1
Feb  3 18:34:23 ubuntu kernel: [    3.492526] dwc_otg 3f980000.usb: irq 56, io mem 0x00000000
Feb  3 18:34:23 ubuntu kernel: [    3.498200] Init: Port Power? op_state=1
Feb  3 18:34:23 ubuntu kernel: [    3.503808] Init: Power Port (0)
Feb  3 18:34:23 ubuntu kernel: [    3.509738] usb usb1: New USB device found, idVendor=1d6b, idProduct=0002, bcdDevice= 5.03
Feb  3 18:34:23 ubuntu kernel: [    3.515430] usb usb1: New USB device strings: Mfr=3, Product=2, SerialNumber=1
Feb  3 18:34:23 ubuntu kernel: [    3.521107] usb usb1: Product: DWC OTG Controller
Feb  3 18:34:23 ubuntu kernel: [    3.526743] usb usb1: Manufacturer: Linux 5.3.0-1017-raspi2 dwc_otg_hcd
Feb  3 18:34:23 ubuntu kernel: [    3.532439] usb usb1: SerialNumber: 3f980000.usb
Feb  3 18:34:23 ubuntu kernel: [    3.539061] hub 1-0:1.0: USB hub found
Feb  3 18:34:23 ubuntu kernel: [    3.544784] hub 1-0:1.0: 1 port detected
Feb  3 18:34:23 ubuntu kernel: [    3.551238] dwc_otg: FIQ enabled
Feb  3 18:34:23 ubuntu kernel: [    3.551248] dwc_otg: NAK holdoff enabled
Feb  3 18:34:23 ubuntu kernel: [    3.551258] dwc_otg: FIQ split-transaction FSM enabled
Feb  3 18:34:23 ubuntu kernel: [    3.551273] Module dwc_common_port init
Feb  3 18:34:23 ubuntu kernel: [    3.551965] mousedev: PS/2 mouse device common for all mice
Feb  3 18:34:23 ubuntu kernel: [    3.558353] i2c /dev entries driver
Feb  3 18:34:23 ubuntu kernel: [    3.567801] bcm2835-wdt bcm2835-wdt: Broadcom BCM2835 watchdog timer
Feb  3 18:34:23 ubuntu kernel: [    3.573711] device-mapper: uevent: version 1.0.3
Feb  3 18:34:23 ubuntu kernel: [    3.579689] device-mapper: ioctl: 4.40.0-ioctl (2019-01-18) initialised: dm-devel@redhat.com
Feb  3 18:34:23 ubuntu kernel: [    3.585566] bcm2835-cpufreq: min=600000 max=1400000
Feb  3 18:34:23 ubuntu kernel: [    3.593966] sdhci: Secure Digital Host Controller Interface driver
Feb  3 18:34:23 ubuntu kernel: [    3.596439] sdhci: Copyright(c) Pierre Ossman
Feb  3 18:34:23 ubuntu kernel: [    3.599165] mmc-bcm2835 3f300000.mmcnr: could not get clk, deferring probe
Feb  3 18:34:23 ubuntu kernel: [    3.601894] sdhost-bcm2835 3f202000.mmc: could not get clk, deferring probe
Feb  3 18:34:23 ubuntu kernel: [    3.604441] sdhci-pltfm: SDHCI platform and OF driver helper
Feb  3 18:34:23 ubuntu kernel: [    3.608379] ledtrig-cpu: registered to indicate activity on CPUs
Feb  3 18:34:23 ubuntu kernel: [    3.610947] hidraw: raw HID events driver (C) Jiri Kosina
Feb  3 18:34:23 ubuntu kernel: [    3.614091] vchiq: vchiq_init_state: slot_zero = (ptrval)
Feb  3 18:34:23 ubuntu kernel: [    3.618008] [vc_sm_connected_init]: start
Feb  3 18:34:23 ubuntu kernel: [    3.628379] [vc_sm_connected_init]: end - returning 0
Feb  3 18:34:23 ubuntu kernel: [    3.632360] NET: Registered protocol family 10
Feb  3 18:34:23 ubuntu kernel: [    3.655608] Segment Routing with IPv6
Feb  3 18:34:23 ubuntu kernel: [    3.658162] NET: Registered protocol family 17
Feb  3 18:34:23 ubuntu kernel: [    3.660850] Key type dns_resolver registered
Feb  3 18:34:23 ubuntu kernel: [    3.663542] Registering SWP/SWPB emulation handler
Feb  3 18:34:23 ubuntu kernel: [    3.666446] registered taskstats version 1
Feb  3 18:34:23 ubuntu kernel: [    3.668866] Loading compiled-in X.509 certificates
Feb  3 18:34:23 ubuntu kernel: [    3.678775] Loaded X.509 cert 'Build time autogenerated kernel key: 10df5f3b3196ddad7adee7efd4e92101a500f0d8'
Feb  3 18:34:23 ubuntu kernel: [    3.681432] zswap: loaded using pool lzo/zbud
Feb  3 18:34:23 ubuntu kernel: [    3.699216] cryptd: max_cpu_qlen set to 1000
Feb  3 18:34:23 ubuntu kernel: [    3.758674] Indeed it is in host mode hprt0 = 00021501
Feb  3 18:34:23 ubuntu kernel: [    3.763166] Key type big_key registered
Feb  3 18:34:23 ubuntu kernel: [    3.789947] Key type encrypted registered
Feb  3 18:34:23 ubuntu kernel: [    3.792434] AppArmor: AppArmor sha1 policy hashing enabled
Feb  3 18:34:23 ubuntu kernel: [    3.794857] ima: No TPM chip found, activating TPM-bypass!
Feb  3 18:34:23 ubuntu kernel: [    3.797232] ima: Allocated hash algorithm: sha1
Feb  3 18:34:23 ubuntu kernel: [    3.799580] No architecture policies found
Feb  3 18:34:23 ubuntu kernel: [    3.801973] evm: Initialising EVM extended attributes:
Feb  3 18:34:23 ubuntu kernel: [    3.804344] evm: security.selinux
Feb  3 18:34:23 ubuntu kernel: [    3.806690] evm: security.SMACK64
Feb  3 18:34:23 ubuntu kernel: [    3.808998] evm: security.SMACK64EXEC
Feb  3 18:34:23 ubuntu kernel: [    3.811295] evm: security.SMACK64TRANSMUTE
Feb  3 18:34:23 ubuntu kernel: [    3.813571] evm: security.SMACK64MMAP
Feb  3 18:34:23 ubuntu kernel: [    3.815796] evm: security.apparmor
Feb  3 18:34:23 ubuntu kernel: [    3.817985] evm: security.ima
Feb  3 18:34:23 ubuntu kernel: [    3.820170] evm: security.capability
Feb  3 18:34:23 ubuntu kernel: [    3.822352] evm: HMAC attrs: 0x1
Feb  3 18:34:23 ubuntu kernel: [    3.829580] uart-pl011 3f201000.serial: cts_event_workaround enabled
Feb  3 18:34:23 ubuntu kernel: [    3.831894] 3f201000.serial: ttyAMA0 at MMIO 0x3f201000 (irq = 81, base_baud = 0) is a PL011 rev2
Feb  3 18:34:23 ubuntu kernel: [    3.836390] printk: console [ttyS0] disabled
Feb  3 18:34:23 ubuntu kernel: [    3.838713] 3f215040.serial: ttyS0 at MMIO 0x0 (irq = 53, base_baud = 31250000) is a 16550
Feb  3 18:34:23 ubuntu kernel: [    3.946466] usb 1-1: new high-speed USB device number 2 using dwc_otg
Feb  3 18:34:23 ubuntu kernel: [    3.947085] printk: console [ttyS0] enabled
Feb  3 18:34:23 ubuntu kernel: [    4.001487] Indeed it is in host mode hprt0 = 00001101
Feb  3 18:34:23 ubuntu kernel: [    4.012466] bcm2835-power bcm2835-power: Broadcom BCM2835 power domains driver
Feb  3 18:34:23 ubuntu kernel: [    4.277765] usb 1-1: New USB device found, idVendor=0424, idProduct=2514, bcdDevice= b.b3
Feb  3 18:34:23 ubuntu kernel: [    4.289980] mmc-bcm2835 3f300000.mmcnr: mmc_debug:0 mmc_debug2:0
Feb  3 18:34:23 ubuntu kernel: [    4.296412] usb 1-1: New USB device strings: Mfr=0, Product=0, SerialNumber=0
Feb  3 18:34:23 ubuntu kernel: [    4.304693] hub 1-1:1.0: USB hub found
Feb  3 18:34:23 ubuntu kernel: [    4.312409] mmc-bcm2835 3f300000.mmcnr: DMA channel allocated
Feb  3 18:34:23 ubuntu kernel: [    4.329084] hub 1-1:1.0: 4 ports detected
Feb  3 18:34:23 ubuntu kernel: [    4.346010] random: fast init done
Feb  3 18:34:23 ubuntu kernel: [    5.803270] sdhost: log_buf @ (ptrval) (fad13000)
Feb  3 18:34:23 ubuntu kernel: [    5.846385] mmc1: queuing unknown CIS tuple 0x80 (2 bytes)
Feb  3 18:34:23 ubuntu kernel: [    5.855769] mmc1: queuing unknown CIS tuple 0x80 (3 bytes)
Feb  3 18:34:23 ubuntu kernel: [    5.865105] mmc1: queuing unknown CIS tuple 0x80 (3 bytes)
Feb  3 18:34:23 ubuntu kernel: [    5.872889] mmc0: sdhost-bcm2835 loaded - DMA enabled (>1)
Feb  3 18:34:23 ubuntu kernel: [    5.881977] hctosys: unable to open rtc device (rtc0)
Feb  3 18:34:23 ubuntu kernel: [    5.889670] of_cfs_init
Feb  3 18:34:23 ubuntu kernel: [    5.894419] of_cfs_init: OK
Feb  3 18:34:23 ubuntu kernel: [    5.903043] mmc1: queuing unknown CIS tuple 0x80 (7 bytes)
Feb  3 18:34:23 ubuntu kernel: [    5.905965] Freeing unused kernel memory: 2048K
Feb  3 18:34:23 ubuntu kernel: [    5.918965] Checked W+X mappings: passed, no W+X pages found
Feb  3 18:34:23 ubuntu kernel: [    5.926908] Run /init as init process
Feb  3 18:34:23 ubuntu kernel: [    5.970372] mmc1: new high speed SDIO card at address 0001
Feb  3 18:34:23 ubuntu kernel: [    5.978575] mmc0: host does not support reading read-only switch, assuming write-enable
Feb  3 18:34:23 ubuntu kernel: [    5.995695] mmc0: new high speed SDHC card at address aaaa
Feb  3 18:34:23 ubuntu kernel: [    6.005091] mmcblk0: mmc0:aaaa SC32G 29.7 GiB
Feb  3 18:34:23 ubuntu kernel: [    6.009439]  mmcblk0: p1 p2
Feb  3 18:34:23 ubuntu kernel: [    6.021426] random: systemd-udevd: uninitialized urandom read (16 bytes read)
Feb  3 18:34:23 ubuntu kernel: [    6.025420] random: udevadm: uninitialized urandom read (16 bytes read)
Feb  3 18:34:23 ubuntu kernel: [    6.031958] random: systemd-udevd: uninitialized urandom read (16 bytes read)
Feb  3 18:34:23 ubuntu kernel: [    6.090477] usb 1-1.1: new high-speed USB device number 3 using dwc_otg
Feb  3 18:34:23 ubuntu kernel: [    6.198844] usb 1-1.1: New USB device found, idVendor=0424, idProduct=2514, bcdDevice= b.b3
Feb  3 18:34:23 ubuntu kernel: [    6.209882] usb 1-1.1: New USB device strings: Mfr=0, Product=0, SerialNumber=0
Feb  3 18:34:23 ubuntu kernel: [    6.221301] hub 1-1.1:1.0: USB hub found
Feb  3 18:34:23 ubuntu kernel: [    6.228128] hub 1-1.1:1.0: 3 ports detected
Feb  3 18:34:23 ubuntu kernel: [    6.587944] dwc_otg_handle_wakeup_detected_intr lxstate = 2
Feb  3 18:34:23 ubuntu kernel: [    6.649784] usb_phy_generic phy: phy supply vcc not found, using dummy regulator
Feb  3 18:34:23 ubuntu kernel: [    7.078598] usb 1-1.1.1: new high-speed USB device number 4 using dwc_otg
Feb  3 18:34:23 ubuntu kernel: [    7.191083] usb 1-1.1.1: New USB device found, idVendor=0424, idProduct=7800, bcdDevice= 3.00
Feb  3 18:34:23 ubuntu kernel: [    7.203141] usb 1-1.1.1: New USB device strings: Mfr=0, Product=0, SerialNumber=0
Feb  3 18:34:23 ubuntu kernel: [    7.491847] lan78xx 1-1.1.1:1.0 (unnamed net_device) (uninitialized): No External EEPROM. Setting MAC Speed
Feb  3 18:34:23 ubuntu kernel: [    7.505514] libphy: lan78xx-mdiobus: probed
Feb  3 18:34:23 ubuntu kernel: [    7.522825] lan78xx 1-1.1.1:1.0 (unnamed net_device) (uninitialized): int urb period 64
Feb  3 18:34:23 ubuntu kernel: [    9.134465] raid6: neonx8   gen()  1474 MB/s
Feb  3 18:34:23 ubuntu kernel: [    9.186462] raid6: neonx8   xor()  1244 MB/s
Feb  3 18:34:23 ubuntu kernel: [    9.238446] raid6: neonx4   gen()  1483 MB/s
Feb  3 18:34:23 ubuntu kernel: [    9.290449] raid6: neonx4   xor()  1298 MB/s
Feb  3 18:34:23 ubuntu kernel: [    9.342452] raid6: neonx2   gen()  1223 MB/s
Feb  3 18:34:23 ubuntu kernel: [    9.394460] raid6: neonx2   xor()  1241 MB/s
Feb  3 18:34:23 ubuntu kernel: [    9.446454] raid6: neonx1   gen()   803 MB/s
Feb  3 18:34:23 ubuntu kernel: [    9.498442] raid6: neonx1   xor()   912 MB/s
Feb  3 18:34:23 ubuntu kernel: [    9.550524] raid6: int32x8  gen()   397 MB/s
Feb  3 18:34:23 ubuntu kernel: [    9.602531] raid6: int32x8  xor()   304 MB/s
Feb  3 18:34:23 ubuntu kernel: [    9.654550] raid6: int32x4  gen()   391 MB/s
Feb  3 18:34:23 ubuntu kernel: [    9.706518] raid6: int32x4  xor()   349 MB/s
Feb  3 18:34:23 ubuntu kernel: [    9.758562] raid6: int32x2  gen()   349 MB/s
Feb  3 18:34:23 ubuntu kernel: [    9.810480] raid6: int32x2  xor()   323 MB/s
Feb  3 18:34:23 ubuntu kernel: [    9.862462] raid6: int32x1  gen()   251 MB/s
Feb  3 18:34:23 ubuntu kernel: [    9.914508] raid6: int32x1  xor()   271 MB/s
Feb  3 18:34:23 ubuntu kernel: [    9.921173] raid6: using algorithm neonx4 gen() 1483 MB/s
Feb  3 18:34:23 ubuntu kernel: [    9.928971] raid6: .... xor() 1298 MB/s, rmw enabled
